###############################################################################
#
# IAR ELF Linker V8.20.1.14183/W32 for ARM                24/Feb/2019  14:28:55
# Copyright 2007-2017 IAR Systems AB.
#
#    Output file  =  
#        G:\liuyuandong\Project\2019\Work\AT_Module\LoRaMac_AT-Module_IAR\Debug\Exe\LoRaMac_AT-Module.out
#    Map file     =  
#        G:\liuyuandong\Project\2019\Work\AT_Module\LoRaMac_AT-Module_IAR\Debug\List\LoRaMac_AT-Module.map
#    Command line =  
#        -f C:\Users\ADMINI~1\AppData\Local\Temp\EW890D.tmp
#        (G:\liuyuandong\Project\2019\Work\AT_Module\LoRaMac_AT-Module_IAR\Debug\Obj\aes.o
#        G:\liuyuandong\Project\2019\Work\AT_Module\LoRaMac_AT-Module_IAR\Debug\Obj\at_parser.o
#        G:\liuyuandong\Project\2019\Work\AT_Module\LoRaMac_AT-Module_IAR\Debug\Obj\board.o
#        G:\liuyuandong\Project\2019\Work\AT_Module\LoRaMac_AT-Module_IAR\Debug\Obj\callback_handler.o
#        G:\liuyuandong\Project\2019\Work\AT_Module\LoRaMac_AT-Module_IAR\Debug\Obj\cmac.o
#        G:\liuyuandong\Project\2019\Work\AT_Module\LoRaMac_AT-Module_IAR\Debug\Obj\command_parse.o
#        G:\liuyuandong\Project\2019\Work\AT_Module\LoRaMac_AT-Module_IAR\Debug\Obj\delay-board.o
#        G:\liuyuandong\Project\2019\Work\AT_Module\LoRaMac_AT-Module_IAR\Debug\Obj\delay.o
#        G:\liuyuandong\Project\2019\Work\AT_Module\LoRaMac_AT-Module_IAR\Debug\Obj\eeprom_internal.o
#        G:\liuyuandong\Project\2019\Work\AT_Module\LoRaMac_AT-Module_IAR\Debug\Obj\fifo.o
#        G:\liuyuandong\Project\2019\Work\AT_Module\LoRaMac_AT-Module_IAR\Debug\Obj\gpio-board.o
#        G:\liuyuandong\Project\2019\Work\AT_Module\LoRaMac_AT-Module_IAR\Debug\Obj\gpio.o
#        G:\liuyuandong\Project\2019\Work\AT_Module\LoRaMac_AT-Module_IAR\Debug\Obj\LoRaMac.o
#        G:\liuyuandong\Project\2019\Work\AT_Module\LoRaMac_AT-Module_IAR\Debug\Obj\LoRaMacCrypto.o
#        G:\liuyuandong\Project\2019\Work\AT_Module\LoRaMac_AT-Module_IAR\Debug\Obj\main.o
#        G:\liuyuandong\Project\2019\Work\AT_Module\LoRaMac_AT-Module_IAR\Debug\Obj\Region.o
#        G:\liuyuandong\Project\2019\Work\AT_Module\LoRaMac_AT-Module_IAR\Debug\Obj\RegionAS923.o
#        G:\liuyuandong\Project\2019\Work\AT_Module\LoRaMac_AT-Module_IAR\Debug\Obj\RegionAU915.o
#        G:\liuyuandong\Project\2019\Work\AT_Module\LoRaMac_AT-Module_IAR\Debug\Obj\RegionCN470.o
#        G:\liuyuandong\Project\2019\Work\AT_Module\LoRaMac_AT-Module_IAR\Debug\Obj\RegionCN779.o
#        G:\liuyuandong\Project\2019\Work\AT_Module\LoRaMac_AT-Module_IAR\Debug\Obj\RegionCommon.o
#        G:\liuyuandong\Project\2019\Work\AT_Module\LoRaMac_AT-Module_IAR\Debug\Obj\RegionEU433.o
#        G:\liuyuandong\Project\2019\Work\AT_Module\LoRaMac_AT-Module_IAR\Debug\Obj\RegionEU868.o
#        G:\liuyuandong\Project\2019\Work\AT_Module\LoRaMac_AT-Module_IAR\Debug\Obj\RegionIN865.o
#        G:\liuyuandong\Project\2019\Work\AT_Module\LoRaMac_AT-Module_IAR\Debug\Obj\RegionKR920.o
#        G:\liuyuandong\Project\2019\Work\AT_Module\LoRaMac_AT-Module_IAR\Debug\Obj\RegionUS915-Hybrid.o
#        G:\liuyuandong\Project\2019\Work\AT_Module\LoRaMac_AT-Module_IAR\Debug\Obj\RegionUS915.o
#        G:\liuyuandong\Project\2019\Work\AT_Module\LoRaMac_AT-Module_IAR\Debug\Obj\rtc-board.o
#        G:\liuyuandong\Project\2019\Work\AT_Module\LoRaMac_AT-Module_IAR\Debug\Obj\spi-board.o
#        G:\liuyuandong\Project\2019\Work\AT_Module\LoRaMac_AT-Module_IAR\Debug\Obj\startup_stm32l1xx_md.o
#        G:\liuyuandong\Project\2019\Work\AT_Module\LoRaMac_AT-Module_IAR\Debug\Obj\stm32l1xx_hal.o
#        G:\liuyuandong\Project\2019\Work\AT_Module\LoRaMac_AT-Module_IAR\Debug\Obj\stm32l1xx_hal_cortex.o
#        G:\liuyuandong\Project\2019\Work\AT_Module\LoRaMac_AT-Module_IAR\Debug\Obj\stm32l1xx_hal_flash.o
#        G:\liuyuandong\Project\2019\Work\AT_Module\LoRaMac_AT-Module_IAR\Debug\Obj\stm32l1xx_hal_gpio.o
#        G:\liuyuandong\Project\2019\Work\AT_Module\LoRaMac_AT-Module_IAR\Debug\Obj\stm32l1xx_hal_i2c.o
#        G:\liuyuandong\Project\2019\Work\AT_Module\LoRaMac_AT-Module_IAR\Debug\Obj\stm32l1xx_hal_pcd.o
#        G:\liuyuandong\Project\2019\Work\AT_Module\LoRaMac_AT-Module_IAR\Debug\Obj\stm32l1xx_hal_pwr.o
#        G:\liuyuandong\Project\2019\Work\AT_Module\LoRaMac_AT-Module_IAR\Debug\Obj\stm32l1xx_hal_pwr_ex.o
#        G:\liuyuandong\Project\2019\Work\AT_Module\LoRaMac_AT-Module_IAR\Debug\Obj\stm32l1xx_hal_rcc.o
#        G:\liuyuandong\Project\2019\Work\AT_Module\LoRaMac_AT-Module_IAR\Debug\Obj\stm32l1xx_hal_rcc_ex.o
#        G:\liuyuandong\Project\2019\Work\AT_Module\LoRaMac_AT-Module_IAR\Debug\Obj\stm32l1xx_hal_rtc.o
#        G:\liuyuandong\Project\2019\Work\AT_Module\LoRaMac_AT-Module_IAR\Debug\Obj\stm32l1xx_hal_rtc_ex.o
#        G:\liuyuandong\Project\2019\Work\AT_Module\LoRaMac_AT-Module_IAR\Debug\Obj\stm32l1xx_hal_spi.o
#        G:\liuyuandong\Project\2019\Work\AT_Module\LoRaMac_AT-Module_IAR\Debug\Obj\stm32l1xx_hal_tim.o
#        G:\liuyuandong\Project\2019\Work\AT_Module\LoRaMac_AT-Module_IAR\Debug\Obj\stm32l1xx_hal_uart.o
#        G:\liuyuandong\Project\2019\Work\AT_Module\LoRaMac_AT-Module_IAR\Debug\Obj\stm32l1xx_hal_usart.o
#        G:\liuyuandong\Project\2019\Work\AT_Module\LoRaMac_AT-Module_IAR\Debug\Obj\sx1276-board.o
#        G:\liuyuandong\Project\2019\Work\AT_Module\LoRaMac_AT-Module_IAR\Debug\Obj\sx1276.o
#        G:\liuyuandong\Project\2019\Work\AT_Module\LoRaMac_AT-Module_IAR\Debug\Obj\sysIrqHandlers.o
#        G:\liuyuandong\Project\2019\Work\AT_Module\LoRaMac_AT-Module_IAR\Debug\Obj\system_stm32l1xx.o
#        G:\liuyuandong\Project\2019\Work\AT_Module\LoRaMac_AT-Module_IAR\Debug\Obj\timer.o
#        G:\liuyuandong\Project\2019\Work\AT_Module\LoRaMac_AT-Module_IAR\Debug\Obj\uart-board.o
#        G:\liuyuandong\Project\2019\Work\AT_Module\LoRaMac_AT-Module_IAR\Debug\Obj\uart-usb-board.o
#        G:\liuyuandong\Project\2019\Work\AT_Module\LoRaMac_AT-Module_IAR\Debug\Obj\uart.o
#        G:\liuyuandong\Project\2019\Work\AT_Module\LoRaMac_AT-Module_IAR\Debug\Obj\usbd_cdc.o
#        G:\liuyuandong\Project\2019\Work\AT_Module\LoRaMac_AT-Module_IAR\Debug\Obj\usbd_cdc_if.o
#        G:\liuyuandong\Project\2019\Work\AT_Module\LoRaMac_AT-Module_IAR\Debug\Obj\usbd_conf.o
#        G:\liuyuandong\Project\2019\Work\AT_Module\LoRaMac_AT-Module_IAR\Debug\Obj\usbd_core.o
#        G:\liuyuandong\Project\2019\Work\AT_Module\LoRaMac_AT-Module_IAR\Debug\Obj\usbd_ctlreq.o
#        G:\liuyuandong\Project\2019\Work\AT_Module\LoRaMac_AT-Module_IAR\Debug\Obj\usbd_desc.o
#        G:\liuyuandong\Project\2019\Work\AT_Module\LoRaMac_AT-Module_IAR\Debug\Obj\usbd_ioreq.o
#        G:\liuyuandong\Project\2019\Work\AT_Module\LoRaMac_AT-Module_IAR\Debug\Obj\utilities.o
#        -o
#        G:\liuyuandong\Project\2019\Work\AT_Module\LoRaMac_AT-Module_IAR\Debug\Exe\LoRaMac_AT-Module.out
#        --map
#        G:\liuyuandong\Project\2019\Work\AT_Module\LoRaMac_AT-Module_IAR\Debug\List\LoRaMac_AT-Module.map
#        --config "C:\Program Files (x86)\IAR Systems\Embedded Workbench
#        8.0\arm\config\linker\ST\stm32l151xB.icf" --semihosting --entry
#        __iar_program_start --vfe --text_out locale)
#
###############################################################################

*******************************************************************************
*** RUNTIME MODEL ATTRIBUTES
***

CppFlavor       = *
__SystemLibrary = DLib
__dlib_version  = 6


*******************************************************************************
*** HEAP SELECTION
***

The basic heap was selected because no calls to memory allocation
functions were found in the application outside of system library
functions, and there are calls to deallocation functions in the
application.


*******************************************************************************
*** PLACEMENT SUMMARY
***

"A0":  place at 0x08000000 { ro section .intvec };
"P1":  place in [from 0x08000000 to 0x0801ffff] { ro };
define block CSTACK with size = 2K, alignment = 8 { };
define block HEAP with size = 2K, alignment = 8 { };
"P2":  place in [from 0x20000000 to 0x20003fff] {
          rw, block CSTACK, block HEAP };
initialize by copy { rw };

No sections matched the following patterns:

  section .eeprom  in "P3"


  Section            Kind        Address    Size  Object
  -------            ----        -------    ----  ------
"A0":                                       0xf4
  .intvec            ro code  0x08000000    0xf4  startup_stm32l1xx_md.o [1]
                            - 0x080000f4    0xf4

"P1":                                     0x80eb
  .text              ro code  0x080000f4  0x1570  callback_handler.o [1]
  .text              ro code  0x08001664   0x34a  board.o [1]
  .text              ro code  0x080019ae    0x7a  lz77_init_single.o [5]
  .text              ro code  0x08001a28   0x11c  eeprom_internal.o [1]
  .text              ro code  0x08001b44    0x48  utilities.o [1]
  .text              ro code  0x08001b8c     0x6  ABImemclr4.o [5]
  .text              ro code  0x08001b92    0x1e  xsscin.o [3]
  .text              ro code  0x08001bb0   0x344  at_parser.o [1]
  .text              ro code  0x08001ef4   0x264  command_parse.o [1]
  .text              ro code  0x08002158    0x44  snprintf.o [3]
  .text              ro code  0x0800219c    0x3a  ABImemset48.o [5]
  .text              ro code  0x080021d6    0x1a  xsnprout.o [3]
  .text              ro code  0x080021f0    0x36  strlen.o [5]
  .text              ro code  0x08002226    0x3e  strncasecmp.o [3]
  .text              ro code  0x08002264    0x28  sscanf.o [3]
  .text              ro code  0x0800228c    0x7e  fifo.o [1]
  .text              ro code  0x0800230a    0x3c  uart.o [1]
  .text              ro code  0x08002346     0xa  sysIrqHandlers.o [1]
  .text              ro code  0x08002350    0x42  stm32l1xx_hal.o [1]
  .text              ro code  0x08002394   0x634  rtc-board.o [1]
  .text              ro code  0x080029c8   0x2fc  spi-board.o [1]
  .text              ro code  0x08002cc4    0x64  sx1276-board.o [1]
  .text              ro code  0x08002d28    0x14  gpio.o [1]
  .text              ro code  0x08002d3c   0x714  stm32l1xx_hal_rcc.o [1]
  .text              ro code  0x08003450   0x10c  stm32l1xx_hal_rcc_ex.o [1]
  .text              ro code  0x0800355c   0x10e  stm32l1xx_hal_cortex.o [1]
  .text              ro code  0x0800366c   0x260  timer.o [1]
  .text              ro code  0x080038cc    0x10  stm32l1xx_hal.o [1]
  .text              ro code  0x080038dc   0x11c  stm32l1xx_hal_flash.o [1]
  .text              ro code  0x080039f8    0x66  ABImemset.o [5]
  .text              ro code  0x08003a60    0x70  strncpy.o [5]
  .text              ro code  0x08003ad0    0x28  strncat.o [3]
  .text              ro code  0x08003af8    0x16  strchr.o [5]
  .text              ro code  0x08003b10   0x4c0  xprintfsmall_nomb.o [3]
  .text              ro code  0x08003fd0    0x14  tolower.o [3]
  .text              ro code  0x08003fe4   0x5b4  xscanfsmall_nomb.o [3]
  .text              ro code  0x08004598   0x330  uart-board.o [1]
  .text              ro code  0x080048c8    0x28  stm32l1xx_hal.o [1]
  .text              ro code  0x080048f0   0x3f8  stm32l1xx_hal_rtc.o [1]
  .text              ro code  0x08004ce8    0x44  stm32l1xx_hal_pwr.o [1]
  .text              ro code  0x08004d2c    0x28  stm32l1xx_hal_pwr_ex.o [1]
  .text              ro code  0x08004d54   0x2fc  stm32l1xx_hal_rtc_ex.o [1]
  .text              ro code  0x08005050    0x1a  U32ToDbl.o [4]
  .text              ro code  0x0800506c   0x1a2  DblMul.o [4]
  .text              ro code  0x08005210    0x56  ceil.o [4]
  .text              ro code  0x08005268    0x28  DblToU32.o [4]
  .text              ro code  0x08005290    0x86  ABImemcpy.o [5]
  .text              ro code  0x08005318    0x52  round.o [4]
  .text              ro code  0x0800536c    0x22  S32ToDbl.o [4]
  .text              ro code  0x08005390    0xe2  DblSub.o [4]
  .text              ro code  0x08005474   0x178  DblAdd.o [4]
  .text              ro code  0x080055ec    0x3a  DblToS32.o [4]
  .text              ro code  0x08005628    0x2e  DblCmpGe.o [4]
  .text              ro code  0x08005656     0x4  stm32l1xx_hal_spi.o [1]
  .text              ro code  0x0800565c    0x2a  stm32l1xx_hal_spi.o [1]
  .text              ro code  0x08005688   0x238  gpio-board.o [1]
  .text              ro code  0x080058c0     0xc  stm32l1xx_hal.o [1]
  .text              ro code  0x080058cc    0x44  xfail_s.o [3]
  .text              ro code  0x08005910    0x58  memchr.o [5]
  .text              ro code  0x08005968    0x34  xlocale_c.o [3]
  .text              ro code  0x0800599c    0x14  isspace.o [3]
  .text              ro code  0x080059b0    0x86  iar_Stolx.o [3]
  .text              ro code  0x08005a38   0x174  iar_Stoulx.o [3]
  .text              ro code  0x08005bac   0x5ca  stm32l1xx_hal_uart.o [1]
  .text              ro code  0x08006176     0x2  stm32l1xx_hal_rtc.o [1]
  .text              ro code  0x08006178     0x2  stm32l1xx_hal_rtc.o [1]
  .text              ro code  0x0800617a     0x2  stm32l1xx_hal_rtc_ex.o [1]
  .text              ro code  0x0800617c     0x2  stm32l1xx_hal_spi.o [1]
  .text              ro code  0x08006180   0x1c8  stm32l1xx_hal_gpio.o [1]
  .text              ro code  0x08006348     0x6  abort.o [3]
  .text              ro code  0x08006350    0x14  exit.o [6]
  .text              ro code  0x08006364   0xc7a  stm32l1xx_hal_pcd.o [1]
  .text              ro code  0x08006fe0    0xfc  usbd_conf.o [1]
  .text              ro code  0x080070dc   0x214  usbd_core.o [1]
  .text              ro code  0x080072f0   0x474  usbd_ctlreq.o [1]
  .text              ro code  0x08007764    0x66  usbd_ioreq.o [1]
  .text              ro code  0x080077cc   0x580  sx1276.o [1]
  .rodata            const    0x08007d4c    0xb4  command_parse.o [1]
  .text              ro code  0x08007e00    0x64  system_stm32l1xx.o [1]
  .text              ro code  0x08007e64    0x60  main.o [1]
  .text              ro code  0x08007ec4    0x40  zero_init3.o [5]
  .text              ro code  0x08007f04    0x28  data_init.o [5]
  .iar.init_table    const    0x08007f2c    0x20  - Linker created -
  .text              ro code  0x08007f4c    0x1e  cmain.o [5]
  .text              ro code  0x08007f6a     0x4  low_level_init.o [3]
  .text              ro code  0x08007f6e     0x4  exit.o [3]
  .text              ro code  0x08007f74     0xa  cexit.o [5]
  .text              ro code  0x08007f80    0x10  startup_stm32l1xx_md.o [1]
  .text              ro code  0x08007f90     0xc  uart-usb-board.o [1]
  .text              ro code  0x08007f9c     0xc  cstartup_M.o [5]
  .rodata            const    0x08007fa8     0x8  system_stm32l1xx.o [1]
  .text              ro code  0x08007fb0     0x4  startup_stm32l1xx_md.o [1]
  .text              ro code  0x08007fb4     0x4  startup_stm32l1xx_md.o [1]
  .text              ro code  0x08007fb8     0x4  startup_stm32l1xx_md.o [1]
  .text              ro code  0x08007fbc     0x4  startup_stm32l1xx_md.o [1]
  .text              ro code  0x08007fc0     0x4  startup_stm32l1xx_md.o [1]
  .text              ro code  0x08007fc4     0x4  startup_stm32l1xx_md.o [1]
  .text              ro code  0x08007fc8     0x4  startup_stm32l1xx_md.o [1]
  .text              ro code  0x08007fcc     0x4  startup_stm32l1xx_md.o [1]
  .text              ro code  0x08007fd0     0x4  startup_stm32l1xx_md.o [1]
  .text              ro code  0x08007fd4     0x4  startup_stm32l1xx_md.o [1]
  .text              ro code  0x08007fd8     0x4  startup_stm32l1xx_md.o [1]
  .text              ro code  0x08007fdc     0x4  startup_stm32l1xx_md.o [1]
  .text              ro code  0x08007fe0     0x4  startup_stm32l1xx_md.o [1]
  .text              ro code  0x08007fe4     0x4  startup_stm32l1xx_md.o [1]
  .text              ro code  0x08007fe8     0x4  startup_stm32l1xx_md.o [1]
  .text              ro code  0x08007fec     0x4  startup_stm32l1xx_md.o [1]
  .text              ro code  0x08007ff0     0x4  startup_stm32l1xx_md.o [1]
  .text              ro code  0x08007ff4     0x4  startup_stm32l1xx_md.o [1]
  .text              ro code  0x08007ff8     0x4  startup_stm32l1xx_md.o [1]
  .text              ro code  0x08007ffc     0x4  startup_stm32l1xx_md.o [1]
  .text              ro code  0x08008000     0x4  startup_stm32l1xx_md.o [1]
  .text              ro code  0x08008004     0x4  startup_stm32l1xx_md.o [1]
  .text              ro code  0x08008008     0x4  startup_stm32l1xx_md.o [1]
  .text              ro code  0x0800800c     0x4  startup_stm32l1xx_md.o [1]
  .text              ro code  0x08008010     0x4  startup_stm32l1xx_md.o [1]
  .text              ro code  0x08008014     0x4  startup_stm32l1xx_md.o [1]
  .text              ro code  0x08008018     0x4  startup_stm32l1xx_md.o [1]
  .text              ro code  0x0800801c     0x4  startup_stm32l1xx_md.o [1]
  .text              ro code  0x08008020     0x4  startup_stm32l1xx_md.o [1]
  .text              ro code  0x08008024     0x4  startup_stm32l1xx_md.o [1]
  .text              ro code  0x08008028     0x4  startup_stm32l1xx_md.o [1]
  .text              ro code  0x0800802c     0x4  startup_stm32l1xx_md.o [1]
  .text              ro code  0x08008030     0x4  startup_stm32l1xx_md.o [1]
  .text              ro code  0x08008034     0x4  startup_stm32l1xx_md.o [1]
  .text              ro code  0x08008038     0x4  startup_stm32l1xx_md.o [1]
  .text              ro code  0x0800803c     0x4  startup_stm32l1xx_md.o [1]
  .text              ro code  0x08008040     0x4  startup_stm32l1xx_md.o [1]
  .text              ro code  0x08008044     0x4  startup_stm32l1xx_md.o [1]
  .rodata            const    0x08008048     0x2  xlocale_c.o [3]
  .rodata            const    0x0800804a     0x0  zero_init3.o [5]
  .rodata            const    0x0800804a     0x0  lz77_init_single.o [5]
  Initializer bytes  const    0x0800804a   0x195  <for P2-1>
                            - 0x080081df  0x80eb

"P2", part 1 of 3:                         0x6c1
  P2-1                        0x20000000   0x6c1  <Init block>
    .data            inited   0x20000000    0x44  at_parser.o [1]
    .data            inited   0x20000044    0x98  callback_handler.o [1]
    .data            inited   0x200000dc    0x30  callback_handler.o [1]
    .data            inited   0x2000010c     0x4  callback_handler.o [1]
    .data            inited   0x20000110   0x320  command_parse.o [1]
    .data            inited   0x20000430   0x240  sx1276.o [1]
    .data            inited   0x20000670     0x4  system_stm32l1xx.o [1]
    .data            inited   0x20000674     0x4  utilities.o [1]
    .data            inited   0x20000678    0x48  xlocale_c.o [3]
    .data            inited   0x200006c0     0x1  callback_handler.o [1]
                            - 0x200006c1   0x6c1

"P2", part 2 of 3:                         0x634
  .bss               zero     0x200006c4   0x238  board.o [1]
  .bss               zero     0x200008fc   0x220  usbd_conf.o [1]
  .bss               zero     0x20000b1c    0xb0  spi-board.o [1]
  .bss               zero     0x20000bcc    0x48  rtc-board.o [1]
  .bss               zero     0x20000c14    0x40  gpio-board.o [1]
  .bss               zero     0x20000c54    0x40  uart-board.o [1]
  .bss               zero     0x20000c94    0x18  board.o [1]
  .bss               zero     0x20000cac    0x18  board.o [1]
  .bss               zero     0x20000cc4    0x18  stm32l1xx_hal_flash.o [1]
  .bss               zero     0x20000cdc     0x8  timer.o [1]
  .bss               zero     0x20000ce4     0x4  stm32l1xx_hal.o [1]
  .bss               zero     0x20000ce8     0x4  sx1276.o [1]
  .bss               zero     0x20000cec     0x4  xfail_s.o [3]
  .bss               zero     0x20000cf0     0x1  board.o [1]
  .bss               zero     0x20000cf1     0x1  board.o [1]
  .bss               zero     0x20000cf2     0x1  command_parse.o [1]
  .bss               zero     0x20000cf3     0x1  main.o [1]
  .bss               zero     0x20000cf4     0x1  uart-board.o [1]
  .bss               zero     0x20000cf5     0x1  uart-board.o [1]
  .bss               zero     0x20000cf6     0x1  usbd_ctlreq.o [1]
                            - 0x20000cf7   0x633

"P2", part 3 of 3:                         0x800
  CSTACK                      0x20000cf8   0x800  <Block>
    CSTACK           uninit   0x20000cf8   0x800  <Block tail>
                            - 0x200014f8   0x800


*******************************************************************************
*** INIT TABLE
***

          Address     Size
          -------     ----
Zero (__iar_zero_init3)
    1 destination range, total size 0x633:
          0x200006c4  0x633

Copy/lz77 (__iar_lz77_init_single3)
    1 source range, total size 0x195 (23% of destination):
          0x0800804a  0x195
    1 destination range, total size 0x6c1:
          0x20000000  0x6c1



*******************************************************************************
*** MODULE SUMMARY
***

    Module                  ro code  ro data  rw data
    ------                  -------  -------  -------
G:\liuyuandong\Project\2019\Work\AT_Module\LoRaMac_AT-Module_IAR\Debug\Obj: [1]
    at_parser.o                 836       15       68
    board.o                     842               618
    callback_handler.o        5 488       49      205
    command_parse.o             612      368      801
    eeprom_internal.o           284
    fifo.o                      126
    gpio-board.o                568                64
    gpio.o                       20
    main.o                       96                 1
    rtc-board.o               1 588                72
    spi-board.o                 764               176
    startup_stm32l1xx_md.o      412
    stm32l1xx_hal.o             134                 4
    stm32l1xx_hal_cortex.o      270
    stm32l1xx_hal_flash.o       284                24
    stm32l1xx_hal_gpio.o        456
    stm32l1xx_hal_pcd.o       3 194
    stm32l1xx_hal_pwr.o          68
    stm32l1xx_hal_pwr_ex.o       40
    stm32l1xx_hal_rcc.o       1 812
    stm32l1xx_hal_rcc_ex.o      268
    stm32l1xx_hal_rtc.o       1 020
    stm32l1xx_hal_rtc_ex.o      766
    stm32l1xx_hal_spi.o          48
    stm32l1xx_hal_uart.o      1 482
    sx1276-board.o              100
    sx1276.o                  1 408      135      580
    sysIrqHandlers.o             10
    system_stm32l1xx.o          100        8        4
    timer.o                     608                 8
    uart-board.o                816                66
    uart-usb-board.o             12
    uart.o                       60
    usbd_conf.o                 252               544
    usbd_core.o                 532
    usbd_ctlreq.o             1 140                 1
    usbd_ioreq.o                102
    utilities.o                  72        1        4
    -------------------------------------------------
    Total:                   26 690      576    3 240

command line: [2]
    -------------------------------------------------
    Total:

dl7M_tlf.a: [3]
    abort.o                       6
    exit.o                        4
    iar_Stolx.o                 134
    iar_Stoulx.o                372
    isspace.o                    20
    low_level_init.o              4
    snprintf.o                   68
    sscanf.o                     40
    strncasecmp.o                62
    strncat.o                    40
    tolower.o                    20
    xfail_s.o                    68                 4
    xlocale_c.o                  52       19       72
    xprintfsmall_nomb.o       1 216
    xscanfsmall_nomb.o        1 460
    xsnprout.o                   26
    xsscin.o                     30
    -------------------------------------------------
    Total:                    3 622       19       76

m7M_tl.a: [4]
    DblAdd.o                    376
    DblCmpGe.o                   46
    DblMul.o                    418
    DblSub.o                    226
    DblToS32.o                   58
    DblToU32.o                   40
    S32ToDbl.o                   34
    U32ToDbl.o                   26
    ceil.o                       86
    round.o                      82
    -------------------------------------------------
    Total:                    1 392

rt7M_tl.a: [5]
    ABImemclr4.o                  6
    ABImemcpy.o                 134
    ABImemset.o                 102
    ABImemset48.o                58
    cexit.o                      10
    cmain.o                      30
    cstartup_M.o                 12
    data_init.o                  40
    lz77_init_single.o          122
    memchr.o                     88
    strchr.o                     22
    strlen.o                     54
    strncpy.o                   112
    zero_init3.o                 64
    -------------------------------------------------
    Total:                      854

shb_l.a: [6]
    exit.o                       20
    -------------------------------------------------
    Total:                       20

    Gaps                         42
    Linker created                        32    2 048
-----------------------------------------------------
    Grand Total:             32 620      627    5 364


*******************************************************************************
*** ENTRY LIST
***

Entry                      Address   Size  Type      Object
-----                      -------   ----  ----      ------
.iar.init_table$$Base   0x08007f2c          --   Gb  - Linker created -
.iar.init_table$$Limit  0x08007f4c          --   Gb  - Linker created -
?main                   0x08007f4d         Code  Gb  cmain.o [5]
AHBPrescTable           0x08007e54   0x10  Data  Gb  system_stm32l1xx.o [1]
APBPrescTable           0x08007fa8    0x8  Data  Gb  system_stm32l1xx.o [1]
ATRunning               0x20000cf2    0x1  Data  Gb  command_parse.o [1]
AT_checkCRLF            0x08002073   0x24  Code  Lc  command_parse.o [1]
AT_cmdInit              0x08001f97   0x34  Code  Gb  command_parse.o [1]
AT_cmdParse             0x08001e75   0x22  Code  Gb  at_parser.o [1]
AT_getParam             0x08002043   0x30  Code  Gb  command_parse.o [1]
AT_getRespID            0x08001e97   0x50  Code  Gb  at_parser.o [1]
AT_initParser           0x08001e23   0x52  Code  Gb  at_parser.o [1]
AT_respErrcode          0x08001f4b   0x4c  Code  Gb  command_parse.o [1]
AT_respString           0x08001f0d   0x30  Code  Gb  command_parse.o [1]
AT_respStringWithoutID  0x08001f3d    0xe  Code  Gb  command_parse.o [1]
AT_saveHandler          0x08001dbd   0x66  Code  Gb  at_parser.o [1]
AT_strDeleteTargetChar  0x08001fcb   0x3c  Code  Gb  command_parse.o [1]
AT_strQuotation         0x08002007   0x38  Code  Gb  command_parse.o [1]
AT_strTrim              0x0800203f    0x4  Code  Lc  command_parse.o [1]
AT_uartSend             0x08001ef5   0x18  Code  Lc  command_parse.o [1]
Addr                    0x20000058    0x4  Data  Lc  callback_handler.o [1]
AdrStatus               0x200006c0    0x1  Data  Lc  callback_handler.o [1]
AppEui                  0x2000004c    0x8  Data  Lc  callback_handler.o [1]
AppKey                  0x200000dc   0x10  Data  Lc  callback_handler.o [1]
AppSKey                 0x200000ec   0x10  Data  Lc  callback_handler.o [1]
BlockLowPowerDuringTask
                        0x08002473   0x14  Code  Gb  rtc-board.o [1]
BoardDeInitMcu          0x0800174d   0x62  Code  Gb  board.o [1]
BoardDisableIrq         0x08001687    0xc  Code  Gb  board.o [1]
BoardEnableIrq          0x08001693   0x12  Code  Gb  board.o [1]
BoardGetRandomSeed      0x080017af    0xe  Code  Gb  board.o [1]
BoardGetUniqueId        0x080017bd   0x40  Code  Gb  board.o [1]
BoardInitMcu            0x080016ed   0x54  Code  Gb  board.o [1]
BoardInitPeriph         0x080016a5   0x48  Code  Gb  board.o [1]
BoardResetMcu           0x08001741    0xc  Code  Gb  board.o [1]
BoardUnusedIoInit       0x080017fd   0x40  Code  Lc  board.o [1]
BusFault_Handler        0x0800234b    0x2  Code  Gb  sysIrqHandlers.o [1]
CHECK_AT_BUSY           0x080020a5    0x6  Code  Gb  command_parse.o [1]
CSTACK$$Base            0x20000cf8          --   Gb  - Linker created -
CSTACK$$Limit           0x200014f8          --   Gb  - Linker created -
CalendarRollOverReady   0x20000be0    0x1  Data  Lc  rtc-board.o [1]
CalibrateSystemWakeupTime
                        0x080018d9   0x30  Code  Lc  board.o [1]
CalibrateSystemWakeupTimeTimer
                        0x20000cb0   0x14  Data  Lc  board.o [1]
Century                 0x20000be6    0x2  Data  Lc  rtc-board.o [1]
DaysInMonth             0x080029b0    0xc  Data  Lc  rtc-board.o [1]
DaysInMonthLeapYear     0x080029bc    0xc  Data  Lc  rtc-board.o [1]
DebugMon_Handler        0x0800234f    0x2  Code  Gb  sysIrqHandlers.o [1]
DevAddr                 0x20000054    0x1  Data  Lc  callback_handler.o [1]
DevEui                  0x20000044    0x8  Data  Lc  callback_handler.o [1]
DeviceState             0x20000cf3    0x1  Data  Lc  main.o [1]
DioIrq                  0x2000061c   0x18  Data  Gb  sx1276.o [1]
EXTI0_IRQHandler        0x080057c5   0x10  Code  Gb  gpio-board.o [1]
EXTI15_10_IRQHandler    0x08005841   0x3a  Code  Gb  gpio-board.o [1]
EXTI1_IRQHandler        0x080057d5   0x10  Code  Gb  gpio-board.o [1]
EXTI2_IRQHandler        0x080057e5   0x10  Code  Gb  gpio-board.o [1]
EXTI3_IRQHandler        0x080057f5   0x10  Code  Gb  gpio-board.o [1]
EXTI4_IRQHandler        0x08005805   0x10  Code  Gb  gpio-board.o [1]
EXTI9_5_IRQHandler      0x08005815   0x2c  Code  Gb  gpio-board.o [1]
FLASH_SetErrorCode      0x08003999   0x44  Code  Lc  stm32l1xx_hal_flash.o [1]
FLASH_WaitForLastOperation
                        0x08003947   0x52  Code  Gb  stm32l1xx_hal_flash.o [1]
FifoFlush               0x080022db    0x8  Code  Gb  fifo.o [1]
FifoInit                0x0800229f    0xc  Code  Gb  fifo.o [1]
FifoNext                0x0800228d   0x12  Code  Lc  fifo.o [1]
FifoPop                 0x080022bf   0x1c  Code  Gb  fifo.o [1]
FifoPush                0x080022ab   0x14  Code  Gb  fifo.o [1]
GetBoardPowerSource     0x080019ab    0x4  Code  Gb  board.o [1]
GpioInit                0x08002d29   0x10  Code  Gb  gpio.o [1]
GpioIrq                 0x20000c14   0x40  Data  Lc  gpio-board.o [1]
GpioMcuInit             0x08005689  0x11e  Code  Gb  gpio-board.o [1]
GpioMcuWrite            0x080057a9   0x1c  Code  Gb  gpio-board.o [1]
GpioWrite               0x08002d39    0x4  Code  Gb  gpio.o [1]
HAL_DBGMCU_EnableDBGSleepMode
                        0x08002367    0xc  Code  Gb  stm32l1xx_hal.o [1]
HAL_DBGMCU_EnableDBGStandbyMode
                        0x0800237f    0xc  Code  Gb  stm32l1xx_hal.o [1]
HAL_DBGMCU_EnableDBGStopMode
                        0x08002373    0xc  Code  Gb  stm32l1xx_hal.o [1]
HAL_FLASH_Lock          0x08003939    0xe  Code  Gb  stm32l1xx_hal_flash.o [1]
HAL_FLASH_Program       0x080038dd   0x36  Code  Gb  stm32l1xx_hal_flash.o [1]
HAL_FLASH_Unlock        0x08003913   0x26  Code  Gb  stm32l1xx_hal_flash.o [1]
HAL_GPIO_EXTI_Callback  0x0800587b   0x26  Code  Gb  gpio-board.o [1]
HAL_GPIO_EXTI_IRQHandler
                        0x08006311   0x12  Code  Gb  stm32l1xx_hal_gpio.o [1]
HAL_GPIO_Init           0x08006181  0x17e  Code  Gb  stm32l1xx_hal_gpio.o [1]
HAL_GPIO_WritePin       0x080062ff   0x12  Code  Gb  stm32l1xx_hal_gpio.o [1]
HAL_GetTick             0x080058c1    0xc  Code  Wk  stm32l1xx_hal.o [1]
HAL_IncTick             0x080038cd   0x10  Code  Wk  stm32l1xx_hal.o [1]
HAL_Init                0x08002351   0x16  Code  Gb  stm32l1xx_hal.o [1]
HAL_InitTick            0x080048c9   0x28  Code  Wk  stm32l1xx_hal.o [1]
HAL_NVIC_EnableIRQ      0x0800362f    0x2  Code  Gb  stm32l1xx_hal_cortex.o [1]
HAL_NVIC_SetPriority    0x08003611   0x1e  Code  Gb  stm32l1xx_hal_cortex.o [1]
HAL_NVIC_SetPriorityGrouping
                        0x0800360f    0x2  Code  Gb  stm32l1xx_hal_cortex.o [1]
HAL_PCD_DataInStageCallback
                        0x08007001   0x12  Code  Gb  usbd_conf.o [1]
HAL_PCD_DataOutStageCallback
                        0x08006fed   0x14  Code  Gb  usbd_conf.o [1]
HAL_PCD_EP_ClrStall     0x08006f15   0xca  Code  Gb  stm32l1xx_hal_pcd.o [1]
HAL_PCD_EP_Open         0x08006859  0x2f0  Code  Gb  stm32l1xx_hal_pcd.o [1]
HAL_PCD_EP_Receive      0x08006b49  0x178  Code  Gb  stm32l1xx_hal_pcd.o [1]
HAL_PCD_EP_SetStall     0x08006e7b   0x9a  Code  Gb  stm32l1xx_hal_pcd.o [1]
HAL_PCD_EP_Transmit     0x08006cc1  0x1ba  Code  Gb  stm32l1xx_hal_pcd.o [1]
HAL_PCD_IRQHandler      0x0800670b  0x11c  Code  Gb  stm32l1xx_hal_pcd.o [1]
HAL_PCD_ResetCallback   0x0800701b   0x1a  Code  Gb  usbd_conf.o [1]
HAL_PCD_ResumeCallback  0x08007053    0x8  Code  Gb  usbd_conf.o [1]
HAL_PCD_SOFCallback     0x08007013    0x8  Code  Gb  usbd_conf.o [1]
HAL_PCD_SetAddress      0x08006827   0x2e  Code  Gb  stm32l1xx_hal_pcd.o [1]
HAL_PCD_SetupStageCallback
                        0x08006fe1    0xc  Code  Gb  usbd_conf.o [1]
HAL_PCD_SuspendCallback
                        0x08007035   0x1e  Code  Gb  usbd_conf.o [1]
HAL_PWREx_EnableFastWakeUp
                        0x08004d37    0x8  Code  Gb  stm32l1xx_hal_pwr_ex.o [1]
HAL_PWREx_EnableUltraLowPower
                        0x08004d3f    0x8  Code  Gb  stm32l1xx_hal_pwr_ex.o [1]
HAL_PWREx_GetVoltageRange
                        0x08004d2d    0xa  Code  Gb  stm32l1xx_hal_pwr_ex.o [1]
HAL_PWR_DisablePVD      0x08004ce9    0x8  Code  Gb  stm32l1xx_hal_pwr.o [1]
HAL_PWR_EnterSTOPMode   0x08004cf1   0x2e  Code  Gb  stm32l1xx_hal_pwr.o [1]
HAL_RCCEx_PeriphCLKConfig
                        0x08003451   0xfe  Code  Gb  stm32l1xx_hal_rcc_ex.o [1]
HAL_RCC_ClockConfig     0x080031a1  0x190  Code  Gb  stm32l1xx_hal_rcc.o [1]
HAL_RCC_GetHCLKFreq     0x0800337b    0x6  Code  Gb  stm32l1xx_hal_rcc.o [1]
HAL_RCC_GetPCLK1Freq    0x08003381   0x16  Code  Gb  stm32l1xx_hal_rcc.o [1]
HAL_RCC_GetPCLK2Freq    0x08003397   0x16  Code  Gb  stm32l1xx_hal_rcc.o [1]
HAL_RCC_GetSysClockFreq
                        0x08003331   0x4a  Code  Gb  stm32l1xx_hal_rcc.o [1]
HAL_RCC_OscConfig       0x08002d3d  0x464  Code  Gb  stm32l1xx_hal_rcc.o [1]
HAL_RTCEx_AlarmBEventCallback
                        0x0800617b    0x2  Code  Wk  stm32l1xx_hal_rtc_ex.o [1]
HAL_RTCEx_DeactivateWakeUpTimer
                        0x08004fd7   0x72  Code  Gb  stm32l1xx_hal_rtc_ex.o [1]
HAL_RTC_AlarmIRQHandler
                        0x08004c23   0x56  Code  Gb  stm32l1xx_hal_rtc.o [1]
HAL_RTC_DeactivateAlarm
                        0x08004b7b   0xa8  Code  Gb  stm32l1xx_hal_rtc.o [1]
HAL_RTC_GetAlarm        0x08004f27   0x7e  Code  Gb  stm32l1xx_hal_rtc_ex.o [1]
HAL_RTC_GetDate         0x08004b31   0x4a  Code  Gb  stm32l1xx_hal_rtc.o [1]
HAL_RTC_GetTime         0x08004d55   0x4e  Code  Gb  stm32l1xx_hal_rtc_ex.o [1]
HAL_RTC_Init            0x080048f1   0x9a  Code  Gb  stm32l1xx_hal_rtc.o [1]
HAL_RTC_SetAlarm_IT     0x08004da3  0x184  Code  Gb  stm32l1xx_hal_rtc_ex.o [1]
HAL_RTC_SetDate         0x08004a69   0xc8  Code  Gb  stm32l1xx_hal_rtc.o [1]
HAL_RTC_SetTime         0x0800498b   0xde  Code  Gb  stm32l1xx_hal_rtc.o [1]
HAL_RTC_WaitForSynchro  0x08004fa5   0x32  Code  Gb  stm32l1xx_hal_rtc_ex.o [1]
HAL_SPI_DeInit          0x0800565d   0x2a  Code  Gb  stm32l1xx_hal_spi.o [1]
HAL_SPI_Init            0x08005657    0x4  Code  Wk  stm32l1xx_hal_spi.o [1]
HAL_SYSTICK_CLKSourceConfig
                        0x08003633   0x18  Code  Gb  stm32l1xx_hal_cortex.o [1]
HAL_SYSTICK_Config      0x08003631    0x2  Code  Gb  stm32l1xx_hal_cortex.o [1]
HAL_SYSTICK_IRQHandler  0x08003665    0x4  Code  Gb  stm32l1xx_hal_cortex.o [1]
HAL_UART_ErrorCallback  0x08004855    0xa  Code  Gb  uart-board.o [1]
HAL_UART_IRQHandler     0x08005ccd   0xf0  Code  Gb  stm32l1xx_hal_uart.o [1]
HAL_UART_Init           0x08005bad   0x5c  Code  Gb  stm32l1xx_hal_uart.o [1]
HAL_UART_Receive_IT     0x08005c61   0x6c  Code  Gb  stm32l1xx_hal_uart.o [1]
HAL_UART_RxCpltCallback
                        0x0800481f   0x36  Code  Gb  uart-board.o [1]
HAL_UART_Transmit_IT    0x08005c09   0x58  Code  Gb  stm32l1xx_hal_uart.o [1]
HAL_UART_TxCpltCallback
                        0x080047e9   0x36  Code  Gb  uart-board.o [1]
HasLoopedThroughMain    0x20000cdc    0x1  Data  Gb  timer.o [1]
InitalizeFactory        0x20000055    0x1  Data  Gb  callback_handler.o [1]
IrqNestLevel            0x20000cf1    0x1  Data  Lc  board.o [1]
IsFifoEmpty             0x080022e3   0x10  Code  Gb  fifo.o [1]
IsFifoFull              0x080022f3   0x18  Code  Gb  fifo.o [1]
LoadInt                 0x08003d1f   0x56  Code  Lc  xprintfsmall_nomb.o [3]
LowPowerDisableDuringTask
                        0x20000be3    0x1  Data  Lc  rtc-board.o [1]
ME_LUT                  0x20000030   0x14  Data  Gb  at_parser.o [1]
MS_LUT                  0x20000018   0x18  Data  Gb  at_parser.o [1]
McuInitialized          0x20000cf0    0x1  Data  Lc  board.o [1]
McuWakeUpTime           0x20000c0c    0x4  Data  Gb  rtc-board.o [1]
MemManage_Handler       0x08002349    0x2  Code  Gb  sysIrqHandlers.o [1]
MessageHandler          0x080007a5   0x12  Code  Gb  callback_handler.o [1]
NMI_Handler             0x08002347    0x2  Code  Gb  sysIrqHandlers.o [1]
NVIC_EnableIRQ          0x08003581   0x12  Code  Lc  stm32l1xx_hal_cortex.o [1]
NVIC_EncodePriority     0x080035b1   0x36  Code  Lc  stm32l1xx_hal_cortex.o [1]
NVIC_GetPriorityGrouping
                        0x08003577    0xa  Code  Lc  stm32l1xx_hal_cortex.o [1]
NVIC_SetPriority        0x08003593   0x1e  Code  Lc  stm32l1xx_hal_cortex.o [1]
NVIC_SetPriorityGrouping
                        0x0800355d   0x1a  Code  Lc  stm32l1xx_hal_cortex.o [1]
NVIC_SystemReset        0x08001665   0x1a  Code  Lc  board.o [1]
NWKSKey                 0x200000fc   0x10  Data  Lc  callback_handler.o [1]
NonScheduledWakeUp      0x20000be1    0x1  Data  Gb  rtc-board.o [1]
OnCalibrateSystemWakeupTimeTimerEvent
                        0x0800167f    0x8  Code  Lc  board.o [1]
PCD_EP_ISR_Handler      0x08006365  0x364  Code  Lc  stm32l1xx_hal_pcd.o [1]
PCD_ReadPMA             0x080066ef   0x1c  Code  Lc  stm32l1xx_hal_pcd.o [1]
PCD_WritePMA            0x080066c9   0x26  Code  Lc  stm32l1xx_hal_pcd.o [1]
PLLMulTable             0x08007e48    0xc  Data  Gb  system_stm32l1xx.o [1]
PreviousCentury         0x20000be8    0x2  Data  Lc  rtc-board.o [1]
RCC_SetFlashLatencyFromMSIRange
                        0x080033ad   0x72  Code  Lc  stm32l1xx_hal_rcc.o [1]
RTC_Alarm_IRQHandler    0x0800292f   0x2e  Code  Gb  rtc-board.o [1]
RTC_Bcd2ToByte          0x08004cd5   0x14  Code  Gb  stm32l1xx_hal_rtc.o [1]
RTC_ByteToBcd2          0x08004cbf   0x16  Code  Gb  stm32l1xx_hal_rtc.o [1]
RTC_EnterInitMode       0x08004c89   0x36  Code  Gb  stm32l1xx_hal_rtc.o [1]
RadioEvents             0x20000ce8    0x4  Data  Lc  sx1276.o [1]
RcvBuff                 0x200006fc  0x100  Data  Gb  board.o [1]
Region$$Table$$Base     0x08007f2c          --   Gb  - Linker created -
Region$$Table$$Limit    0x08007f4c          --   Gb  - Linker created -
RtcCalendarContext      0x20000bcc   0x14  Data  Gb  rtc-board.o [1]
RtcCheckCalendarRollOver
                        0x080028c9   0x28  Code  Lc  rtc-board.o [1]
RtcComputeTimerTimeToAlarmTick
                        0x080025f5  0x1c0  Code  Lc  rtc-board.o [1]
RtcComputeWakeUpTime    0x080024fd   0x74  Code  Lc  rtc-board.o [1]
RtcConvertCalendarTickToTimerTime
                        0x080027b5  0x114  Code  Lc  rtc-board.o [1]
RtcEnterLowPowerStopMode
                        0x08002487   0x3e  Code  Gb  rtc-board.o [1]
RtcGetAdjustedTimeoutValue
                        0x0800241d   0x32  Code  Gb  rtc-board.o [1]
RtcGetCalendar          0x080028f1   0x3e  Code  Lc  rtc-board.o [1]
RtcGetElapsedAlarmTime  0x0800244f   0x24  Code  Gb  rtc-board.o [1]
RtcHandle               0x20000bec   0x20  Data  Gb  rtc-board.o [1]
RtcInit                 0x08002395   0x86  Code  Gb  rtc-board.o [1]
RtcInitialized          0x20000be4    0x1  Data  Lc  rtc-board.o [1]
RtcRecoverMcuStatus     0x080024c5   0x38  Code  Gb  rtc-board.o [1]
RtcSetTimeout           0x0800241b    0x2  Code  Gb  rtc-board.o [1]
RtcStartWakeUpAlarm     0x08002571   0x84  Code  Lc  rtc-board.o [1]
RtcTimerEventAllowsLowPower
                        0x20000be2    0x1  Data  Lc  rtc-board.o [1]
RxData                  0x20000cf4    0x1  Data  Gb  uart-board.o [1]
RxTimeoutSyncWord       0x2000065c   0x14  Data  Gb  sx1276.o [1]
RxTimeoutTimer          0x20000648   0x14  Data  Gb  sx1276.o [1]
RxTxBuffer              0x2000051c  0x100  Data  Lc  sx1276.o [1]
SET_AT_BUSY             0x080020ab    0x8  Code  Gb  command_parse.o [1]
SET_AT_IDLE             0x080020b3    0x8  Code  Gb  command_parse.o [1]
SX1276                  0x20000430   0xec  Data  Gb  sx1276.o [1]
SX1276IoDeInit          0x08002cf5   0x30  Code  Gb  sx1276-board.o [1]
SX1276IoInit            0x08002cc5   0x30  Code  Gb  sx1276-board.o [1]
SX1276OnDio0Irq         0x08007897  0x264  Code  Gb  sx1276.o [1]
SX1276OnDio1Irq         0x08007afb   0xd8  Code  Gb  sx1276.o [1]
SX1276OnDio2Irq         0x08007bd3   0xf6  Code  Gb  sx1276.o [1]
SX1276OnDio3Irq         0x08007cc9   0x54  Code  Gb  sx1276.o [1]
SX1276OnDio4Irq         0x08007d1f   0x1a  Code  Gb  sx1276.o [1]
SX1276Read              0x080077d9   0x10  Code  Gb  sx1276.o [1]
SX1276ReadBuffer        0x08007837   0x50  Code  Gb  sx1276.o [1]
SX1276ReadFifo          0x0800788f    0x8  Code  Gb  sx1276.o [1]
SX1276Write             0x080077cd    0xc  Code  Gb  sx1276.o [1]
SX1276WriteBuffer       0x080077e9   0x4e  Code  Gb  sx1276.o [1]
SX1276WriteFifo         0x08007887    0x8  Code  Gb  sx1276.o [1]
SndBuff                 0x200007fc  0x100  Data  Gb  board.o [1]
SpiDeInit               0x08002b3f   0x6c  Code  Gb  spi-board.o [1]
SpiFormat               0x08002bab   0x78  Code  Gb  spi-board.o [1]
SpiFrequency            0x08002c23   0x42  Code  Gb  spi-board.o [1]
SpiHandle               0x20000b1c   0xb0  Data  Lc  spi-board.o [1]
SpiInOut                0x08002c65   0x46  Code  Gb  spi-board.o [1]
SpiInit                 0x080029c9  0x176  Code  Gb  spi-board.o [1]
SysTick_Config          0x080035e7   0x28  Code  Lc  stm32l1xx_hal_cortex.o [1]
SysTick_Handler         0x0800199d    0xe  Code  Gb  board.o [1]
SystemClockConfig       0x0800183d   0x9c  Code  Lc  board.o [1]
SystemClockReConfig     0x08001909   0x5c  Code  Lc  board.o [1]
SystemCoreClock         0x20000670    0x4  Data  Gb  system_stm32l1xx.o [1]
SystemInit              0x08007e01   0x38  Code  Gb  system_stm32l1xx.o [1]
SystemWakeupTimeCalibrated
                        0x20000cac    0x1  Data  Lc  board.o [1]
TimeoutValueError       0x20000c10    0x4  Data  Lc  rtc-board.o [1]
TimerExists             0x0800384b   0x18  Code  Lc  timer.o [1]
TimerGetValue           0x08003873    0x4  Code  Gb  timer.o [1]
TimerInit               0x0800366d   0x10  Code  Gb  timer.o [1]
TimerInsertNewHeadTimer
                        0x0800373d   0x20  Code  Lc  timer.o [1]
TimerInsertTimer        0x080036e3   0x5a  Code  Lc  timer.o [1]
TimerIrqHandler         0x0800375d   0x56  Code  Gb  timer.o [1]
TimerListHead           0x20000ce0    0x4  Data  Lc  timer.o [1]
TimerLowPowerHandler    0x08003891   0x36  Code  Gb  timer.o [1]
TimerSetTimeout         0x08003877   0x1a  Code  Lc  timer.o [1]
TimerSetValue           0x08003863   0x10  Code  Gb  timer.o [1]
TimerStart              0x0800367d   0x66  Code  Gb  timer.o [1]
TimerStop               0x080037b3   0x98  Code  Gb  timer.o [1]
TxData                  0x20000cf5    0x1  Data  Gb  uart-board.o [1]
TxTimeoutTimer          0x20000634   0x14  Data  Gb  sx1276.o [1]
UART_EndTransmit_IT     0x08005e23   0x2a  Code  Lc  stm32l1xx_hal_uart.o [1]
UART_Receive_IT         0x08005e4d   0xac  Code  Lc  stm32l1xx_hal_uart.o [1]
UART_SetConfig          0x08005ef9  0x274  Code  Lc  stm32l1xx_hal_uart.o [1]
UART_Transmit_IT        0x08005dbd   0x66  Code  Lc  stm32l1xx_hal_uart.o [1]
USART1_IRQHandler       0x0800485f   0x4e  Code  Gb  uart-board.o [1]
USBD_ClrClassConfig     0x080070fb    0xe  Code  Gb  usbd_core.o [1]
USBD_ClrFeature         0x080076f1   0x36  Code  Lc  usbd_ctlreq.o [1]
USBD_CtlContinueRx      0x0800778f   0x10  Code  Gb  usbd_ioreq.o [1]
USBD_CtlContinueSendData
                        0x0800777f   0x10  Code  Gb  usbd_ioreq.o [1]
USBD_CtlError           0x0800774f   0x16  Code  Gb  usbd_ctlreq.o [1]
USBD_CtlReceiveStatus   0x080077b5   0x16  Code  Gb  usbd_ioreq.o [1]
USBD_CtlSendData        0x08007765   0x1a  Code  Gb  usbd_ioreq.o [1]
USBD_CtlSendStatus      0x0800779f   0x16  Code  Gb  usbd_ioreq.o [1]
USBD_GetConfig          0x08007679   0x2c  Code  Lc  usbd_ctlreq.o [1]
USBD_GetDescriptor      0x08007489  0x112  Code  Lc  usbd_ctlreq.o [1]
USBD_GetStatus          0x080076a5   0x26  Code  Lc  usbd_ctlreq.o [1]
USBD_LL_ClearStallEP    0x0800707d    0xe  Code  Gb  usbd_conf.o [1]
USBD_LL_DataInStage     0x080071c7   0xac  Code  Gb  usbd_core.o [1]
USBD_LL_DataOutStage    0x0800715f   0x68  Code  Gb  usbd_core.o [1]
USBD_LL_IsStallEP       0x0800708b   0x24  Code  Gb  usbd_conf.o [1]
USBD_LL_OpenEP          0x0800705b   0x14  Code  Gb  usbd_conf.o [1]
USBD_LL_PrepareReceive  0x080070cb    0xe  Code  Gb  usbd_conf.o [1]
USBD_LL_Reset           0x08007273   0x42  Code  Gb  usbd_core.o [1]
USBD_LL_Resume          0x080072cb    0xc  Code  Gb  usbd_core.o [1]
USBD_LL_SOF             0x080072d7   0x1a  Code  Gb  usbd_core.o [1]
USBD_LL_SetSpeed        0x080072b5    0x6  Code  Gb  usbd_core.o [1]
USBD_LL_SetUSBAddress   0x080070af    0xe  Code  Gb  usbd_conf.o [1]
USBD_LL_SetupStage      0x08007109   0x56  Code  Gb  usbd_core.o [1]
USBD_LL_StallEP         0x0800706f    0xe  Code  Gb  usbd_conf.o [1]
USBD_LL_Suspend         0x080072bb   0x10  Code  Gb  usbd_core.o [1]
USBD_LL_Transmit        0x080070bd    0xe  Code  Gb  usbd_conf.o [1]
USBD_ParseSetupRequest  0x08007727   0x28  Code  Gb  usbd_ctlreq.o [1]
USBD_RunTestMode        0x080070dd    0x4  Code  Gb  usbd_core.o [1]
USBD_SetAddress         0x0800759b   0x48  Code  Lc  usbd_ctlreq.o [1]
USBD_SetClassConfig     0x080070e1   0x1a  Code  Gb  usbd_core.o [1]
USBD_SetConfig          0x080075e3   0x92  Code  Lc  usbd_ctlreq.o [1]
USBD_SetConfig::cfgidx  0x20000cf6    0x1  Data  Lc  usbd_ctlreq.o [1]
USBD_SetFeature         0x080076cb   0x26  Code  Lc  usbd_ctlreq.o [1]
USBD_StdDevReq          0x080072f1   0x48  Code  Gb  usbd_ctlreq.o [1]
USBD_StdEPReq           0x0800736f  0x118  Code  Gb  usbd_ctlreq.o [1]
USBD_StdItfReq          0x08007339   0x36  Code  Gb  usbd_ctlreq.o [1]
USB_LP_IRQHandler       0x08007f91    0x6  Code  Gb  uart-usb-board.o [1]
Uart1                   0x200006c4   0x38  Data  Gb  board.o [1]
UartConfig              0x08002323   0x14  Code  Gb  uart.o [1]
UartGetChar             0x0800233b    0x4  Code  Gb  uart.o [1]
UartGetFrame            0x08002343    0x4  Code  Gb  uart.o [1]
UartHandle              0x20000c54   0x40  Data  Lc  uart-board.o [1]
UartInit                0x0800230b   0x18  Code  Gb  uart.o [1]
UartMcuConfig           0x080045f9   0xd4  Code  Gb  uart-board.o [1]
UartMcuGetChar          0x08004717   0x3a  Code  Gb  uart-board.o [1]
UartMcuGetFrame         0x080047a9   0x40  Code  Gb  uart-board.o [1]
UartMcuInit             0x08004599   0x60  Code  Gb  uart-board.o [1]
UartMcuPutBuffer        0x08004751   0x58  Code  Gb  uart-board.o [1]
UartMcuPutChar          0x080046cd   0x4a  Code  Gb  uart-board.o [1]
UartPutBuffer           0x0800233f    0x4  Code  Gb  uart.o [1]
UartPutChar             0x08002337    0x4  Code  Gb  uart.o [1]
UartRcvChar             0x20000c95    0x1  Data  Gb  board.o [1]
UartRcvFrame            0x20000c94    0x1  Data  Gb  board.o [1]
UartRcvFrameTimer       0x20000c98   0x14  Data  Lc  board.o [1]
UsageFault_Handler      0x0800234d    0x2  Code  Gb  sysIrqHandlers.o [1]
VariablesInit           0x080000f5   0xc4  Code  Gb  callback_handler.o [1]
Version                 0x2000010c    0x4  Data  Lc  callback_handler.o [1]
WakeUpTimeInitialized   0x20000be5    0x1  Data  Lc  rtc-board.o [1]
_GetN                   0x08003fe5   0x22  Code  Lc  xscanfsmall_nomb.o [3]
_GetintSmallNoMb        0x0800431f  0x1fe  Code  Lc  xscanfsmall_nomb.o [3]
_GetstrSmallNoMb        0x08004233   0xec  Code  Lc  xscanfsmall_nomb.o [3]
_LitobSmallNoMb         0x08003eb1   0xce  Code  Lc  xprintfsmall_nomb.o [3]
_LocaleC_isspace        0x08005975   0x14  Code  Gb  xlocale_c.o [3]
_LocaleC_isupper        0x08005969    0x2  Code  Gb  xlocale_c.o [3]
_LocaleC_tolower        0x08005989    0xc  Code  Gb  xlocale_c.o [3]
_PrintfSmallNoMb        0x08003b11  0x204  Code  Gb  xprintfsmall_nomb.o [3]
_PutcharsSmallNoMb      0x08003f7f   0x2e  Code  Lc  xprintfsmall_nomb.o [3]
_PutfldSmallNoMb        0x08003d75  0x13c  Code  Lc  xprintfsmall_nomb.o [3]
_SNProut                0x080021d7   0x1a  Code  Gb  xsnprout.o [3]
_SScin                  0x08001b93   0x1e  Code  Gb  xsscin.o [3]
_ScanfSmallNoMb         0x08004021  0x206  Code  Gb  xscanfsmall_nomb.o [3]
_UngetN                 0x08004007   0x1a  Code  Lc  xscanfsmall_nomb.o [3]
__aeabi_cdrcmple        0x08005629         Code  Gb  DblCmpGe.o [4]
__aeabi_d2iz            0x080055ed         Code  Gb  DblToS32.o [4]
__aeabi_d2uiz           0x08005269         Code  Gb  DblToU32.o [4]
__aeabi_dadd            0x08005475         Code  Gb  DblAdd.o [4]
__aeabi_dmul            0x0800506d         Code  Gb  DblMul.o [4]
__aeabi_dsub            0x08005391         Code  Gb  DblSub.o [4]
__aeabi_i2d             0x0800536d         Code  Gb  S32ToDbl.o [4]
__aeabi_memclr4         0x08001b8d         Code  Gb  ABImemclr4.o [5]
__aeabi_memcpy4         0x08005291         Code  Gb  ABImemcpy.o [5]
__aeabi_memcpy8         0x08005291         Code  Gb  ABImemcpy.o [5]
__aeabi_memset          0x080039f9         Code  Gb  ABImemset.o [5]
__aeabi_memset4         0x0800219d         Code  Gb  ABImemset48.o [5]
__aeabi_memset8         0x0800219d         Code  Gb  ABImemset48.o [5]
__aeabi_ui2d            0x08005051         Code  Gb  U32ToDbl.o [4]
__cmain                 0x08007f4d         Code  Gb  cmain.o [5]
__exit                  0x08006351   0x14  Code  Gb  exit.o [6]
__iar_Fail_s            0x080058cd   0x1e  Code  Gb  xfail_s.o [3]
__iar_Memchr            0x08005911         Code  Gb  memchr.o [5]
__iar_Memset            0x080039f9         Code  Gb  ABImemset.o [5]
__iar_Memset4_word      0x080021a5         Code  Gb  ABImemset48.o [5]
__iar_Memset8_word      0x080021a5         Code  Gb  ABImemset48.o [5]
__iar_Memset_word       0x08003a01         Code  Gb  ABImemset.o [5]
__iar_Stolx             0x080059b1   0x82  Code  Gb  iar_Stolx.o [3]
__iar_Stoulx            0x08005a39  0x116  Code  Gb  iar_Stoulx.o [3]
__iar_Strchr            0x08003af9         Code  Gb  strchr.o [5]
__iar_ceil64            0x08005211         Code  Gb  ceil.o [4]
__iar_dadd              0x080053a1         Code  Gb  DblSub.o [4]
__iar_data_init3        0x08007f05   0x28  Code  Gb  data_init.o [5]
__iar_dsub              0x08005485         Code  Gb  DblAdd.o [4]
__iar_dsubStart         0x08005497         Code  Gb  DblAdd.o [4]
__iar_globLocale        0x20000678   0x48  Data  Lc  xlocale_c.o [3]
__iar_global_Locale     0x08005995    0x4  Code  Gb  xlocale_c.o [3]
__iar_lz77_init_single3
                        0x080019af   0x7a  Code  Gb  lz77_init_single.o [5]
__iar_program_start     0x08007f9d         Code  Gb  cstartup_M.o [5]
__iar_round64           0x08005319         Code  Gb  round.o [4]
__iar_systems$$module {Abs}
                        0x00000001         Data  Gb  command line/config [2]
__iar_zero_init3        0x08007ec5   0x40  Code  Gb  zero_init3.o [5]
__low_level_init        0x08007f6b    0x4  Code  Gb  low_level_init.o [3]
__vector_table          0x08000000         Data  Gb  startup_stm32l1xx_md.o [1]
_call_main              0x08007f59         Code  Gb  cmain.o [5]
_exit                   0x08007f75         Code  Gb  cexit.o [5]
_main                   0x08007f67         Code  Gb  cmain.o [5]
abort                   0x08006349    0x6  Code  Gb  abort.o [3]
adjustDataRateHandler   0x08000817   0x12  Code  Gb  callback_handler.o [1]
atHandler               0x080001dd   0x12  Code  Gb  callback_handler.o [1]
buffer                  0x20000330  0x100  Data  Gb  command_parse.o [1]
ceil                    0x08005211         Code  Gb  ceil.o [4]
ceill                   0x08005211         Code  Gb  ceil.o [4]
channelHandler          0x080007f3   0x12  Code  Gb  callback_handler.o [1]
classHandler            0x080012d7   0x14  Code  Gb  callback_handler.o [1]
cmdFuncTable            0x20000110   0xb8  Data  Lc  command_parse.o [1]
commandParse            0x080020d9   0x74  Code  Gb  command_parse.o [1]
confirmMessageHandler   0x080007cb   0x14  Code  Gb  callback_handler.o [1]
confirmMsgHexHandler    0x080007df   0x14  Code  Gb  callback_handler.o [1]
count                   0x20000014    0x1  Data  Lc  at_parser.o [1]
dataRateHandler         0x08000805   0x12  Code  Gb  callback_handler.o [1]
defaultHandler          0x080001b9   0x24  Code  Gb  callback_handler.o [1]
delayHandler            0x080012ff   0x14  Code  Gb  callback_handler.o [1]
digits                  0x08005b5c   0x28  Data  Lc  iar_Stoulx.o [3]
eepromReadBuffer        0x08001a75   0x40  Code  Gb  eeprom_internal.o [1]
eepromReadFactoryDefaultBuffer
                        0x08001b05   0x40  Code  Gb  eeprom_internal.o [1]
eepromWriteBuffer       0x08001a29   0x4c  Code  Gb  eeprom_internal.o [1]
eepromWriteFactoryDefault
                        0x08001ab5   0x4c  Code  Gb  eeprom_internal.o [1]
exit                    0x08007f6f    0x4  Code  Gb  exit.o [3]
factoryDefaultHandler   0x0800069b   0x4c  Code  Gb  callback_handler.o [1]
factoryDefaultSetting   0x08000611   0x8a  Code  Lc  callback_handler.o [1]
findHandler             0x08001bdf   0x40  Code  Lc  at_parser.o [1]
flags                   0x20000000    0x1  Data  Lc  at_parser.o [1]
fpHandler               0x20000010    0x4  Data  Lc  at_parser.o [1]
getNbParams             0x08001bb1   0x1a  Code  Lc  at_parser.o [1]
handlerIdx              0x20000002    0x2  Data  Lc  at_parser.o [1]
handlerSize             0x20000004    0x2  Data  Lc  at_parser.o [1]
handlerStorage          0x20000008    0x4  Data  Lc  at_parser.o [1]
helpHandler             0x080001ef   0xcc  Code  Gb  callback_handler.o [1]
hpcd_USB_FS             0x200008fc  0x220  Data  Gb  usbd_conf.o [1]
idHandler               0x080008a9  0x42a  Code  Gb  callback_handler.o [1]
isspace                 0x0800599d   0x14  Code  Gb  isspace.o [3]
joinHandler             0x080012eb   0x14  Code  Gb  callback_handler.o [1]
keyHandler              0x08000cdd  0x5fa  Code  Gb  callback_handler.o [1]
lowPowerHandler         0x08000719   0x14  Code  Gb  callback_handler.o [1]
main                    0x08007e65   0x54  Code  Gb  main.o [1]
makeHash                0x08001bcb   0x14  Code  Lc  at_parser.o [1]
memchr                  0x08005911         Code  Gb  memchr.o [5]
messageHexHandler       0x080007b7   0x14  Code  Gb  callback_handler.o [1]
ndigs                   0x08005b84   0x28  Data  Lc  iar_Stoulx.o [3]
next                    0x20000674    0x4  Data  Lc  utilities.o [1]
pFlash                  0x20000cc4   0x18  Data  Gb  stm32l1xx_hal_flash.o [1]
paramSize               0x20000006    0x2  Data  Lc  at_parser.o [1]
paramStorage            0x2000000c    0x4  Data  Lc  at_parser.o [1]
parseInput              0x08001c9f  0x11e  Code  Lc  at_parser.o [1]
portHandler             0x08000879   0x14  Code  Gb  callback_handler.o [1]
rand1                   0x08001b45   0x1e  Code  Gb  utilities.o [1]
randr                   0x08001b71   0x1c  Code  Gb  utilities.o [1]
repetitionHandler       0x08000829   0x14  Code  Gb  callback_handler.o [1]
resetHandler            0x08000701   0x18  Code  Gb  callback_handler.o [1]
round                   0x08005319         Code  Gb  round.o [4]
roundl                  0x08005319         Code  Gb  round.o [4]
rxWindow1Handler        0x08000865   0x14  Code  Gb  callback_handler.o [1]
rxWindow2Handler        0x08000851   0x14  Code  Gb  callback_handler.o [1]
searchLut               0x08001c1f   0x80  Code  Lc  at_parser.o [1]
sec_hand                0x20000cec    0x4  Data  Lc  xfail_s.o [3]
snprintf                0x08002159   0x44  Code  Gb  snprintf.o [3]
srand1                  0x08001b63    0x6  Code  Gb  utilities.o [1]
sscanf                  0x08002265   0x28  Code  Gb  sscanf.o [3]
storage                 0x200001c8  0x168  Data  Gb  command_parse.o [1]
storageBuff             0x2000005c   0x80  Data  Gb  callback_handler.o [1]
strchr                  0x08003af9         Code  Gb  strchr.o [5]
strlen                  0x080021f1         Code  Gb  strlen.o [5]
strncasecmp             0x08002227   0x3e  Code  Gb  strncasecmp.o [3]
strncat                 0x08003ad1   0x28  Code  Gb  strncat.o [3]
strncpy                 0x08003a61         Code  Gb  strncpy.o [5]
strtol                  0x08005a33    0x4  Code  Gb  iar_Stolx.o [3]
strtoul                 0x08005b55    0x2  Code  Gb  iar_Stoulx.o [3]
tolower                 0x08003fd1   0x14  Code  Gb  tolower.o [3]
toupper                 0x08002097    0xe  Code  Gb  command_parse.o [1]
txPowerHandler          0x0800083d   0x14  Code  Gb  callback_handler.o [1]
uwTick                  0x20000ce4    0x4  Data  Gb  stm32l1xx_hal.o [1]
versionHandler          0x0800072d   0x78  Code  Gb  callback_handler.o [1]


[1] = G:\liuyuandong\Project\2019\Work\AT_Module\LoRaMac_AT-Module_IAR\Debug\Obj
[2] = command line
[3] = dl7M_tlf.a
[4] = m7M_tl.a
[5] = rt7M_tl.a
[6] = shb_l.a

  32 620 bytes of readonly  code memory
     627 bytes of readonly  data memory
   5 364 bytes of readwrite data memory

Errors: none
Warnings: none
