###############################################################################
#
# IAR ELF Linker V8.20.1.14183/W32 for ARM                24/Feb/2019  17:45:02
# Copyright 2007-2017 IAR Systems AB.
#
#    Output file  =  
#        G:\liuyuandong\Project\2019\Work\AT_Module\LoRaMac_AT-Module\Debug\Exe\LoRaMac_AT-Module.out
#    Map file     =  
#        G:\liuyuandong\Project\2019\Work\AT_Module\LoRaMac_AT-Module\Debug\List\LoRaMac_AT-Module.map
#    Command line =  
#        -f C:\Users\ADMINI~1\AppData\Local\Temp\EW1313.tmp
#        (G:\liuyuandong\Project\2019\Work\AT_Module\LoRaMac_AT-Module\Debug\Obj\aes.o
#        G:\liuyuandong\Project\2019\Work\AT_Module\LoRaMac_AT-Module\Debug\Obj\at_parser.o
#        G:\liuyuandong\Project\2019\Work\AT_Module\LoRaMac_AT-Module\Debug\Obj\board.o
#        G:\liuyuandong\Project\2019\Work\AT_Module\LoRaMac_AT-Module\Debug\Obj\callback_handler.o
#        G:\liuyuandong\Project\2019\Work\AT_Module\LoRaMac_AT-Module\Debug\Obj\cmac.o
#        G:\liuyuandong\Project\2019\Work\AT_Module\LoRaMac_AT-Module\Debug\Obj\command_parse.o
#        G:\liuyuandong\Project\2019\Work\AT_Module\LoRaMac_AT-Module\Debug\Obj\delay-board.o
#        G:\liuyuandong\Project\2019\Work\AT_Module\LoRaMac_AT-Module\Debug\Obj\delay.o
#        G:\liuyuandong\Project\2019\Work\AT_Module\LoRaMac_AT-Module\Debug\Obj\eeprom_internal.o
#        G:\liuyuandong\Project\2019\Work\AT_Module\LoRaMac_AT-Module\Debug\Obj\fifo.o
#        G:\liuyuandong\Project\2019\Work\AT_Module\LoRaMac_AT-Module\Debug\Obj\gpio-board.o
#        G:\liuyuandong\Project\2019\Work\AT_Module\LoRaMac_AT-Module\Debug\Obj\gpio.o
#        G:\liuyuandong\Project\2019\Work\AT_Module\LoRaMac_AT-Module\Debug\Obj\LoRaMac.o
#        G:\liuyuandong\Project\2019\Work\AT_Module\LoRaMac_AT-Module\Debug\Obj\LoRaMacCrypto.o
#        G:\liuyuandong\Project\2019\Work\AT_Module\LoRaMac_AT-Module\Debug\Obj\main.o
#        G:\liuyuandong\Project\2019\Work\AT_Module\LoRaMac_AT-Module\Debug\Obj\Region.o
#        G:\liuyuandong\Project\2019\Work\AT_Module\LoRaMac_AT-Module\Debug\Obj\RegionAS923.o
#        G:\liuyuandong\Project\2019\Work\AT_Module\LoRaMac_AT-Module\Debug\Obj\RegionAU915.o
#        G:\liuyuandong\Project\2019\Work\AT_Module\LoRaMac_AT-Module\Debug\Obj\RegionCN470.o
#        G:\liuyuandong\Project\2019\Work\AT_Module\LoRaMac_AT-Module\Debug\Obj\RegionCN779.o
#        G:\liuyuandong\Project\2019\Work\AT_Module\LoRaMac_AT-Module\Debug\Obj\RegionCommon.o
#        G:\liuyuandong\Project\2019\Work\AT_Module\LoRaMac_AT-Module\Debug\Obj\RegionEU433.o
#        G:\liuyuandong\Project\2019\Work\AT_Module\LoRaMac_AT-Module\Debug\Obj\RegionEU868.o
#        G:\liuyuandong\Project\2019\Work\AT_Module\LoRaMac_AT-Module\Debug\Obj\RegionIN865.o
#        G:\liuyuandong\Project\2019\Work\AT_Module\LoRaMac_AT-Module\Debug\Obj\RegionKR920.o
#        G:\liuyuandong\Project\2019\Work\AT_Module\LoRaMac_AT-Module\Debug\Obj\RegionUS915-Hybrid.o
#        G:\liuyuandong\Project\2019\Work\AT_Module\LoRaMac_AT-Module\Debug\Obj\RegionUS915.o
#        G:\liuyuandong\Project\2019\Work\AT_Module\LoRaMac_AT-Module\Debug\Obj\rtc-board.o
#        G:\liuyuandong\Project\2019\Work\AT_Module\LoRaMac_AT-Module\Debug\Obj\spi-board.o
#        G:\liuyuandong\Project\2019\Work\AT_Module\LoRaMac_AT-Module\Debug\Obj\startup_stm32l1xx_md.o
#        G:\liuyuandong\Project\2019\Work\AT_Module\LoRaMac_AT-Module\Debug\Obj\stm32l1xx_hal.o
#        G:\liuyuandong\Project\2019\Work\AT_Module\LoRaMac_AT-Module\Debug\Obj\stm32l1xx_hal_cortex.o
#        G:\liuyuandong\Project\2019\Work\AT_Module\LoRaMac_AT-Module\Debug\Obj\stm32l1xx_hal_flash.o
#        G:\liuyuandong\Project\2019\Work\AT_Module\LoRaMac_AT-Module\Debug\Obj\stm32l1xx_hal_gpio.o
#        G:\liuyuandong\Project\2019\Work\AT_Module\LoRaMac_AT-Module\Debug\Obj\stm32l1xx_hal_i2c.o
#        G:\liuyuandong\Project\2019\Work\AT_Module\LoRaMac_AT-Module\Debug\Obj\stm32l1xx_hal_pcd.o
#        G:\liuyuandong\Project\2019\Work\AT_Module\LoRaMac_AT-Module\Debug\Obj\stm32l1xx_hal_pwr.o
#        G:\liuyuandong\Project\2019\Work\AT_Module\LoRaMac_AT-Module\Debug\Obj\stm32l1xx_hal_pwr_ex.o
#        G:\liuyuandong\Project\2019\Work\AT_Module\LoRaMac_AT-Module\Debug\Obj\stm32l1xx_hal_rcc.o
#        G:\liuyuandong\Project\2019\Work\AT_Module\LoRaMac_AT-Module\Debug\Obj\stm32l1xx_hal_rcc_ex.o
#        G:\liuyuandong\Project\2019\Work\AT_Module\LoRaMac_AT-Module\Debug\Obj\stm32l1xx_hal_rtc.o
#        G:\liuyuandong\Project\2019\Work\AT_Module\LoRaMac_AT-Module\Debug\Obj\stm32l1xx_hal_rtc_ex.o
#        G:\liuyuandong\Project\2019\Work\AT_Module\LoRaMac_AT-Module\Debug\Obj\stm32l1xx_hal_spi.o
#        G:\liuyuandong\Project\2019\Work\AT_Module\LoRaMac_AT-Module\Debug\Obj\stm32l1xx_hal_tim.o
#        G:\liuyuandong\Project\2019\Work\AT_Module\LoRaMac_AT-Module\Debug\Obj\stm32l1xx_hal_uart.o
#        G:\liuyuandong\Project\2019\Work\AT_Module\LoRaMac_AT-Module\Debug\Obj\stm32l1xx_hal_usart.o
#        G:\liuyuandong\Project\2019\Work\AT_Module\LoRaMac_AT-Module\Debug\Obj\sx1276-board.o
#        G:\liuyuandong\Project\2019\Work\AT_Module\LoRaMac_AT-Module\Debug\Obj\sx1276.o
#        G:\liuyuandong\Project\2019\Work\AT_Module\LoRaMac_AT-Module\Debug\Obj\sysIrqHandlers.o
#        G:\liuyuandong\Project\2019\Work\AT_Module\LoRaMac_AT-Module\Debug\Obj\system_stm32l1xx.o
#        G:\liuyuandong\Project\2019\Work\AT_Module\LoRaMac_AT-Module\Debug\Obj\timer.o
#        G:\liuyuandong\Project\2019\Work\AT_Module\LoRaMac_AT-Module\Debug\Obj\uart-board.o
#        G:\liuyuandong\Project\2019\Work\AT_Module\LoRaMac_AT-Module\Debug\Obj\uart-usb-board.o
#        G:\liuyuandong\Project\2019\Work\AT_Module\LoRaMac_AT-Module\Debug\Obj\uart.o
#        G:\liuyuandong\Project\2019\Work\AT_Module\LoRaMac_AT-Module\Debug\Obj\usbd_cdc.o
#        G:\liuyuandong\Project\2019\Work\AT_Module\LoRaMac_AT-Module\Debug\Obj\usbd_cdc_if.o
#        G:\liuyuandong\Project\2019\Work\AT_Module\LoRaMac_AT-Module\Debug\Obj\usbd_conf.o
#        G:\liuyuandong\Project\2019\Work\AT_Module\LoRaMac_AT-Module\Debug\Obj\usbd_core.o
#        G:\liuyuandong\Project\2019\Work\AT_Module\LoRaMac_AT-Module\Debug\Obj\usbd_ctlreq.o
#        G:\liuyuandong\Project\2019\Work\AT_Module\LoRaMac_AT-Module\Debug\Obj\usbd_desc.o
#        G:\liuyuandong\Project\2019\Work\AT_Module\LoRaMac_AT-Module\Debug\Obj\usbd_ioreq.o
#        G:\liuyuandong\Project\2019\Work\AT_Module\LoRaMac_AT-Module\Debug\Obj\utilities.o
#        -o
#        G:\liuyuandong\Project\2019\Work\AT_Module\LoRaMac_AT-Module\Debug\Exe\LoRaMac_AT-Module.out
#        --map
#        G:\liuyuandong\Project\2019\Work\AT_Module\LoRaMac_AT-Module\Debug\List\LoRaMac_AT-Module.map
#        --config "C:\Program Files (x86)\IAR Systems\Embedded Workbench
#        8.0\arm\config\linker\ST\stm32l151xB.icf" --semihosting --entry
#        __iar_program_start --vfe --text_out locale)
#
###############################################################################

*******************************************************************************
*** RUNTIME MODEL ATTRIBUTES
***

CppFlavor       = *
__SystemLibrary = DLib
__dlib_version  = 6


*******************************************************************************
*** HEAP SELECTION
***

The basic heap was selected because no calls to memory allocation
functions were found in the application outside of system library
functions, and there are calls to deallocation functions in the
application.


*******************************************************************************
*** PLACEMENT SUMMARY
***

"A0":  place at 0x08000000 { ro section .intvec };
"P1":  place in [from 0x08000000 to 0x0801ffff] { ro };
define block CSTACK with size = 2K, alignment = 8 { };
define block HEAP with size = 2K, alignment = 8 { };
"P2":  place in [from 0x20000000 to 0x20003fff] {
          rw, block CSTACK, block HEAP };
initialize by copy { rw };

No sections matched the following patterns:

  section .eeprom  in "P3"


  Section            Kind        Address    Size  Object
  -------            ----        -------    ----  ------
"A0":                                       0xf4
  .intvec            ro code  0x08000000    0xf4  startup_stm32l1xx_md.o [1]
                            - 0x080000f4    0xf4

"P1":                                     0xa1b7
  .text              ro code  0x080000f4  0x1784  sx1276.o [1]
  .text              ro code  0x08001878   0x268  timer.o [1]
  .text              ro code  0x08001ae0   0x248  sx1276-board.o [1]
  .text              ro code  0x08001d28    0x1a  U32ToDbl.o [4]
  .text              ro code  0x08001d42    0x7a  lz77_init_single.o [5]
  .text              ro code  0x08001dbc   0x246  DblDiv.o [4]
  .text              ro code  0x08002002    0x1e  xsscin.o [3]
  .text              ro code  0x08002020    0x28  DblToU32.o [4]
  .text              ro code  0x08002048     0x4  delay.o [1]
  .text              ro code  0x0800204c   0x1a2  DblMul.o [4]
  .text              ro code  0x080021ee    0x1a  xsnprout.o [3]
  .text              ro code  0x08002208    0x3a  DblToS32.o [4]
  .text              ro code  0x08002242     0xa  sysIrqHandlers.o [1]
  .text              ro code  0x0800224c    0x22  S32ToDbl.o [4]
  .text              ro code  0x08002270   0x178  DblAdd.o [4]
  .text              ro code  0x080023e8    0x52  round.o [4]
  .text              ro code  0x0800243c    0x56  ceil.o [4]
  .text              ro code  0x08002494    0x2e  DblCmpGe.o [4]
  .text              ro code  0x080024c4    0x58  floor.o [4]
  .text              ro code  0x0800251c    0x5e  utilities.o [1]
  .text              ro code  0x0800257c    0x3a  ABImemset48.o [5]
  .text              ro code  0x080025b6    0x18  gpio.o [1]
  .text              ro code  0x080025d0   0x2fc  spi-board.o [1]
  .text              ro code  0x080028cc   0x34a  board.o [1]
  .text              ro code  0x08002c18   0x658  rtc-board.o [1]
  .text              ro code  0x08003270     0x4  delay-board.o [1]
  .text              ro code  0x08003274    0xe2  DblSub.o [4]
  .text              ro code  0x08003358   0x32c  gpio-board.o [1]
  .text              ro code  0x08003684     0x4  stm32l1xx_hal_spi.o [1]
  .text              ro code  0x08003688    0x2a  stm32l1xx_hal_spi.o [1]
  .text              ro code  0x080036b2    0x7e  fifo.o [1]
  .text              ro code  0x08003730    0x3c  uart.o [1]
  .text              ro code  0x0800376c    0x42  stm32l1xx_hal.o [1]
  .text              ro code  0x080037b0   0x714  stm32l1xx_hal_rcc.o [1]
  .text              ro code  0x08003ec4   0x10c  stm32l1xx_hal_rcc_ex.o [1]
  .text              ro code  0x08003fd0   0x10e  stm32l1xx_hal_cortex.o [1]
  .text              ro code  0x080040e0    0x10  stm32l1xx_hal.o [1]
  .text              ro code  0x080040f0   0x3f8  stm32l1xx_hal_rtc.o [1]
  .text              ro code  0x080044e8    0x44  stm32l1xx_hal_pwr.o [1]
  .text              ro code  0x0800452c    0x28  stm32l1xx_hal_pwr_ex.o [1]
  .text              ro code  0x08004554   0x2fc  stm32l1xx_hal_rtc_ex.o [1]
  .text              ro code  0x08004850    0x86  ABImemcpy.o [5]
  .text              ro code  0x080048d6    0x18  stm32l1xx_hal.o [1]
  .text              ro code  0x080048f0   0x1c8  stm32l1xx_hal_gpio.o [1]
  .text              ro code  0x08004ab8     0x2  stm32l1xx_hal_spi.o [1]
  .text              ro code  0x08004abc   0x330  uart-board.o [1]
  .text              ro code  0x08004dec    0x28  stm32l1xx_hal.o [1]
  .text              ro code  0x08004e14     0xc  stm32l1xx_hal.o [1]
  .text              ro code  0x08004e20     0x2  stm32l1xx_hal_rtc.o [1]
  .text              ro code  0x08004e22     0x2  stm32l1xx_hal_rtc.o [1]
  .text              ro code  0x08004e24     0x2  stm32l1xx_hal_rtc_ex.o [1]
  .text              ro code  0x08004e28   0x5ca  stm32l1xx_hal_uart.o [1]
  .text              ro code  0x080053f4  0x169c  callback_handler.o [1]
  .text              ro code  0x08006a90   0x11c  eeprom_internal.o [1]
  .text              ro code  0x08006bac     0x6  ABImemclr4.o [5]
  .text              ro code  0x08006bb4   0x344  at_parser.o [1]
  .text              ro code  0x08006ef8   0x264  command_parse.o [1]
  .text              ro code  0x0800715c    0x44  snprintf.o [3]
  .text              ro code  0x080071a0   0x3b8  LoRaMac.o [1]
  .text              ro code  0x08007558    0x28  strncat.o [3]
  .text              ro code  0x08007580    0x36  strlen.o [5]
  .text              ro code  0x080075b6    0x3e  strncasecmp.o [3]
  .text              ro code  0x080075f4    0x28  sscanf.o [3]
  .text              ro code  0x0800761c   0x11c  stm32l1xx_hal_flash.o [1]
  .text              ro code  0x08007738    0x66  ABImemset.o [5]
  .text              ro code  0x080077a0    0x70  strncpy.o [5]
  .text              ro code  0x08007810    0x16  strchr.o [5]
  .text              ro code  0x08007828   0x4c0  xprintfsmall_nomb.o [3]
  .text              ro code  0x08007ce8    0x4e  Region.o [1]
  .text              ro code  0x08007d36    0x14  tolower.o [3]
  .text              ro code  0x08007d4c   0x5b4  xscanfsmall_nomb.o [3]
  .text              ro code  0x08008300    0x44  xfail_s.o [3]
  .text              ro code  0x08008344    0x58  memchr.o [5]
  .text              ro code  0x0800839c   0x200  RegionCN470.o [1]
  .text              ro code  0x0800859c    0x34  xlocale_c.o [3]
  .text              ro code  0x080085d0    0x14  isspace.o [3]
  .text              ro code  0x080085e4    0x86  iar_Stolx.o [3]
  .text              ro code  0x0800866c   0x174  iar_Stoulx.o [3]
  .text              ro code  0x080087e0     0x6  abort.o [3]
  .text              ro code  0x080087e8   0x134  RegionCommon.o [1]
  .text              ro code  0x0800891c    0x14  exit.o [6]
  .text              ro code  0x08008930   0xc7a  stm32l1xx_hal_pcd.o [1]
  .text              ro code  0x080095ac    0xfc  usbd_conf.o [1]
  .text              ro code  0x080096a8   0x214  usbd_core.o [1]
  .text              ro code  0x080098bc   0x474  usbd_ctlreq.o [1]
  .text              ro code  0x08009d30    0x66  usbd_ioreq.o [1]
  .rodata            const    0x08009d98    0xb4  command_parse.o [1]
  .rodata            const    0x08009e4c    0x6c  sx1276-board.o [1]
  .text              ro code  0x08009eb8    0x64  system_stm32l1xx.o [1]
  .text              ro code  0x08009f1c    0x60  main.o [1]
  .text              ro code  0x08009f7c    0x40  zero_init3.o [5]
  .text              ro code  0x08009fbc    0x28  data_init.o [5]
  .iar.init_table    const    0x08009fe4    0x20  - Linker created -
  .text              ro code  0x0800a004    0x1e  cmain.o [5]
  .text              ro code  0x0800a022     0x4  low_level_init.o [3]
  .text              ro code  0x0800a026     0x4  exit.o [3]
  .text              ro code  0x0800a02c     0xa  cexit.o [5]
  .text              ro code  0x0800a038    0x10  startup_stm32l1xx_md.o [1]
  .text              ro code  0x0800a048     0xc  uart-usb-board.o [1]
  .text              ro code  0x0800a054     0xc  cstartup_M.o [5]
  .rodata            const    0x0800a060     0x8  callback_handler.o [1]
  .rodata            const    0x0800a068     0x8  system_stm32l1xx.o [1]
  .text              ro code  0x0800a070     0x4  startup_stm32l1xx_md.o [1]
  .text              ro code  0x0800a074     0x4  startup_stm32l1xx_md.o [1]
  .text              ro code  0x0800a078     0x4  startup_stm32l1xx_md.o [1]
  .text              ro code  0x0800a07c     0x4  startup_stm32l1xx_md.o [1]
  .text              ro code  0x0800a080     0x4  startup_stm32l1xx_md.o [1]
  .text              ro code  0x0800a084     0x4  startup_stm32l1xx_md.o [1]
  .text              ro code  0x0800a088     0x4  startup_stm32l1xx_md.o [1]
  .text              ro code  0x0800a08c     0x4  startup_stm32l1xx_md.o [1]
  .text              ro code  0x0800a090     0x4  startup_stm32l1xx_md.o [1]
  .text              ro code  0x0800a094     0x4  startup_stm32l1xx_md.o [1]
  .text              ro code  0x0800a098     0x4  startup_stm32l1xx_md.o [1]
  .text              ro code  0x0800a09c     0x4  startup_stm32l1xx_md.o [1]
  .text              ro code  0x0800a0a0     0x4  startup_stm32l1xx_md.o [1]
  .text              ro code  0x0800a0a4     0x4  startup_stm32l1xx_md.o [1]
  .text              ro code  0x0800a0a8     0x4  startup_stm32l1xx_md.o [1]
  .text              ro code  0x0800a0ac     0x4  startup_stm32l1xx_md.o [1]
  .text              ro code  0x0800a0b0     0x4  startup_stm32l1xx_md.o [1]
  .text              ro code  0x0800a0b4     0x4  startup_stm32l1xx_md.o [1]
  .text              ro code  0x0800a0b8     0x4  startup_stm32l1xx_md.o [1]
  .text              ro code  0x0800a0bc     0x4  startup_stm32l1xx_md.o [1]
  .text              ro code  0x0800a0c0     0x4  startup_stm32l1xx_md.o [1]
  .text              ro code  0x0800a0c4     0x4  startup_stm32l1xx_md.o [1]
  .text              ro code  0x0800a0c8     0x4  startup_stm32l1xx_md.o [1]
  .text              ro code  0x0800a0cc     0x4  startup_stm32l1xx_md.o [1]
  .text              ro code  0x0800a0d0     0x4  startup_stm32l1xx_md.o [1]
  .text              ro code  0x0800a0d4     0x4  startup_stm32l1xx_md.o [1]
  .text              ro code  0x0800a0d8     0x4  startup_stm32l1xx_md.o [1]
  .text              ro code  0x0800a0dc     0x4  startup_stm32l1xx_md.o [1]
  .text              ro code  0x0800a0e0     0x4  startup_stm32l1xx_md.o [1]
  .text              ro code  0x0800a0e4     0x4  startup_stm32l1xx_md.o [1]
  .text              ro code  0x0800a0e8     0x4  startup_stm32l1xx_md.o [1]
  .text              ro code  0x0800a0ec     0x4  startup_stm32l1xx_md.o [1]
  .text              ro code  0x0800a0f0     0x4  startup_stm32l1xx_md.o [1]
  .text              ro code  0x0800a0f4     0x4  startup_stm32l1xx_md.o [1]
  .text              ro code  0x0800a0f8     0x4  startup_stm32l1xx_md.o [1]
  .text              ro code  0x0800a0fc     0x4  startup_stm32l1xx_md.o [1]
  .text              ro code  0x0800a100     0x4  startup_stm32l1xx_md.o [1]
  .text              ro code  0x0800a104     0x4  startup_stm32l1xx_md.o [1]
  .rodata            const    0x0800a108     0x2  xlocale_c.o [3]
  .rodata            const    0x0800a10a     0x0  zero_init3.o [5]
  .rodata            const    0x0800a10a     0x0  lz77_init_single.o [5]
  Initializer bytes  const    0x0800a10a   0x1a1  <for P2-1>
                            - 0x0800a2ab  0xa1b7

"P2", part 1 of 3:                         0x848
  P2-1                        0x20000000   0x848  <Init block>
    .data            inited   0x20000000    0x44  at_parser.o [1]
    .data            inited   0x20000044    0x98  callback_handler.o [1]
    .data            inited   0x200000dc    0x30  callback_handler.o [1]
    .data            inited   0x2000010c     0x4  callback_handler.o [1]
    .data            inited   0x20000110   0x320  command_parse.o [1]
    .data            inited   0x20000430   0x160  LoRaMac.o [1]
    .data            inited   0x20000590    0x28  RegionCN470.o [1]
    .data            inited   0x200005b8   0x240  sx1276.o [1]
    .data            inited   0x200007f8     0x4  system_stm32l1xx.o [1]
    .data            inited   0x200007fc     0x4  utilities.o [1]
    .data            inited   0x20000800    0x48  xlocale_c.o [3]
                            - 0x20000848   0x848

"P2", part 2 of 3:                         0x6f4
  .bss               zero     0x20000848   0x238  board.o [1]
  .bss               zero     0x20000a80   0x220  usbd_conf.o [1]
  .bss               zero     0x20000ca0    0xb0  spi-board.o [1]
  .bss               zero     0x20000d50    0x70  LoRaMac.o [1]
  .bss               zero     0x20000dc0    0x48  rtc-board.o [1]
  .bss               zero     0x20000e08    0x40  gpio-board.o [1]
  .bss               zero     0x20000e48    0x40  uart-board.o [1]
  .bss               zero     0x20000e88    0x18  board.o [1]
  .bss               zero     0x20000ea0    0x18  board.o [1]
  .bss               zero     0x20000eb8    0x18  LoRaMac.o [1]
  .bss               zero     0x20000ed0    0x18  stm32l1xx_hal_flash.o [1]
  .bss               zero     0x20000ee8    0x18  sx1276-board.o [1]
  .bss               zero     0x20000f00    0x14  LoRaMac.o [1]
  .bss               zero     0x20000f14     0xc  callback_handler.o [1]
  .bss               zero     0x20000f20     0x8  timer.o [1]
  .bss               zero     0x20000f28     0x4  stm32l1xx_hal.o [1]
  .bss               zero     0x20000f2c     0x4  sx1276.o [1]
  .bss               zero     0x20000f30     0x4  xfail_s.o [3]
  .bss               zero     0x20000f34     0x1  board.o [1]
  .bss               zero     0x20000f35     0x1  board.o [1]
  .bss               zero     0x20000f36     0x1  command_parse.o [1]
  .bss               zero     0x20000f37     0x1  main.o [1]
  .bss               zero     0x20000f38     0x1  sx1276-board.o [1]
  .bss               zero     0x20000f39     0x1  uart-board.o [1]
  .bss               zero     0x20000f3a     0x1  uart-board.o [1]
  .bss               zero     0x20000f3b     0x1  usbd_ctlreq.o [1]
                            - 0x20000f3c   0x6f4

"P2", part 3 of 3:                         0x800
  CSTACK                      0x20000f40   0x800  <Block>
    CSTACK           uninit   0x20000f40   0x800  <Block tail>
                            - 0x20001740   0x800


*******************************************************************************
*** INIT TABLE
***

          Address     Size
          -------     ----
Zero (__iar_zero_init3)
    1 destination range, total size 0x6f4:
          0x20000848  0x6f4

Copy/lz77 (__iar_lz77_init_single3)
    1 source range, total size 0x1a1 (19% of destination):
          0x0800a10a  0x1a1
    1 destination range, total size 0x848:
          0x20000000  0x848



*******************************************************************************
*** MODULE SUMMARY
***

    Module                  ro code  ro data  rw data
    ------                  -------  -------  -------
G:\liuyuandong\Project\2019\Work\AT_Module\LoRaMac_AT-Module\Debug\Obj: [1]
    LoRaMac.o                   952       70      508
    Region.o                     78
    RegionCN470.o               512        7       40
    RegionCommon.o              308
    at_parser.o                 836       13       68
    board.o                     842               618
    callback_handler.o        5 788       48      216
    command_parse.o             612      337      801
    delay-board.o                 4
    delay.o                       4
    eeprom_internal.o           284
    fifo.o                      126
    gpio-board.o                812                64
    gpio.o                       24
    main.o                       96                 1
    rtc-board.o               1 624                72
    spi-board.o                 764               176
    startup_stm32l1xx_md.o      412
    stm32l1xx_hal.o             158                 4
    stm32l1xx_hal_cortex.o      270
    stm32l1xx_hal_flash.o       284                24
    stm32l1xx_hal_gpio.o        456
    stm32l1xx_hal_pcd.o       3 194
    stm32l1xx_hal_pwr.o          68
    stm32l1xx_hal_pwr_ex.o       40
    stm32l1xx_hal_rcc.o       1 812
    stm32l1xx_hal_rcc_ex.o      268
    stm32l1xx_hal_rtc.o       1 020
    stm32l1xx_hal_rtc_ex.o      766
    stm32l1xx_hal_spi.o          48
    stm32l1xx_hal_uart.o      1 482
    sx1276-board.o              584      108       25
    sx1276.o                  6 020      114      580
    sysIrqHandlers.o             10
    system_stm32l1xx.o          100        9        4
    timer.o                     616                 8
    uart-board.o                816                66
    uart-usb-board.o             12
    uart.o                       60
    usbd_conf.o                 252               544
    usbd_core.o                 532
    usbd_ctlreq.o             1 140                 1
    usbd_ioreq.o                102
    utilities.o                  94                 4
    -------------------------------------------------
    Total:                   34 282      706    3 824

command line: [2]
    -------------------------------------------------
    Total:

dl7M_tlf.a: [3]
    abort.o                       6
    exit.o                        4
    iar_Stolx.o                 134
    iar_Stoulx.o                372
    isspace.o                    20
    low_level_init.o              4
    snprintf.o                   68
    sscanf.o                     40
    strncasecmp.o                62
    strncat.o                    40
    tolower.o                    20
    xfail_s.o                    68                 4
    xlocale_c.o                  52       17       72
    xprintfsmall_nomb.o       1 216
    xscanfsmall_nomb.o        1 460
    xsnprout.o                   26
    xsscin.o                     30
    -------------------------------------------------
    Total:                    3 622       17       76

m7M_tl.a: [4]
    DblAdd.o                    376
    DblCmpGe.o                   46
    DblDiv.o                    582
    DblMul.o                    418
    DblSub.o                    226
    DblToS32.o                   58
    DblToU32.o                   40
    S32ToDbl.o                   34
    U32ToDbl.o                   26
    ceil.o                       86
    floor.o                      88
    round.o                      82
    -------------------------------------------------
    Total:                    2 062

rt7M_tl.a: [5]
    ABImemclr4.o                  6
    ABImemcpy.o                 134
    ABImemset.o                 102
    ABImemset48.o                58
    cexit.o                      10
    cmain.o                      30
    cstartup_M.o                 12
    data_init.o                  40
    lz77_init_single.o          122
    memchr.o                     88
    strchr.o                     22
    strlen.o                     54
    strncpy.o                   112
    zero_init3.o                 64
    -------------------------------------------------
    Total:                      854

shb_l.a: [6]
    exit.o                       20
    -------------------------------------------------
    Total:                       20

    Gaps                         46        2
    Linker created                        32    2 048
-----------------------------------------------------
    Grand Total:             40 886      757    5 948


*******************************************************************************
*** ENTRY LIST
***

Entry                      Address   Size  Type      Object
-----                      -------   ----  ----      ------
.iar.init_table$$Base   0x08009fe4          --   Gb  - Linker created -
.iar.init_table$$Limit  0x0800a004          --   Gb  - Linker created -
?main                   0x0800a005         Code  Gb  cmain.o [5]
AHBPrescTable           0x08009f0c   0x10  Data  Gb  system_stm32l1xx.o [1]
APBPrescTable           0x0800a068    0x8  Data  Gb  system_stm32l1xx.o [1]
ATRunning               0x20000f36    0x1  Data  Gb  command_parse.o [1]
AT_checkCRLF            0x08007077   0x24  Code  Lc  command_parse.o [1]
AT_cmdInit              0x08006f9b   0x34  Code  Gb  command_parse.o [1]
AT_cmdParse             0x08006e79   0x22  Code  Gb  at_parser.o [1]
AT_getParam             0x08007047   0x30  Code  Gb  command_parse.o [1]
AT_getRespID            0x08006e9b   0x50  Code  Gb  at_parser.o [1]
AT_initParser           0x08006e27   0x52  Code  Gb  at_parser.o [1]
AT_respErrcode          0x08006f4f   0x4c  Code  Gb  command_parse.o [1]
AT_respString           0x08006f11   0x30  Code  Gb  command_parse.o [1]
AT_respStringWithoutID  0x08006f41    0xe  Code  Gb  command_parse.o [1]
AT_saveHandler          0x08006dc1   0x66  Code  Gb  at_parser.o [1]
AT_setADR               0x08005b69   0x26  Code  Gb  callback_handler.o [1]
AT_strDeleteTargetChar  0x08006fcf   0x3c  Code  Gb  command_parse.o [1]
AT_strQuotation         0x0800700b   0x38  Code  Gb  command_parse.o [1]
AT_strTrim              0x08007043    0x4  Code  Lc  command_parse.o [1]
AT_uartSend             0x08006ef9   0x18  Code  Lc  command_parse.o [1]
AckTimeoutRetries       0x2000044c    0x1  Data  Lc  LoRaMac.o [1]
AckTimeoutRetriesCounter
                        0x2000044d    0x1  Data  Lc  LoRaMac.o [1]
AckTimeoutRetry         0x2000044e    0x1  Data  Lc  LoRaMac.o [1]
Addr                    0x20000058    0x4  Data  Lc  callback_handler.o [1]
AdrAckCounter           0x20000478    0x4  Data  Lc  LoRaMac.o [1]
AdrCtrlOn               0x20000442    0x1  Data  Lc  LoRaMac.o [1]
AdrStatus               0x20000056    0x1  Data  Lc  callback_handler.o [1]
AggregatedDCycle        0x20000456    0x2  Data  Lc  LoRaMac.o [1]
AggregatedLastTxDoneTime
                        0x2000047c    0x4  Data  Lc  LoRaMac.o [1]
AggregatedTimeOff       0x20000480    0x4  Data  Lc  LoRaMac.o [1]
AntSwitchHf             0x20000ef4    0xc  Data  Gb  sx1276-board.o [1]
AntSwitchLf             0x20000ee8    0xc  Data  Gb  sx1276-board.o [1]
AppEui                  0x2000004c    0x8  Data  Lc  callback_handler.o [1]
AppKey                  0x200000dc   0x10  Data  Lc  callback_handler.o [1]
AppSKey                 0x200000ec   0x10  Data  Lc  callback_handler.o [1]
Bands                   0x200005a8   0x10  Data  Lc  RegionCN470.o [1]
BandwidthsCN470         0x08008574   0x18  Data  Lc  RegionCN470.o [1]
BlockLowPowerDuringTask
                        0x08002d1d   0x14  Code  Gb  rtc-board.o [1]
BoardDeInitMcu          0x080029b5   0x62  Code  Gb  board.o [1]
BoardDisableIrq         0x080028ef    0xc  Code  Gb  board.o [1]
BoardEnableIrq          0x080028fb   0x12  Code  Gb  board.o [1]
BoardGetRandomSeed      0x08002a17    0xe  Code  Gb  board.o [1]
BoardGetUniqueId        0x08002a25   0x40  Code  Gb  board.o [1]
BoardInitMcu            0x08002955   0x54  Code  Gb  board.o [1]
BoardInitPeriph         0x0800290d   0x48  Code  Gb  board.o [1]
BoardResetMcu           0x080029a9    0xc  Code  Gb  board.o [1]
BoardUnusedIoInit       0x08002a65   0x40  Code  Lc  board.o [1]
BusFault_Handler        0x08002247    0x2  Code  Gb  sysIrqHandlers.o [1]
CHECK_AT_BUSY           0x080070a9    0x6  Code  Gb  command_parse.o [1]
CSTACK$$Base            0x20000f40          --   Gb  - Linker created -
CSTACK$$Limit           0x20001740          --   Gb  - Linker created -
CalendarRollOverReady   0x20000dd4    0x1  Data  Lc  rtc-board.o [1]
CalibrateSystemWakeupTime
                        0x08002b41   0x30  Code  Lc  board.o [1]
CalibrateSystemWakeupTimeTimer
                        0x20000ea4   0x14  Data  Lc  board.o [1]
Century                 0x20000dda    0x2  Data  Lc  rtc-board.o [1]
Channel                 0x2000044a    0x1  Data  Lc  LoRaMac.o [1]
ChannelsDefaultMask     0x2000059c    0xc  Data  Lc  RegionCN470.o [1]
ChannelsMask            0x20000590    0xc  Data  Lc  RegionCN470.o [1]
ChannelsNbRepCounter    0x20000448    0x1  Data  Lc  LoRaMac.o [1]
DataratesCN470          0x0800856c    0x8  Data  Lc  RegionCN470.o [1]
DaysInMonth             0x08003258    0xc  Data  Lc  rtc-board.o [1]
DaysInMonthLeapYear     0x08003264    0xc  Data  Lc  rtc-board.o [1]
DebugMon_Handler        0x0800224b    0x2  Code  Gb  sysIrqHandlers.o [1]
DelayMs                 0x08002049    0x4  Code  Gb  delay.o [1]
DelayMsMcu              0x08003271    0x4  Code  Gb  delay-board.o [1]
DevAddr                 0x20000054    0x1  Data  Lc  callback_handler.o [1]
DevEui                  0x20000044    0x8  Data  Lc  callback_handler.o [1]
DeviceState             0x20000f37    0x1  Data  Lc  main.o [1]
DioIrq                  0x200007a4   0x18  Data  Gb  sx1276.o [1]
DownLinkCounter         0x20000474    0x4  Data  Lc  LoRaMac.o [1]
EXTI0_IRQHandler        0x0800357d   0x10  Code  Gb  gpio-board.o [1]
EXTI15_10_IRQHandler    0x080035f9   0x3a  Code  Gb  gpio-board.o [1]
EXTI1_IRQHandler        0x0800358d   0x10  Code  Gb  gpio-board.o [1]
EXTI2_IRQHandler        0x0800359d   0x10  Code  Gb  gpio-board.o [1]
EXTI3_IRQHandler        0x080035ad   0x10  Code  Gb  gpio-board.o [1]
EXTI4_IRQHandler        0x080035bd   0x10  Code  Gb  gpio-board.o [1]
EXTI9_5_IRQHandler      0x080035cd   0x2c  Code  Gb  gpio-board.o [1]
FLASH_SetErrorCode      0x080076d9   0x44  Code  Lc  stm32l1xx_hal_flash.o [1]
FLASH_WaitForLastOperation
                        0x08007687   0x52  Code  Gb  stm32l1xx_hal_flash.o [1]
FifoFlush               0x08003701    0x8  Code  Gb  fifo.o [1]
FifoInit                0x080036c5    0xc  Code  Gb  fifo.o [1]
FifoNext                0x080036b3   0x12  Code  Lc  fifo.o [1]
FifoPop                 0x080036e5   0x1c  Code  Gb  fifo.o [1]
FifoPush                0x080036d1   0x14  Code  Gb  fifo.o [1]
FskBandwidths           0x08000300   0xb0  Data  Gb  sx1276.o [1]
GetBandwidth            0x0800839d   0x24  Code  Lc  RegionCN470.o [1]
GetBoardPowerSource     0x08002c13    0x4  Code  Gb  board.o [1]
GetFskBandwidthRegValue
                        0x080002db   0x26  Code  Lc  sx1276.o [1]
GpioInit                0x080025b7   0x10  Code  Gb  gpio.o [1]
GpioIrq                 0x20000e08   0x40  Data  Lc  gpio-board.o [1]
GpioMcuInit             0x08003359  0x11e  Code  Gb  gpio-board.o [1]
GpioMcuSetInterrupt     0x08003479   0xe8  Code  Gb  gpio-board.o [1]
GpioMcuWrite            0x08003561   0x1c  Code  Gb  gpio-board.o [1]
GpioSetInterrupt        0x080025c7    0x4  Code  Gb  gpio.o [1]
GpioWrite               0x080025cb    0x4  Code  Gb  gpio.o [1]
HAL_DBGMCU_EnableDBGSleepMode
                        0x08003783    0xc  Code  Gb  stm32l1xx_hal.o [1]
HAL_DBGMCU_EnableDBGStandbyMode
                        0x0800379b    0xc  Code  Gb  stm32l1xx_hal.o [1]
HAL_DBGMCU_EnableDBGStopMode
                        0x0800378f    0xc  Code  Gb  stm32l1xx_hal.o [1]
HAL_Delay               0x080048d7   0x18  Code  Wk  stm32l1xx_hal.o [1]
HAL_FLASH_Lock          0x08007679    0xe  Code  Gb  stm32l1xx_hal_flash.o [1]
HAL_FLASH_Program       0x0800761d   0x36  Code  Gb  stm32l1xx_hal_flash.o [1]
HAL_FLASH_Unlock        0x08007653   0x26  Code  Gb  stm32l1xx_hal_flash.o [1]
HAL_GPIO_EXTI_Callback  0x08003633   0x26  Code  Gb  gpio-board.o [1]
HAL_GPIO_EXTI_IRQHandler
                        0x08004a81   0x12  Code  Gb  stm32l1xx_hal_gpio.o [1]
HAL_GPIO_Init           0x080048f1  0x17e  Code  Gb  stm32l1xx_hal_gpio.o [1]
HAL_GPIO_WritePin       0x08004a6f   0x12  Code  Gb  stm32l1xx_hal_gpio.o [1]
HAL_GetTick             0x08004e15    0xc  Code  Wk  stm32l1xx_hal.o [1]
HAL_IncTick             0x080040e1   0x10  Code  Wk  stm32l1xx_hal.o [1]
HAL_Init                0x0800376d   0x16  Code  Gb  stm32l1xx_hal.o [1]
HAL_InitTick            0x08004ded   0x28  Code  Wk  stm32l1xx_hal.o [1]
HAL_NVIC_EnableIRQ      0x080040a3    0x2  Code  Gb  stm32l1xx_hal_cortex.o [1]
HAL_NVIC_SetPriority    0x08004085   0x1e  Code  Gb  stm32l1xx_hal_cortex.o [1]
HAL_NVIC_SetPriorityGrouping
                        0x08004083    0x2  Code  Gb  stm32l1xx_hal_cortex.o [1]
HAL_PCD_DataInStageCallback
                        0x080095cd   0x12  Code  Gb  usbd_conf.o [1]
HAL_PCD_DataOutStageCallback
                        0x080095b9   0x14  Code  Gb  usbd_conf.o [1]
HAL_PCD_EP_ClrStall     0x080094e1   0xca  Code  Gb  stm32l1xx_hal_pcd.o [1]
HAL_PCD_EP_Open         0x08008e25  0x2f0  Code  Gb  stm32l1xx_hal_pcd.o [1]
HAL_PCD_EP_Receive      0x08009115  0x178  Code  Gb  stm32l1xx_hal_pcd.o [1]
HAL_PCD_EP_SetStall     0x08009447   0x9a  Code  Gb  stm32l1xx_hal_pcd.o [1]
HAL_PCD_EP_Transmit     0x0800928d  0x1ba  Code  Gb  stm32l1xx_hal_pcd.o [1]
HAL_PCD_IRQHandler      0x08008cd7  0x11c  Code  Gb  stm32l1xx_hal_pcd.o [1]
HAL_PCD_ResetCallback   0x080095e7   0x1a  Code  Gb  usbd_conf.o [1]
HAL_PCD_ResumeCallback  0x0800961f    0x8  Code  Gb  usbd_conf.o [1]
HAL_PCD_SOFCallback     0x080095df    0x8  Code  Gb  usbd_conf.o [1]
HAL_PCD_SetAddress      0x08008df3   0x2e  Code  Gb  stm32l1xx_hal_pcd.o [1]
HAL_PCD_SetupStageCallback
                        0x080095ad    0xc  Code  Gb  usbd_conf.o [1]
HAL_PCD_SuspendCallback
                        0x08009601   0x1e  Code  Gb  usbd_conf.o [1]
HAL_PWREx_EnableFastWakeUp
                        0x08004537    0x8  Code  Gb  stm32l1xx_hal_pwr_ex.o [1]
HAL_PWREx_EnableUltraLowPower
                        0x0800453f    0x8  Code  Gb  stm32l1xx_hal_pwr_ex.o [1]
HAL_PWREx_GetVoltageRange
                        0x0800452d    0xa  Code  Gb  stm32l1xx_hal_pwr_ex.o [1]
HAL_PWR_DisablePVD      0x080044e9    0x8  Code  Gb  stm32l1xx_hal_pwr.o [1]
HAL_PWR_EnterSTOPMode   0x080044f1   0x2e  Code  Gb  stm32l1xx_hal_pwr.o [1]
HAL_RCCEx_PeriphCLKConfig
                        0x08003ec5   0xfe  Code  Gb  stm32l1xx_hal_rcc_ex.o [1]
HAL_RCC_ClockConfig     0x08003c15  0x190  Code  Gb  stm32l1xx_hal_rcc.o [1]
HAL_RCC_GetHCLKFreq     0x08003def    0x6  Code  Gb  stm32l1xx_hal_rcc.o [1]
HAL_RCC_GetPCLK1Freq    0x08003df5   0x16  Code  Gb  stm32l1xx_hal_rcc.o [1]
HAL_RCC_GetPCLK2Freq    0x08003e0b   0x16  Code  Gb  stm32l1xx_hal_rcc.o [1]
HAL_RCC_GetSysClockFreq
                        0x08003da5   0x4a  Code  Gb  stm32l1xx_hal_rcc.o [1]
HAL_RCC_OscConfig       0x080037b1  0x464  Code  Gb  stm32l1xx_hal_rcc.o [1]
HAL_RTCEx_AlarmBEventCallback
                        0x08004e25    0x2  Code  Wk  stm32l1xx_hal_rtc_ex.o [1]
HAL_RTCEx_DeactivateWakeUpTimer
                        0x080047d7   0x72  Code  Gb  stm32l1xx_hal_rtc_ex.o [1]
HAL_RTC_AlarmIRQHandler
                        0x08004423   0x56  Code  Gb  stm32l1xx_hal_rtc.o [1]
HAL_RTC_DeactivateAlarm
                        0x0800437b   0xa8  Code  Gb  stm32l1xx_hal_rtc.o [1]
HAL_RTC_GetAlarm        0x08004727   0x7e  Code  Gb  stm32l1xx_hal_rtc_ex.o [1]
HAL_RTC_GetDate         0x08004331   0x4a  Code  Gb  stm32l1xx_hal_rtc.o [1]
HAL_RTC_GetTime         0x08004555   0x4e  Code  Gb  stm32l1xx_hal_rtc_ex.o [1]
HAL_RTC_Init            0x080040f1   0x9a  Code  Gb  stm32l1xx_hal_rtc.o [1]
HAL_RTC_SetAlarm_IT     0x080045a3  0x184  Code  Gb  stm32l1xx_hal_rtc_ex.o [1]
HAL_RTC_SetDate         0x08004269   0xc8  Code  Gb  stm32l1xx_hal_rtc.o [1]
HAL_RTC_SetTime         0x0800418b   0xde  Code  Gb  stm32l1xx_hal_rtc.o [1]
HAL_RTC_WaitForSynchro  0x080047a5   0x32  Code  Gb  stm32l1xx_hal_rtc_ex.o [1]
HAL_SPI_DeInit          0x08003689   0x2a  Code  Gb  stm32l1xx_hal_spi.o [1]
HAL_SPI_Init            0x08003685    0x4  Code  Wk  stm32l1xx_hal_spi.o [1]
HAL_SYSTICK_CLKSourceConfig
                        0x080040a7   0x18  Code  Gb  stm32l1xx_hal_cortex.o [1]
HAL_SYSTICK_Config      0x080040a5    0x2  Code  Gb  stm32l1xx_hal_cortex.o [1]
HAL_SYSTICK_IRQHandler  0x080040d9    0x4  Code  Gb  stm32l1xx_hal_cortex.o [1]
HAL_UART_ErrorCallback  0x08004d79    0xa  Code  Gb  uart-board.o [1]
HAL_UART_IRQHandler     0x08004f49   0xf0  Code  Gb  stm32l1xx_hal_uart.o [1]
HAL_UART_Init           0x08004e29   0x5c  Code  Gb  stm32l1xx_hal_uart.o [1]
HAL_UART_Receive_IT     0x08004edd   0x6c  Code  Gb  stm32l1xx_hal_uart.o [1]
HAL_UART_RxCpltCallback
                        0x08004d43   0x36  Code  Gb  uart-board.o [1]
HAL_UART_Transmit_IT    0x08004e85   0x58  Code  Gb  stm32l1xx_hal_uart.o [1]
HAL_UART_TxCpltCallback
                        0x08004d0d   0x36  Code  Gb  uart-board.o [1]
HasLoopedThroughMain    0x20000f20    0x1  Data  Gb  timer.o [1]
InitalizeFactory        0x20000055    0x1  Data  Gb  callback_handler.o [1]
IrqNestLevel            0x20000f35    0x1  Data  Lc  board.o [1]
IsFifoEmpty             0x08003709   0x10  Code  Gb  fifo.o [1]
IsFifoFull              0x08003719   0x18  Code  Gb  fifo.o [1]
IsLoRaMacNetworkJoined  0x20000441    0x1  Data  Lc  LoRaMac.o [1]
IsRxWindowsEnabled      0x20000440    0x1  Data  Lc  LoRaMac.o [1]
LastTxChannel           0x2000044b    0x1  Data  Lc  LoRaMac.o [1]
LoRaMacAppEui           0x2000045c    0x4  Data  Lc  LoRaMac.o [1]
LoRaMacAppKey           0x20000460    0x4  Data  Lc  LoRaMac.o [1]
LoRaMacAppSKey          0x200004b0   0x10  Data  Lc  LoRaMac.o [1]
LoRaMacBufferPktLen     0x20000454    0x2  Data  Lc  LoRaMac.o [1]
LoRaMacCallbacks        0x20000490    0x4  Data  Lc  LoRaMac.o [1]
LoRaMacDevAddr          0x20000468    0x4  Data  Lc  LoRaMac.o [1]
LoRaMacDevEui           0x20000458    0x4  Data  Lc  LoRaMac.o [1]
LoRaMacDevNonce         0x20000452    0x2  Data  Lc  LoRaMac.o [1]
LoRaMacDeviceClass      0x2000043d    0x1  Data  Lc  LoRaMac.o [1]
LoRaMacFlags            0x20000450    0x1  Data  Gb  LoRaMac.o [1]
LoRaMacInitializationTime
                        0x20000484    0x4  Data  Lc  LoRaMac.o [1]
LoRaMacMibSetRequestConfirm
                        0x08007235  0x310  Code  Gb  LoRaMac.o [1]
LoRaMacNetID            0x20000464    0x4  Data  Lc  LoRaMac.o [1]
LoRaMacNwkSKey          0x200004a0   0x10  Data  Lc  LoRaMac.o [1]
LoRaMacParams           0x20000d50   0x38  Data  Gb  LoRaMac.o [1]
LoRaMacParamsDefaults   0x20000d88   0x38  Data  Gb  LoRaMac.o [1]
LoRaMacPrimitives       0x2000048c    0x4  Data  Lc  LoRaMac.o [1]
LoRaMacRegion           0x2000043c    0x1  Data  Lc  LoRaMac.o [1]
LoRaMacState            0x20000488    0x4  Data  Gb  LoRaMac.o [1]
LoadInt                 0x08007a37   0x56  Code  Lc  xprintfsmall_nomb.o [3]
LowPowerDisableDuringTask
                        0x20000dd7    0x1  Data  Lc  rtc-board.o [1]
ME_LUT                  0x20000030   0x14  Data  Gb  at_parser.o [1]
MS_LUT                  0x20000018   0x18  Data  Gb  at_parser.o [1]
MacCommandsBufferIndex  0x20000446    0x1  Data  Lc  LoRaMac.o [1]
MacCommandsBufferToRepeat
                        0x200004c0   0x80  Data  Lc  LoRaMac.o [1]
MacCommandsBufferToRepeatIndex
                        0x20000447    0x1  Data  Lc  LoRaMac.o [1]
MacCommandsInNextTx     0x20000445    0x1  Data  Lc  LoRaMac.o [1]
MacStateCheckTimer      0x20000540   0x14  Data  Lc  LoRaMac.o [1]
MaxDCycle               0x20000449    0x1  Data  Lc  LoRaMac.o [1]
MaxPayloadOfDatarateCN470
                        0x0800858c    0x8  Data  Lc  RegionCN470.o [1]
MaxPayloadOfDatarateRepeaterCN470
                        0x08008594    0x8  Data  Lc  RegionCN470.o [1]
McpsIndication          0x20000eb8   0x18  Data  Lc  LoRaMac.o [1]
McuInitialized          0x20000f34    0x1  Data  Lc  board.o [1]
McuWakeUpTime           0x20000e00    0x4  Data  Gb  rtc-board.o [1]
MemManage_Handler       0x08002245    0x2  Code  Gb  sysIrqHandlers.o [1]
MessageHandler          0x08005add   0x12  Code  Gb  callback_handler.o [1]
MlmeConfirm             0x20000430    0xc  Data  Lc  LoRaMac.o [1]
MulticastChannels       0x2000046c    0x4  Data  Lc  LoRaMac.o [1]
NMI_Handler             0x08002243    0x2  Code  Gb  sysIrqHandlers.o [1]
NVIC_EnableIRQ          0x08003ff5   0x12  Code  Lc  stm32l1xx_hal_cortex.o [1]
NVIC_EncodePriority     0x08004025   0x36  Code  Lc  stm32l1xx_hal_cortex.o [1]
NVIC_GetPriorityGrouping
                        0x08003feb    0xa  Code  Lc  stm32l1xx_hal_cortex.o [1]
NVIC_SetPriority        0x08004007   0x1e  Code  Lc  stm32l1xx_hal_cortex.o [1]
NVIC_SetPriorityGrouping
                        0x08003fd1   0x1a  Code  Lc  stm32l1xx_hal_cortex.o [1]
NVIC_SystemReset        0x080028cd   0x1a  Code  Lc  board.o [1]
NWKSKey                 0x200000fc   0x10  Data  Lc  callback_handler.o [1]
NodeAckRequested        0x20000443    0x1  Data  Lc  LoRaMac.o [1]
NonScheduledWakeUp      0x20000dd5    0x1  Data  Gb  rtc-board.o [1]
OnCalibrateSystemWakeupTimeTimerEvent
                        0x080028e7    0x8  Code  Lc  board.o [1]
OnRxWindow2TimerEvent   0x080071a1   0x56  Code  Lc  LoRaMac.o [1]
OpenContinuousRx2Window
                        0x08007219   0x10  Code  Lc  LoRaMac.o [1]
PCD_EP_ISR_Handler      0x08008931  0x364  Code  Lc  stm32l1xx_hal_pcd.o [1]
PCD_ReadPMA             0x08008cbb   0x1c  Code  Lc  stm32l1xx_hal_pcd.o [1]
PCD_WritePMA            0x08008c95   0x26  Code  Lc  stm32l1xx_hal_pcd.o [1]
PLLMulTable             0x08009f00    0xc  Data  Gb  system_stm32l1xx.o [1]
PreviousCentury         0x20000ddc    0x2  Data  Lc  rtc-board.o [1]
PublicNetwork           0x2000043e    0x1  Data  Lc  LoRaMac.o [1]
RCC_SetFlashLatencyFromMSIRange
                        0x08003e21   0x72  Code  Lc  stm32l1xx_hal_rcc.o [1]
RTC_Alarm_IRQHandler    0x080031d9   0x2e  Code  Gb  rtc-board.o [1]
RTC_Bcd2ToByte          0x080044d5   0x14  Code  Gb  stm32l1xx_hal_rtc.o [1]
RTC_ByteToBcd2          0x080044bf   0x16  Code  Gb  stm32l1xx_hal_rtc.o [1]
RTC_EnterInitMode       0x08004489   0x36  Code  Gb  stm32l1xx_hal_rtc.o [1]
Radio                   0x08009e4c   0x6c  Data  Gb  sx1276-board.o [1]
RadioEvents             0x20000f2c    0x4  Data  Lc  sx1276.o [1]
RadioIsActive           0x20000f38    0x1  Data  Lc  sx1276-board.o [1]
RadioRegsInit           0x08001848   0x30  Data  Gb  sx1276.o [1]
RcvBuff                 0x20000880  0x100  Data  Gb  board.o [1]
Region$$Table$$Base     0x08009fe4          --   Gb  - Linker created -
Region$$Table$$Limit    0x0800a004          --   Gb  - Linker created -
RegionCN470ChanMaskSet  0x08008419   0x30  Code  Gb  RegionCN470.o [1]
RegionCN470ComputeRxWindowParameters
                        0x08008449   0x60  Code  Gb  RegionCN470.o [1]
RegionCN470RxConfig     0x080084a9   0xa8  Code  Gb  RegionCN470.o [1]
RegionCN470Verify       0x080083c1   0x58  Code  Gb  RegionCN470.o [1]
RegionChanMaskSet       0x08007cfb    0xe  Code  Gb  Region.o [1]
RegionCommonChanMaskCopy
                        0x080087fb   0x24  Code  Gb  RegionCommon.o [1]
RegionCommonComputeRxWindowParameters
                        0x0800884f   0xbe  Code  Gb  RegionCommon.o [1]
RegionCommonComputeSymbolTimeLoRa
                        0x0800881f   0x30  Code  Gb  RegionCommon.o [1]
RegionCommonValueInRange
                        0x080087e9   0x12  Code  Gb  RegionCommon.o [1]
RegionComputeRxWindowParameters
                        0x08007d09   0x1c  Code  Gb  Region.o [1]
RegionRxConfig          0x08007d25   0x12  Code  Gb  Region.o [1]
RegionVerify            0x08007ce9   0x12  Code  Gb  Region.o [1]
RepeaterSupport         0x2000043f    0x1  Data  Lc  LoRaMac.o [1]
RtcCalendarContext      0x20000dc0   0x14  Data  Gb  rtc-board.o [1]
RtcCheckCalendarRollOver
                        0x08003173   0x28  Code  Lc  rtc-board.o [1]
RtcComputeElapsedTime   0x08002cfb   0x22  Code  Gb  rtc-board.o [1]
RtcComputeTimerTimeToAlarmTick
                        0x08002e9f  0x1c0  Code  Lc  rtc-board.o [1]
RtcComputeWakeUpTime    0x08002da7   0x74  Code  Lc  rtc-board.o [1]
RtcConvertCalendarTickToTimerTime
                        0x0800305f  0x114  Code  Lc  rtc-board.o [1]
RtcEnterLowPowerStopMode
                        0x08002d31   0x3e  Code  Gb  rtc-board.o [1]
RtcGetAdjustedTimeoutValue
                        0x08002ca1   0x32  Code  Gb  rtc-board.o [1]
RtcGetCalendar          0x0800319b   0x3e  Code  Lc  rtc-board.o [1]
RtcGetElapsedAlarmTime  0x08002cd7   0x24  Code  Gb  rtc-board.o [1]
RtcGetTimerValue        0x08002cd3    0x4  Code  Gb  rtc-board.o [1]
RtcHandle               0x20000de0   0x20  Data  Gb  rtc-board.o [1]
RtcInit                 0x08002c19   0x86  Code  Gb  rtc-board.o [1]
RtcInitialized          0x20000dd8    0x1  Data  Lc  rtc-board.o [1]
RtcRecoverMcuStatus     0x08002d6f   0x38  Code  Gb  rtc-board.o [1]
RtcSetTimeout           0x08002c9f    0x2  Code  Gb  rtc-board.o [1]
RtcStartWakeUpAlarm     0x08002e1b   0x84  Code  Lc  rtc-board.o [1]
RtcTimerEventAllowsLowPower
                        0x20000dd6    0x1  Data  Lc  rtc-board.o [1]
RxChainCalibration      0x08000245   0x96  Code  Lc  sx1276.o [1]
RxData                  0x20000f39    0x1  Data  Gb  uart-board.o [1]
RxSlot                  0x2000044f    0x1  Data  Lc  LoRaMac.o [1]
RxTimeoutSyncWord       0x200007e4   0x14  Data  Gb  sx1276.o [1]
RxTimeoutTimer          0x200007d0   0x14  Data  Gb  sx1276.o [1]
RxTxBuffer              0x200006a4  0x100  Data  Lc  sx1276.o [1]
RxWindow1Delay          0x20000494    0x4  Data  Lc  LoRaMac.o [1]
RxWindow2Config         0x20000f00   0x14  Data  Lc  LoRaMac.o [1]
RxWindow2Delay          0x20000498    0x4  Data  Lc  LoRaMac.o [1]
RxWindowSetup           0x080071f7   0x16  Code  Lc  LoRaMac.o [1]
RxWindowTimer1          0x20000568   0x14  Data  Lc  LoRaMac.o [1]
RxWindowTimer2          0x2000057c   0x14  Data  Lc  LoRaMac.o [1]
SET_AT_BUSY             0x080070af    0x8  Code  Gb  command_parse.o [1]
SET_AT_IDLE             0x080070b7    0x8  Code  Gb  command_parse.o [1]
SX1276                  0x200005b8   0xec  Data  Gb  sx1276.o [1]
SX1276AntSwDeInit       0x08001cb1   0x2c  Code  Gb  sx1276-board.o [1]
SX1276AntSwInit         0x08001c83   0x2e  Code  Gb  sx1276-board.o [1]
SX1276CheckRfFrequency  0x08001d25    0x4  Code  Gb  sx1276-board.o [1]
SX1276GetBoardTcxoWakeupTime
                        0x08001b4f    0x4  Code  Gb  sx1276-board.o [1]
SX1276GetPaSelect       0x08001c49    0xe  Code  Gb  sx1276-board.o [1]
SX1276GetStatus         0x08000169    0xa  Code  Gb  sx1276.o [1]
SX1276GetTimeOnAir      0x08000927  0x21e  Code  Gb  sx1276.o [1]
SX1276GetWakeupTime     0x0800128b    0xa  Code  Gb  sx1276.o [1]
SX1276Init              0x080000f5   0x74  Code  Gb  sx1276.o [1]
SX1276IoDeInit          0x08001b1d   0x30  Code  Gb  sx1276-board.o [1]
SX1276IoInit            0x08001ae1   0x30  Code  Gb  sx1276-board.o [1]
SX1276IoIrqInit         0x08001b11    0xc  Code  Gb  sx1276-board.o [1]
SX1276IsChannelFree     0x080001b7   0x50  Code  Gb  sx1276.o [1]
SX1276OnDio0Irq         0x08001379  0x264  Code  Gb  sx1276.o [1]
SX1276OnDio1Irq         0x080015dd   0xd8  Code  Gb  sx1276.o [1]
SX1276OnDio2Irq         0x080016c5   0xf6  Code  Gb  sx1276.o [1]
SX1276OnDio3Irq         0x080017bb   0x54  Code  Gb  sx1276.o [1]
SX1276OnDio4Irq         0x08001819   0x1a  Code  Gb  sx1276.o [1]
SX1276OnTimeoutIrq      0x08001295   0xd6  Code  Gb  sx1276.o [1]
SX1276Random            0x08000207   0x3e  Code  Gb  sx1276.o [1]
SX1276Read              0x0800116d   0x10  Code  Gb  sx1276.o [1]
SX1276ReadBuffer        0x080011cb   0x50  Code  Gb  sx1276.o [1]
SX1276ReadFifo          0x08001223    0x8  Code  Gb  sx1276.o [1]
SX1276ReadRssi          0x08001055   0x44  Code  Gb  sx1276.o [1]
SX1276Reset             0x08001b53   0x40  Code  Gb  sx1276-board.o [1]
SX1276Send              0x08000b45   0xfe  Code  Gb  sx1276.o [1]
SX1276SetAntSw          0x08001cdd   0x34  Code  Gb  sx1276-board.o [1]
SX1276SetAntSwLowPower  0x08001c57   0x2c  Code  Gb  sx1276-board.o [1]
SX1276SetBoardTcxo      0x08001b4d    0x2  Code  Lc  sx1276-board.o [1]
SX1276SetChannel        0x08000173   0x44  Code  Gb  sx1276.o [1]
SX1276SetMaxPayloadLength
                        0x0800122b   0x36  Code  Gb  sx1276.o [1]
SX1276SetModem          0x080010cd   0x84  Code  Gb  sx1276.o [1]
SX1276SetOpMode         0x0800109d   0x30  Code  Gb  sx1276.o [1]
SX1276SetPublicNetwork  0x08001261   0x2a  Code  Gb  sx1276.o [1]
SX1276SetRfTxPower      0x08001b93   0xb6  Code  Gb  sx1276-board.o [1]
SX1276SetRx             0x08000c95  0x248  Code  Gb  sx1276.o [1]
SX1276SetRxConfig       0x080003b1  0x31e  Code  Gb  sx1276.o [1]
SX1276SetSleep          0x08000c43   0x22  Code  Gb  sx1276.o [1]
SX1276SetStby           0x08000c65   0x22  Code  Gb  sx1276.o [1]
SX1276SetTx             0x08000ee5   0xb4  Code  Gb  sx1276.o [1]
SX1276SetTxConfig       0x080006cf  0x258  Code  Gb  sx1276.o [1]
SX1276SetTxContinuousWave
                        0x08000fcd   0x82  Code  Gb  sx1276.o [1]
SX1276StartCad          0x08000f99   0x34  Code  Gb  sx1276.o [1]
SX1276Write             0x08001161    0xc  Code  Gb  sx1276.o [1]
SX1276WriteBuffer       0x0800117d   0x4e  Code  Gb  sx1276.o [1]
SX1276WriteFifo         0x0800121b    0x8  Code  Gb  sx1276.o [1]
SndBuff                 0x20000980  0x100  Data  Gb  board.o [1]
SpiDeInit               0x08002747   0x6c  Code  Gb  spi-board.o [1]
SpiFormat               0x080027b3   0x78  Code  Gb  spi-board.o [1]
SpiFrequency            0x0800282b   0x42  Code  Gb  spi-board.o [1]
SpiHandle               0x20000ca0   0xb0  Data  Lc  spi-board.o [1]
SpiInOut                0x0800286d   0x46  Code  Gb  spi-board.o [1]
SpiInit                 0x080025d1  0x176  Code  Gb  spi-board.o [1]
SrvAckRequested         0x20000444    0x1  Data  Lc  LoRaMac.o [1]
SysTick_Config          0x0800405b   0x28  Code  Lc  stm32l1xx_hal_cortex.o [1]
SysTick_Handler         0x08002c05    0xe  Code  Gb  board.o [1]
SystemClockConfig       0x08002aa5   0x9c  Code  Lc  board.o [1]
SystemClockReConfig     0x08002b71   0x5c  Code  Lc  board.o [1]
SystemCoreClock         0x200007f8    0x4  Data  Gb  system_stm32l1xx.o [1]
SystemInit              0x08009eb9   0x38  Code  Gb  system_stm32l1xx.o [1]
SystemWakeupTimeCalibrated
                        0x20000ea0    0x1  Data  Lc  board.o [1]
TimeoutValueError       0x20000e04    0x4  Data  Lc  rtc-board.o [1]
TimerExists             0x08001a57   0x18  Code  Lc  timer.o [1]
TimerGetCurrentTime     0x08001a83    0x4  Code  Gb  timer.o [1]
TimerGetElapsedTime     0x08001a87    0x4  Code  Gb  timer.o [1]
TimerGetValue           0x08001a7f    0x4  Code  Gb  timer.o [1]
TimerInit               0x08001879   0x10  Code  Gb  timer.o [1]
TimerInsertNewHeadTimer
                        0x08001949   0x20  Code  Lc  timer.o [1]
TimerInsertTimer        0x080018ef   0x5a  Code  Lc  timer.o [1]
TimerIrqHandler         0x08001969   0x56  Code  Gb  timer.o [1]
TimerListHead           0x20000f24    0x4  Data  Lc  timer.o [1]
TimerLowPowerHandler    0x08001aa5   0x36  Code  Gb  timer.o [1]
TimerSetTimeout         0x08001a8b   0x1a  Code  Lc  timer.o [1]
TimerSetValue           0x08001a6f   0x10  Code  Gb  timer.o [1]
TimerStart              0x08001889   0x66  Code  Gb  timer.o [1]
TimerStop               0x080019bf   0x98  Code  Gb  timer.o [1]
TxData                  0x20000f3a    0x1  Data  Gb  uart-board.o [1]
TxDelayedTimer          0x20000554   0x14  Data  Lc  LoRaMac.o [1]
TxTimeOnAir             0x2000049c    0x4  Data  Gb  LoRaMac.o [1]
TxTimeoutTimer          0x200007bc   0x14  Data  Gb  sx1276.o [1]
UART_EndTransmit_IT     0x0800509f   0x2a  Code  Lc  stm32l1xx_hal_uart.o [1]
UART_Receive_IT         0x080050c9   0xac  Code  Lc  stm32l1xx_hal_uart.o [1]
UART_SetConfig          0x08005175  0x274  Code  Lc  stm32l1xx_hal_uart.o [1]
UART_Transmit_IT        0x08005039   0x66  Code  Lc  stm32l1xx_hal_uart.o [1]
USART1_IRQHandler       0x08004d83   0x4e  Code  Gb  uart-board.o [1]
USBD_ClrClassConfig     0x080096c7    0xe  Code  Gb  usbd_core.o [1]
USBD_ClrFeature         0x08009cbd   0x36  Code  Lc  usbd_ctlreq.o [1]
USBD_CtlContinueRx      0x08009d5b   0x10  Code  Gb  usbd_ioreq.o [1]
USBD_CtlContinueSendData
                        0x08009d4b   0x10  Code  Gb  usbd_ioreq.o [1]
USBD_CtlError           0x08009d1b   0x16  Code  Gb  usbd_ctlreq.o [1]
USBD_CtlReceiveStatus   0x08009d81   0x16  Code  Gb  usbd_ioreq.o [1]
USBD_CtlSendData        0x08009d31   0x1a  Code  Gb  usbd_ioreq.o [1]
USBD_CtlSendStatus      0x08009d6b   0x16  Code  Gb  usbd_ioreq.o [1]
USBD_GetConfig          0x08009c45   0x2c  Code  Lc  usbd_ctlreq.o [1]
USBD_GetDescriptor      0x08009a55  0x112  Code  Lc  usbd_ctlreq.o [1]
USBD_GetStatus          0x08009c71   0x26  Code  Lc  usbd_ctlreq.o [1]
USBD_LL_ClearStallEP    0x08009649    0xe  Code  Gb  usbd_conf.o [1]
USBD_LL_DataInStage     0x08009793   0xac  Code  Gb  usbd_core.o [1]
USBD_LL_DataOutStage    0x0800972b   0x68  Code  Gb  usbd_core.o [1]
USBD_LL_IsStallEP       0x08009657   0x24  Code  Gb  usbd_conf.o [1]
USBD_LL_OpenEP          0x08009627   0x14  Code  Gb  usbd_conf.o [1]
USBD_LL_PrepareReceive  0x08009697    0xe  Code  Gb  usbd_conf.o [1]
USBD_LL_Reset           0x0800983f   0x42  Code  Gb  usbd_core.o [1]
USBD_LL_Resume          0x08009897    0xc  Code  Gb  usbd_core.o [1]
USBD_LL_SOF             0x080098a3   0x1a  Code  Gb  usbd_core.o [1]
USBD_LL_SetSpeed        0x08009881    0x6  Code  Gb  usbd_core.o [1]
USBD_LL_SetUSBAddress   0x0800967b    0xe  Code  Gb  usbd_conf.o [1]
USBD_LL_SetupStage      0x080096d5   0x56  Code  Gb  usbd_core.o [1]
USBD_LL_StallEP         0x0800963b    0xe  Code  Gb  usbd_conf.o [1]
USBD_LL_Suspend         0x08009887   0x10  Code  Gb  usbd_core.o [1]
USBD_LL_Transmit        0x08009689    0xe  Code  Gb  usbd_conf.o [1]
USBD_ParseSetupRequest  0x08009cf3   0x28  Code  Gb  usbd_ctlreq.o [1]
USBD_RunTestMode        0x080096a9    0x4  Code  Gb  usbd_core.o [1]
USBD_SetAddress         0x08009b67   0x48  Code  Lc  usbd_ctlreq.o [1]
USBD_SetClassConfig     0x080096ad   0x1a  Code  Gb  usbd_core.o [1]
USBD_SetConfig          0x08009baf   0x92  Code  Lc  usbd_ctlreq.o [1]
USBD_SetConfig::cfgidx  0x20000f3b    0x1  Data  Lc  usbd_ctlreq.o [1]
USBD_SetFeature         0x08009c97   0x26  Code  Lc  usbd_ctlreq.o [1]
USBD_StdDevReq          0x080098bd   0x48  Code  Gb  usbd_ctlreq.o [1]
USBD_StdEPReq           0x0800993b  0x118  Code  Gb  usbd_ctlreq.o [1]
USBD_StdItfReq          0x08009905   0x36  Code  Gb  usbd_ctlreq.o [1]
USB_LP_IRQHandler       0x0800a049    0x6  Code  Gb  uart-usb-board.o [1]
Uart1                   0x20000848   0x38  Data  Gb  board.o [1]
UartConfig              0x08003749   0x14  Code  Gb  uart.o [1]
UartGetChar             0x08003761    0x4  Code  Gb  uart.o [1]
UartGetFrame            0x08003769    0x4  Code  Gb  uart.o [1]
UartHandle              0x20000e48   0x40  Data  Lc  uart-board.o [1]
UartInit                0x08003731   0x18  Code  Gb  uart.o [1]
UartMcuConfig           0x08004b1d   0xd4  Code  Gb  uart-board.o [1]
UartMcuGetChar          0x08004c3b   0x3a  Code  Gb  uart-board.o [1]
UartMcuGetFrame         0x08004ccd   0x40  Code  Gb  uart-board.o [1]
UartMcuInit             0x08004abd   0x60  Code  Gb  uart-board.o [1]
UartMcuPutBuffer        0x08004c75   0x58  Code  Gb  uart-board.o [1]
UartMcuPutChar          0x08004bf1   0x4a  Code  Gb  uart-board.o [1]
UartPutBuffer           0x08003765    0x4  Code  Gb  uart.o [1]
UartPutChar             0x0800375d    0x4  Code  Gb  uart.o [1]
UartRcvChar             0x20000e89    0x1  Data  Gb  board.o [1]
UartRcvFrame            0x20000e88    0x1  Data  Gb  board.o [1]
UartRcvFrameTimer       0x20000e8c   0x14  Data  Lc  board.o [1]
UpLinkCounter           0x20000470    0x4  Data  Lc  LoRaMac.o [1]
UsageFault_Handler      0x08002249    0x2  Code  Gb  sysIrqHandlers.o [1]
VariablesInit           0x080053f5   0xc4  Code  Gb  callback_handler.o [1]
Version                 0x2000010c    0x4  Data  Lc  callback_handler.o [1]
WakeUpTimeInitialized   0x20000dd9    0x1  Data  Lc  rtc-board.o [1]
_GetN                   0x08007d4d   0x22  Code  Lc  xscanfsmall_nomb.o [3]
_GetintSmallNoMb        0x08008087  0x1fe  Code  Lc  xscanfsmall_nomb.o [3]
_GetstrSmallNoMb        0x08007f9b   0xec  Code  Lc  xscanfsmall_nomb.o [3]
_LitobSmallNoMb         0x08007bc9   0xce  Code  Lc  xprintfsmall_nomb.o [3]
_LocaleC_isspace        0x080085a9   0x14  Code  Gb  xlocale_c.o [3]
_LocaleC_isupper        0x0800859d    0x2  Code  Gb  xlocale_c.o [3]
_LocaleC_tolower        0x080085bd    0xc  Code  Gb  xlocale_c.o [3]
_PrintfSmallNoMb        0x08007829  0x204  Code  Gb  xprintfsmall_nomb.o [3]
_PutcharsSmallNoMb      0x08007c97   0x2e  Code  Lc  xprintfsmall_nomb.o [3]
_PutfldSmallNoMb        0x08007a8d  0x13c  Code  Lc  xprintfsmall_nomb.o [3]
_SNProut                0x080021ef   0x1a  Code  Gb  xsnprout.o [3]
_SScin                  0x08002003   0x1e  Code  Gb  xsscin.o [3]
_ScanfSmallNoMb         0x08007d89  0x206  Code  Gb  xscanfsmall_nomb.o [3]
_UngetN                 0x08007d6f   0x1a  Code  Lc  xscanfsmall_nomb.o [3]
__aeabi_cdrcmple        0x08002495         Code  Gb  DblCmpGe.o [4]
__aeabi_d2iz            0x08002209         Code  Gb  DblToS32.o [4]
__aeabi_d2uiz           0x08002021         Code  Gb  DblToU32.o [4]
__aeabi_dadd            0x08002271         Code  Gb  DblAdd.o [4]
__aeabi_ddiv            0x08001dbd         Code  Gb  DblDiv.o [4]
__aeabi_dmul            0x0800204d         Code  Gb  DblMul.o [4]
__aeabi_dsub            0x08003275         Code  Gb  DblSub.o [4]
__aeabi_i2d             0x0800224d         Code  Gb  S32ToDbl.o [4]
__aeabi_memclr4         0x08006bad         Code  Gb  ABImemclr4.o [5]
__aeabi_memcpy4         0x08004851         Code  Gb  ABImemcpy.o [5]
__aeabi_memcpy8         0x08004851         Code  Gb  ABImemcpy.o [5]
__aeabi_memset          0x08007739         Code  Gb  ABImemset.o [5]
__aeabi_memset4         0x0800257d         Code  Gb  ABImemset48.o [5]
__aeabi_memset8         0x0800257d         Code  Gb  ABImemset48.o [5]
__aeabi_ui2d            0x08001d29         Code  Gb  U32ToDbl.o [4]
__cmain                 0x0800a005         Code  Gb  cmain.o [5]
__exit                  0x0800891d   0x14  Code  Gb  exit.o [6]
__iar_Fail_s            0x08008301   0x1e  Code  Gb  xfail_s.o [3]
__iar_Memchr            0x08008345         Code  Gb  memchr.o [5]
__iar_Memset            0x08007739         Code  Gb  ABImemset.o [5]
__iar_Memset4_word      0x08002585         Code  Gb  ABImemset48.o [5]
__iar_Memset8_word      0x08002585         Code  Gb  ABImemset48.o [5]
__iar_Memset_word       0x08007741         Code  Gb  ABImemset.o [5]
__iar_Stolx             0x080085e5   0x82  Code  Gb  iar_Stolx.o [3]
__iar_Stoulx            0x0800866d  0x116  Code  Gb  iar_Stoulx.o [3]
__iar_Strchr            0x08007811         Code  Gb  strchr.o [5]
__iar_ceil64            0x0800243d         Code  Gb  ceil.o [4]
__iar_dadd              0x08003285         Code  Gb  DblSub.o [4]
__iar_data_init3        0x08009fbd   0x28  Code  Gb  data_init.o [5]
__iar_dsub              0x08002281         Code  Gb  DblAdd.o [4]
__iar_dsubStart         0x08002293         Code  Gb  DblAdd.o [4]
__iar_floor64           0x080024c5         Code  Gb  floor.o [4]
__iar_globLocale        0x20000800   0x48  Data  Lc  xlocale_c.o [3]
__iar_global_Locale     0x080085c9    0x4  Code  Gb  xlocale_c.o [3]
__iar_lz77_init_single3
                        0x08001d43   0x7a  Code  Gb  lz77_init_single.o [5]
__iar_program_start     0x0800a055         Code  Gb  cstartup_M.o [5]
__iar_round64           0x080023e9         Code  Gb  round.o [4]
__iar_systems$$module {Abs}
                        0x00000001         Data  Gb  command line/config [2]
__iar_zero_init3        0x08009f7d   0x40  Code  Gb  zero_init3.o [5]
__low_level_init        0x0800a023    0x4  Code  Gb  low_level_init.o [3]
__vector_table          0x08000000         Data  Gb  startup_stm32l1xx_md.o [1]
_call_main              0x0800a011         Code  Gb  cmain.o [5]
_exit                   0x0800a02d         Code  Gb  cexit.o [5]
_main                   0x0800a01f         Code  Gb  cmain.o [5]
abort                   0x080087e1    0x6  Code  Gb  abort.o [3]
adjustDataRateHandler   0x08005b8f  0x100  Code  Gb  callback_handler.o [1]
atHandler               0x080054dd   0x12  Code  Gb  callback_handler.o [1]
buffer                  0x20000330  0x100  Data  Gb  command_parse.o [1]
ceil                    0x0800243d         Code  Gb  ceil.o [4]
ceill                   0x0800243d         Code  Gb  ceil.o [4]
channelHandler          0x08005b45   0x12  Code  Gb  callback_handler.o [1]
classHandler            0x080067cf   0x14  Code  Gb  callback_handler.o [1]
cmdFuncTable            0x20000110   0xb8  Data  Lc  command_parse.o [1]
commandParse            0x080070dd   0x74  Code  Gb  command_parse.o [1]
confirmMessageHandler   0x08005b0d   0x14  Code  Gb  callback_handler.o [1]
confirmMsgHexHandler    0x08005b29   0x14  Code  Gb  callback_handler.o [1]
count                   0x20000014    0x1  Data  Lc  at_parser.o [1]
dataRateHandler         0x08005b57   0x12  Code  Gb  callback_handler.o [1]
defaultHandler          0x080054b9   0x24  Code  Gb  callback_handler.o [1]
delayHandler            0x080067f7   0x14  Code  Gb  callback_handler.o [1]
digits                  0x08008790   0x28  Data  Lc  iar_Stoulx.o [3]
eepromReadBuffer        0x08006add   0x40  Code  Gb  eeprom_internal.o [1]
eepromReadFactoryDefaultBuffer
                        0x08006b6d   0x40  Code  Gb  eeprom_internal.o [1]
eepromWriteBuffer       0x08006a91   0x4c  Code  Gb  eeprom_internal.o [1]
eepromWriteFactoryDefault
                        0x08006b1d   0x4c  Code  Gb  eeprom_internal.o [1]
exit                    0x0800a027    0x4  Code  Gb  exit.o [3]
factoryDefaultHandler   0x0800599b   0x4c  Code  Gb  callback_handler.o [1]
factoryDefaultSetting   0x08005911   0x8a  Code  Lc  callback_handler.o [1]
findHandler             0x08006be3   0x40  Code  Lc  at_parser.o [1]
flags                   0x20000000    0x1  Data  Lc  at_parser.o [1]
floor                   0x080024c5         Code  Gb  floor.o [4]
floorl                  0x080024c5         Code  Gb  floor.o [4]
fpHandler               0x20000010    0x4  Data  Lc  at_parser.o [1]
getNbParams             0x08006bb5   0x1a  Code  Lc  at_parser.o [1]
handlerIdx              0x20000002    0x2  Data  Lc  at_parser.o [1]
handlerSize             0x20000004    0x2  Data  Lc  at_parser.o [1]
handlerStorage          0x20000008    0x4  Data  Lc  at_parser.o [1]
helpHandler             0x080054ef   0xcc  Code  Gb  callback_handler.o [1]
hpcd_USB_FS             0x20000a80  0x220  Data  Gb  usbd_conf.o [1]
idHandler               0x08005d21  0x42a  Code  Gb  callback_handler.o [1]
isspace                 0x080085d1   0x14  Code  Gb  isspace.o [3]
joinHandler             0x080067e3   0x14  Code  Gb  callback_handler.o [1]
keyHandler              0x080061d5  0x5fa  Code  Gb  callback_handler.o [1]
lowPowerHandler         0x08005a21   0x14  Code  Gb  callback_handler.o [1]
main                    0x08009f1d   0x54  Code  Gb  main.o [1]
makeHash                0x08006bcf   0x14  Code  Lc  at_parser.o [1]
memchr                  0x08008345         Code  Gb  memchr.o [5]
memcpy1                 0x08002565   0x16  Code  Gb  utilities.o [1]
messageHexHandler       0x08005aef   0x14  Code  Gb  callback_handler.o [1]
mibReq                  0x20000f14    0xc  Data  Gb  callback_handler.o [1]
ndigs                   0x080087b8   0x28  Data  Lc  iar_Stoulx.o [3]
next                    0x200007fc    0x4  Data  Lc  utilities.o [1]
pFlash                  0x20000ed0   0x18  Data  Gb  stm32l1xx_hal_flash.o [1]
paramSize               0x20000006    0x2  Data  Lc  at_parser.o [1]
paramStorage            0x2000000c    0x4  Data  Lc  at_parser.o [1]
parseInput              0x08006ca3  0x11e  Code  Lc  at_parser.o [1]
portHandler             0x08005ced   0x14  Code  Gb  callback_handler.o [1]
rand1                   0x0800251d   0x1e  Code  Gb  utilities.o [1]
randr                   0x08002549   0x1c  Code  Gb  utilities.o [1]
repetitionHandler       0x08005c99   0x14  Code  Gb  callback_handler.o [1]
resetHandler            0x08005a01   0x18  Code  Gb  callback_handler.o [1]
round                   0x080023e9         Code  Gb  round.o [4]
roundl                  0x080023e9         Code  Gb  round.o [4]
rxWindow1Handler        0x08005cd9   0x14  Code  Gb  callback_handler.o [1]
rxWindow2Handler        0x08005cc1   0x14  Code  Gb  callback_handler.o [1]
searchLut               0x08006c23   0x80  Code  Lc  at_parser.o [1]
sec_hand                0x20000f30    0x4  Data  Lc  xfail_s.o [3]
snprintf                0x0800715d   0x44  Code  Gb  snprintf.o [3]
srand1                  0x0800253b    0x6  Code  Gb  utilities.o [1]
sscanf                  0x080075f5   0x28  Code  Gb  sscanf.o [3]
storage                 0x200001c8  0x168  Data  Gb  command_parse.o [1]
storageBuff             0x2000005c   0x80  Data  Gb  callback_handler.o [1]
strchr                  0x08007811         Code  Gb  strchr.o [5]
strlen                  0x08007581         Code  Gb  strlen.o [5]
strncasecmp             0x080075b7   0x3e  Code  Gb  strncasecmp.o [3]
strncat                 0x08007559   0x28  Code  Gb  strncat.o [3]
strncpy                 0x080077a1         Code  Gb  strncpy.o [5]
strtol                  0x08008667    0x4  Code  Gb  iar_Stolx.o [3]
strtoul                 0x08008789    0x2  Code  Gb  iar_Stoulx.o [3]
tolower                 0x08007d37   0x14  Code  Gb  tolower.o [3]
toupper                 0x0800709b    0xe  Code  Gb  command_parse.o [1]
txPowerHandler          0x08005cad   0x14  Code  Gb  callback_handler.o [1]
uwTick                  0x20000f28    0x4  Data  Gb  stm32l1xx_hal.o [1]
versionHandler          0x08005a41   0x78  Code  Gb  callback_handler.o [1]


[1] = G:\liuyuandong\Project\2019\Work\AT_Module\LoRaMac_AT-Module\Debug\Obj
[2] = command line
[3] = dl7M_tlf.a
[4] = m7M_tl.a
[5] = rt7M_tl.a
[6] = shb_l.a

  40 886 bytes of readonly  code memory
     757 bytes of readonly  data memory
   5 948 bytes of readwrite data memory

Errors: none
Warnings: none
