###############################################################################
#
# IAR ELF Linker V8.20.1.14183/W32 for ARM                24/Feb/2019  22:46:09
# Copyright 2007-2017 IAR Systems AB.
#
#    Output file  =  
#        G:\liuyuandong\Project\2019\Work\AT_Module\LoRaMac_AT-Module\Debug\Exe\LoRaMac_AT-Module.out
#    Map file     =  
#        G:\liuyuandong\Project\2019\Work\AT_Module\LoRaMac_AT-Module\Debug\List\LoRaMac_AT-Module.map
#    Command line =  
#        -f C:\Users\ADMINI~1\AppData\Local\Temp\EWC61B.tmp
#        (G:\liuyuandong\Project\2019\Work\AT_Module\LoRaMac_AT-Module\Debug\Obj\aes.o
#        G:\liuyuandong\Project\2019\Work\AT_Module\LoRaMac_AT-Module\Debug\Obj\at_parser.o
#        G:\liuyuandong\Project\2019\Work\AT_Module\LoRaMac_AT-Module\Debug\Obj\board.o
#        G:\liuyuandong\Project\2019\Work\AT_Module\LoRaMac_AT-Module\Debug\Obj\callback_handler.o
#        G:\liuyuandong\Project\2019\Work\AT_Module\LoRaMac_AT-Module\Debug\Obj\cmac.o
#        G:\liuyuandong\Project\2019\Work\AT_Module\LoRaMac_AT-Module\Debug\Obj\command_parse.o
#        G:\liuyuandong\Project\2019\Work\AT_Module\LoRaMac_AT-Module\Debug\Obj\delay-board.o
#        G:\liuyuandong\Project\2019\Work\AT_Module\LoRaMac_AT-Module\Debug\Obj\delay.o
#        G:\liuyuandong\Project\2019\Work\AT_Module\LoRaMac_AT-Module\Debug\Obj\eeprom_internal.o
#        G:\liuyuandong\Project\2019\Work\AT_Module\LoRaMac_AT-Module\Debug\Obj\fifo.o
#        G:\liuyuandong\Project\2019\Work\AT_Module\LoRaMac_AT-Module\Debug\Obj\gpio-board.o
#        G:\liuyuandong\Project\2019\Work\AT_Module\LoRaMac_AT-Module\Debug\Obj\gpio.o
#        G:\liuyuandong\Project\2019\Work\AT_Module\LoRaMac_AT-Module\Debug\Obj\LoRaMac.o
#        G:\liuyuandong\Project\2019\Work\AT_Module\LoRaMac_AT-Module\Debug\Obj\LoRaMacCrypto.o
#        G:\liuyuandong\Project\2019\Work\AT_Module\LoRaMac_AT-Module\Debug\Obj\main.o
#        G:\liuyuandong\Project\2019\Work\AT_Module\LoRaMac_AT-Module\Debug\Obj\Region.o
#        G:\liuyuandong\Project\2019\Work\AT_Module\LoRaMac_AT-Module\Debug\Obj\RegionAS923.o
#        G:\liuyuandong\Project\2019\Work\AT_Module\LoRaMac_AT-Module\Debug\Obj\RegionAU915.o
#        G:\liuyuandong\Project\2019\Work\AT_Module\LoRaMac_AT-Module\Debug\Obj\RegionCN470.o
#        G:\liuyuandong\Project\2019\Work\AT_Module\LoRaMac_AT-Module\Debug\Obj\RegionCN779.o
#        G:\liuyuandong\Project\2019\Work\AT_Module\LoRaMac_AT-Module\Debug\Obj\RegionCommon.o
#        G:\liuyuandong\Project\2019\Work\AT_Module\LoRaMac_AT-Module\Debug\Obj\RegionEU433.o
#        G:\liuyuandong\Project\2019\Work\AT_Module\LoRaMac_AT-Module\Debug\Obj\RegionEU868.o
#        G:\liuyuandong\Project\2019\Work\AT_Module\LoRaMac_AT-Module\Debug\Obj\RegionIN865.o
#        G:\liuyuandong\Project\2019\Work\AT_Module\LoRaMac_AT-Module\Debug\Obj\RegionKR920.o
#        G:\liuyuandong\Project\2019\Work\AT_Module\LoRaMac_AT-Module\Debug\Obj\RegionUS915-Hybrid.o
#        G:\liuyuandong\Project\2019\Work\AT_Module\LoRaMac_AT-Module\Debug\Obj\RegionUS915.o
#        G:\liuyuandong\Project\2019\Work\AT_Module\LoRaMac_AT-Module\Debug\Obj\rtc-board.o
#        G:\liuyuandong\Project\2019\Work\AT_Module\LoRaMac_AT-Module\Debug\Obj\spi-board.o
#        G:\liuyuandong\Project\2019\Work\AT_Module\LoRaMac_AT-Module\Debug\Obj\startup_stm32l1xx_md.o
#        G:\liuyuandong\Project\2019\Work\AT_Module\LoRaMac_AT-Module\Debug\Obj\stm32l1xx_hal.o
#        G:\liuyuandong\Project\2019\Work\AT_Module\LoRaMac_AT-Module\Debug\Obj\stm32l1xx_hal_cortex.o
#        G:\liuyuandong\Project\2019\Work\AT_Module\LoRaMac_AT-Module\Debug\Obj\stm32l1xx_hal_flash.o
#        G:\liuyuandong\Project\2019\Work\AT_Module\LoRaMac_AT-Module\Debug\Obj\stm32l1xx_hal_gpio.o
#        G:\liuyuandong\Project\2019\Work\AT_Module\LoRaMac_AT-Module\Debug\Obj\stm32l1xx_hal_i2c.o
#        G:\liuyuandong\Project\2019\Work\AT_Module\LoRaMac_AT-Module\Debug\Obj\stm32l1xx_hal_pcd.o
#        G:\liuyuandong\Project\2019\Work\AT_Module\LoRaMac_AT-Module\Debug\Obj\stm32l1xx_hal_pwr.o
#        G:\liuyuandong\Project\2019\Work\AT_Module\LoRaMac_AT-Module\Debug\Obj\stm32l1xx_hal_pwr_ex.o
#        G:\liuyuandong\Project\2019\Work\AT_Module\LoRaMac_AT-Module\Debug\Obj\stm32l1xx_hal_rcc.o
#        G:\liuyuandong\Project\2019\Work\AT_Module\LoRaMac_AT-Module\Debug\Obj\stm32l1xx_hal_rcc_ex.o
#        G:\liuyuandong\Project\2019\Work\AT_Module\LoRaMac_AT-Module\Debug\Obj\stm32l1xx_hal_rtc.o
#        G:\liuyuandong\Project\2019\Work\AT_Module\LoRaMac_AT-Module\Debug\Obj\stm32l1xx_hal_rtc_ex.o
#        G:\liuyuandong\Project\2019\Work\AT_Module\LoRaMac_AT-Module\Debug\Obj\stm32l1xx_hal_spi.o
#        G:\liuyuandong\Project\2019\Work\AT_Module\LoRaMac_AT-Module\Debug\Obj\stm32l1xx_hal_tim.o
#        G:\liuyuandong\Project\2019\Work\AT_Module\LoRaMac_AT-Module\Debug\Obj\stm32l1xx_hal_uart.o
#        G:\liuyuandong\Project\2019\Work\AT_Module\LoRaMac_AT-Module\Debug\Obj\stm32l1xx_hal_usart.o
#        G:\liuyuandong\Project\2019\Work\AT_Module\LoRaMac_AT-Module\Debug\Obj\sx1276-board.o
#        G:\liuyuandong\Project\2019\Work\AT_Module\LoRaMac_AT-Module\Debug\Obj\sx1276.o
#        G:\liuyuandong\Project\2019\Work\AT_Module\LoRaMac_AT-Module\Debug\Obj\sysIrqHandlers.o
#        G:\liuyuandong\Project\2019\Work\AT_Module\LoRaMac_AT-Module\Debug\Obj\system_stm32l1xx.o
#        G:\liuyuandong\Project\2019\Work\AT_Module\LoRaMac_AT-Module\Debug\Obj\timer.o
#        G:\liuyuandong\Project\2019\Work\AT_Module\LoRaMac_AT-Module\Debug\Obj\uart-board.o
#        G:\liuyuandong\Project\2019\Work\AT_Module\LoRaMac_AT-Module\Debug\Obj\uart-usb-board.o
#        G:\liuyuandong\Project\2019\Work\AT_Module\LoRaMac_AT-Module\Debug\Obj\uart.o
#        G:\liuyuandong\Project\2019\Work\AT_Module\LoRaMac_AT-Module\Debug\Obj\usbd_cdc.o
#        G:\liuyuandong\Project\2019\Work\AT_Module\LoRaMac_AT-Module\Debug\Obj\usbd_cdc_if.o
#        G:\liuyuandong\Project\2019\Work\AT_Module\LoRaMac_AT-Module\Debug\Obj\usbd_conf.o
#        G:\liuyuandong\Project\2019\Work\AT_Module\LoRaMac_AT-Module\Debug\Obj\usbd_core.o
#        G:\liuyuandong\Project\2019\Work\AT_Module\LoRaMac_AT-Module\Debug\Obj\usbd_ctlreq.o
#        G:\liuyuandong\Project\2019\Work\AT_Module\LoRaMac_AT-Module\Debug\Obj\usbd_desc.o
#        G:\liuyuandong\Project\2019\Work\AT_Module\LoRaMac_AT-Module\Debug\Obj\usbd_ioreq.o
#        G:\liuyuandong\Project\2019\Work\AT_Module\LoRaMac_AT-Module\Debug\Obj\utilities.o
#        -o
#        G:\liuyuandong\Project\2019\Work\AT_Module\LoRaMac_AT-Module\Debug\Exe\LoRaMac_AT-Module.out
#        --map
#        G:\liuyuandong\Project\2019\Work\AT_Module\LoRaMac_AT-Module\Debug\List\LoRaMac_AT-Module.map
#        --config "C:\Program Files (x86)\IAR Systems\Embedded Workbench
#        8.0\arm\config\linker\ST\stm32l151xB.icf" --semihosting --entry
#        __iar_program_start --vfe --text_out locale)
#
###############################################################################

*******************************************************************************
*** RUNTIME MODEL ATTRIBUTES
***

CppFlavor       = *
__SystemLibrary = DLib
__dlib_version  = 6


*******************************************************************************
*** HEAP SELECTION
***

The basic heap was selected because no calls to memory allocation
functions were found in the application outside of system library
functions, and there are calls to deallocation functions in the
application.


*******************************************************************************
*** PLACEMENT SUMMARY
***

"A0":  place at 0x08000000 { ro section .intvec };
"P1":  place in [from 0x08000000 to 0x0801ffff] { ro };
define block CSTACK with size = 2K, alignment = 8 { };
define block HEAP with size = 2K, alignment = 8 { };
"P2":  place in [from 0x20000000 to 0x20003fff] {
          rw, block CSTACK, block HEAP };
initialize by copy { rw };

No sections matched the following patterns:

  section .eeprom  in "P3"


  Section            Kind        Address    Size  Object
  -------            ----        -------    ----  ------
"A0":                                       0xf4
  .intvec            ro code  0x08000000    0xf4  startup_stm32l1xx_md.o [1]
                            - 0x080000f4    0xf4

"P1":                                     0xa3b8
  .text              ro code  0x080000f4  0x1890  callback_handler.o [1]
  .text              ro code  0x08001984   0x34a  board.o [1]
  .text              ro code  0x08001cce    0x7a  lz77_init_single.o [5]
  .text              ro code  0x08001d48   0x11c  eeprom_internal.o [1]
  .text              ro code  0x08001e64    0x5e  utilities.o [1]
  .text              ro code  0x08001ec2    0x1e  xsscin.o [3]
  .text              ro code  0x08001ee0     0x6  ABImemclr4.o [5]
  .text              ro code  0x08001ee6    0x1a  xsnprout.o [3]
  .text              ro code  0x08001f00   0x344  at_parser.o [1]
  .text              ro code  0x08002244   0x264  command_parse.o [1]
  .text              ro code  0x080024a8    0x44  snprintf.o [3]
  .text              ro code  0x080024ec   0x3b8  LoRaMac.o [1]
  .text              ro code  0x080028a4    0x28  strncat.o [3]
  .text              ro code  0x080028cc    0x36  strlen.o [5]
  .text              ro code  0x08002902    0x3e  strncasecmp.o [3]
  .text              ro code  0x08002940    0x28  sscanf.o [3]
  .text              ro code  0x08002968    0x3a  ABImemset48.o [5]
  .text              ro code  0x080029a2    0x7e  fifo.o [1]
  .text              ro code  0x08002a20    0x3c  uart.o [1]
  .text              ro code  0x08002a5c    0x42  stm32l1xx_hal.o [1]
  .text              ro code  0x08002a9e     0xa  sysIrqHandlers.o [1]
  .text              ro code  0x08002aa8   0x658  rtc-board.o [1]
  .text              ro code  0x08003100   0x2fc  spi-board.o [1]
  .text              ro code  0x080033fc   0x248  sx1276-board.o [1]
  .text              ro code  0x08003644    0x18  gpio.o [1]
  .text              ro code  0x0800365c   0x714  stm32l1xx_hal_rcc.o [1]
  .text              ro code  0x08003d70   0x10c  stm32l1xx_hal_rcc_ex.o [1]
  .text              ro code  0x08003e7c   0x10e  stm32l1xx_hal_cortex.o [1]
  .text              ro code  0x08003f8c   0x268  timer.o [1]
  .text              ro code  0x080041f4    0x10  stm32l1xx_hal.o [1]
  .text              ro code  0x08004204   0x11c  stm32l1xx_hal_flash.o [1]
  .text              ro code  0x08004320    0x66  ABImemset.o [5]
  .text              ro code  0x08004388    0x70  strncpy.o [5]
  .text              ro code  0x080043f8    0x16  strchr.o [5]
  .text              ro code  0x08004410   0x4c0  xprintfsmall_nomb.o [3]
  .text              ro code  0x080048d0    0x4e  Region.o [1]
  .text              ro code  0x0800491e    0x14  tolower.o [3]
  .text              ro code  0x08004934   0x5b4  xscanfsmall_nomb.o [3]
  .text              ro code  0x08004ee8   0x330  uart-board.o [1]
  .text              ro code  0x08005218    0x28  stm32l1xx_hal.o [1]
  .text              ro code  0x08005240   0x3f8  stm32l1xx_hal_rtc.o [1]
  .text              ro code  0x08005638    0x44  stm32l1xx_hal_pwr.o [1]
  .text              ro code  0x0800567c    0x28  stm32l1xx_hal_pwr_ex.o [1]
  .text              ro code  0x080056a4   0x2fc  stm32l1xx_hal_rtc_ex.o [1]
  .text              ro code  0x080059a0    0x1a  U32ToDbl.o [4]
  .text              ro code  0x080059bc   0x1a2  DblMul.o [4]
  .text              ro code  0x08005b60    0x56  ceil.o [4]
  .text              ro code  0x08005bb8    0x28  DblToU32.o [4]
  .text              ro code  0x08005be0    0x86  ABImemcpy.o [5]
  .text              ro code  0x08005c68    0x52  round.o [4]
  .text              ro code  0x08005cbc    0x22  S32ToDbl.o [4]
  .text              ro code  0x08005ce0    0xe2  DblSub.o [4]
  .text              ro code  0x08005dc4   0x178  DblAdd.o [4]
  .text              ro code  0x08005f3c    0x3a  DblToS32.o [4]
  .text              ro code  0x08005f78    0x2e  DblCmpGe.o [4]
  .text              ro code  0x08005fa6     0x4  stm32l1xx_hal_spi.o [1]
  .text              ro code  0x08005fac    0x2a  stm32l1xx_hal_spi.o [1]
  .text              ro code  0x08005fd8     0x4  delay.o [1]
  .text              ro code  0x08005fdc  0x1784  sx1276.o [1]
  .text              ro code  0x08007760   0x32c  gpio-board.o [1]
  .text              ro code  0x08007a8c     0xc  stm32l1xx_hal.o [1]
  .text              ro code  0x08007a98    0x44  xfail_s.o [3]
  .text              ro code  0x08007adc    0x58  memchr.o [5]
  .text              ro code  0x08007b34   0x200  RegionCN470.o [1]
  .text              ro code  0x08007d34    0x34  xlocale_c.o [3]
  .text              ro code  0x08007d68    0x14  isspace.o [3]
  .text              ro code  0x08007d7c    0x86  iar_Stolx.o [3]
  .text              ro code  0x08007e04   0x174  iar_Stoulx.o [3]
  .text              ro code  0x08007f78   0x5ca  stm32l1xx_hal_uart.o [1]
  .text              ro code  0x08008542     0x2  stm32l1xx_hal_rtc.o [1]
  .text              ro code  0x08008544     0x2  stm32l1xx_hal_rtc.o [1]
  .text              ro code  0x08008546     0x2  stm32l1xx_hal_rtc_ex.o [1]
  .text              ro code  0x08008548     0x2  stm32l1xx_hal_spi.o [1]
  .text              ro code  0x0800854a     0x4  delay-board.o [1]
  .text              ro code  0x08008550   0x246  DblDiv.o [4]
  .text              ro code  0x08008798    0x58  floor.o [4]
  .text              ro code  0x080087f0   0x1c8  stm32l1xx_hal_gpio.o [1]
  .text              ro code  0x080089b8     0x6  abort.o [3]
  .text              ro code  0x080089c0   0x134  RegionCommon.o [1]
  .text              ro code  0x08008af4    0x18  stm32l1xx_hal.o [1]
  .text              ro code  0x08008b0c    0x14  exit.o [6]
  .text              ro code  0x08008b20   0xc7a  stm32l1xx_hal_pcd.o [1]
  .text              ro code  0x0800979c    0xfc  usbd_conf.o [1]
  .text              ro code  0x08009898   0x214  usbd_core.o [1]
  .text              ro code  0x08009aac   0x474  usbd_ctlreq.o [1]
  .text              ro code  0x08009f20    0x66  usbd_ioreq.o [1]
  .rodata            const    0x08009f88    0xb4  command_parse.o [1]
  .rodata            const    0x0800a03c    0x6c  sx1276-board.o [1]
  .text              ro code  0x0800a0a8    0x64  system_stm32l1xx.o [1]
  .text              ro code  0x0800a10c    0x60  main.o [1]
  .text              ro code  0x0800a16c    0x40  zero_init3.o [5]
  .text              ro code  0x0800a1ac    0x28  data_init.o [5]
  .iar.init_table    const    0x0800a1d4    0x20  - Linker created -
  .text              ro code  0x0800a1f4    0x1e  cmain.o [5]
  .text              ro code  0x0800a212     0x4  low_level_init.o [3]
  .text              ro code  0x0800a216     0x4  exit.o [3]
  .text              ro code  0x0800a21c     0xa  cexit.o [5]
  .text              ro code  0x0800a228    0x10  startup_stm32l1xx_md.o [1]
  .text              ro code  0x0800a238     0xc  uart-usb-board.o [1]
  .text              ro code  0x0800a244     0xc  cstartup_M.o [5]
  .rodata            const    0x0800a250     0x8  callback_handler.o [1]
  .rodata            const    0x0800a258     0x8  system_stm32l1xx.o [1]
  .text              ro code  0x0800a260     0x4  startup_stm32l1xx_md.o [1]
  .text              ro code  0x0800a264     0x4  startup_stm32l1xx_md.o [1]
  .text              ro code  0x0800a268     0x4  startup_stm32l1xx_md.o [1]
  .text              ro code  0x0800a26c     0x4  startup_stm32l1xx_md.o [1]
  .text              ro code  0x0800a270     0x4  startup_stm32l1xx_md.o [1]
  .text              ro code  0x0800a274     0x4  startup_stm32l1xx_md.o [1]
  .text              ro code  0x0800a278     0x4  startup_stm32l1xx_md.o [1]
  .text              ro code  0x0800a27c     0x4  startup_stm32l1xx_md.o [1]
  .text              ro code  0x0800a280     0x4  startup_stm32l1xx_md.o [1]
  .text              ro code  0x0800a284     0x4  startup_stm32l1xx_md.o [1]
  .text              ro code  0x0800a288     0x4  startup_stm32l1xx_md.o [1]
  .text              ro code  0x0800a28c     0x4  startup_stm32l1xx_md.o [1]
  .text              ro code  0x0800a290     0x4  startup_stm32l1xx_md.o [1]
  .text              ro code  0x0800a294     0x4  startup_stm32l1xx_md.o [1]
  .text              ro code  0x0800a298     0x4  startup_stm32l1xx_md.o [1]
  .text              ro code  0x0800a29c     0x4  startup_stm32l1xx_md.o [1]
  .text              ro code  0x0800a2a0     0x4  startup_stm32l1xx_md.o [1]
  .text              ro code  0x0800a2a4     0x4  startup_stm32l1xx_md.o [1]
  .text              ro code  0x0800a2a8     0x4  startup_stm32l1xx_md.o [1]
  .text              ro code  0x0800a2ac     0x4  startup_stm32l1xx_md.o [1]
  .text              ro code  0x0800a2b0     0x4  startup_stm32l1xx_md.o [1]
  .text              ro code  0x0800a2b4     0x4  startup_stm32l1xx_md.o [1]
  .text              ro code  0x0800a2b8     0x4  startup_stm32l1xx_md.o [1]
  .text              ro code  0x0800a2bc     0x4  startup_stm32l1xx_md.o [1]
  .text              ro code  0x0800a2c0     0x4  startup_stm32l1xx_md.o [1]
  .text              ro code  0x0800a2c4     0x4  startup_stm32l1xx_md.o [1]
  .text              ro code  0x0800a2c8     0x4  startup_stm32l1xx_md.o [1]
  .text              ro code  0x0800a2cc     0x4  startup_stm32l1xx_md.o [1]
  .text              ro code  0x0800a2d0     0x4  startup_stm32l1xx_md.o [1]
  .text              ro code  0x0800a2d4     0x4  startup_stm32l1xx_md.o [1]
  .text              ro code  0x0800a2d8     0x4  startup_stm32l1xx_md.o [1]
  .text              ro code  0x0800a2dc     0x4  startup_stm32l1xx_md.o [1]
  .text              ro code  0x0800a2e0     0x4  startup_stm32l1xx_md.o [1]
  .text              ro code  0x0800a2e4     0x4  startup_stm32l1xx_md.o [1]
  .text              ro code  0x0800a2e8     0x4  startup_stm32l1xx_md.o [1]
  .text              ro code  0x0800a2ec     0x4  startup_stm32l1xx_md.o [1]
  .text              ro code  0x0800a2f0     0x4  startup_stm32l1xx_md.o [1]
  .text              ro code  0x0800a2f4     0x4  startup_stm32l1xx_md.o [1]
  .rodata            const    0x0800a2f8     0x2  xlocale_c.o [3]
  .rodata            const    0x0800a2fa     0x0  zero_init3.o [5]
  .rodata            const    0x0800a2fa     0x0  lz77_init_single.o [5]
  Initializer bytes  const    0x0800a2fa   0x1b2  <for P2-1>
                            - 0x0800a4ac  0xa3b8

"P2", part 1 of 3:                         0x85c
  P2-1                        0x20000000   0x85c  <Init block>
    .data            inited   0x20000000    0x44  at_parser.o [1]
    .data            inited   0x20000044    0xac  callback_handler.o [1]
    .data            inited   0x200000f0    0x30  callback_handler.o [1]
    .data            inited   0x20000120     0x4  callback_handler.o [1]
    .data            inited   0x20000124   0x320  command_parse.o [1]
    .data            inited   0x20000444   0x160  LoRaMac.o [1]
    .data            inited   0x200005a4    0x28  RegionCN470.o [1]
    .data            inited   0x200005cc   0x240  sx1276.o [1]
    .data            inited   0x2000080c     0x4  system_stm32l1xx.o [1]
    .data            inited   0x20000810     0x4  utilities.o [1]
    .data            inited   0x20000814    0x48  xlocale_c.o [3]
                            - 0x2000085c   0x85c

"P2", part 2 of 3:                         0x6f4
  .bss               zero     0x2000085c   0x238  board.o [1]
  .bss               zero     0x20000a94   0x220  usbd_conf.o [1]
  .bss               zero     0x20000cb4    0xb0  spi-board.o [1]
  .bss               zero     0x20000d64    0x70  LoRaMac.o [1]
  .bss               zero     0x20000dd4    0x48  rtc-board.o [1]
  .bss               zero     0x20000e1c    0x40  gpio-board.o [1]
  .bss               zero     0x20000e5c    0x40  uart-board.o [1]
  .bss               zero     0x20000e9c    0x18  board.o [1]
  .bss               zero     0x20000eb4    0x18  board.o [1]
  .bss               zero     0x20000ecc    0x18  LoRaMac.o [1]
  .bss               zero     0x20000ee4    0x18  stm32l1xx_hal_flash.o [1]
  .bss               zero     0x20000efc    0x18  sx1276-board.o [1]
  .bss               zero     0x20000f14    0x14  LoRaMac.o [1]
  .bss               zero     0x20000f28     0xc  callback_handler.o [1]
  .bss               zero     0x20000f34     0x8  timer.o [1]
  .bss               zero     0x20000f3c     0x4  stm32l1xx_hal.o [1]
  .bss               zero     0x20000f40     0x4  sx1276.o [1]
  .bss               zero     0x20000f44     0x4  xfail_s.o [3]
  .bss               zero     0x20000f48     0x1  board.o [1]
  .bss               zero     0x20000f49     0x1  board.o [1]
  .bss               zero     0x20000f4a     0x1  command_parse.o [1]
  .bss               zero     0x20000f4b     0x1  main.o [1]
  .bss               zero     0x20000f4c     0x1  sx1276-board.o [1]
  .bss               zero     0x20000f4d     0x1  uart-board.o [1]
  .bss               zero     0x20000f4e     0x1  uart-board.o [1]
  .bss               zero     0x20000f4f     0x1  usbd_ctlreq.o [1]
                            - 0x20000f50   0x6f4

"P2", part 3 of 3:                         0x800
  CSTACK                      0x20000f50   0x800  <Block>
    CSTACK           uninit   0x20000f50   0x800  <Block tail>
                            - 0x20001750   0x800


*******************************************************************************
*** INIT TABLE
***

          Address     Size
          -------     ----
Zero (__iar_zero_init3)
    1 destination range, total size 0x6f4:
          0x2000085c  0x6f4

Copy/lz77 (__iar_lz77_init_single3)
    1 source range, total size 0x1b2 (20% of destination):
          0x0800a2fa  0x1b2
    1 destination range, total size 0x85c:
          0x20000000  0x85c



*******************************************************************************
*** MODULE SUMMARY
***

    Module                  ro code  ro data  rw data
    ------                  -------  -------  -------
G:\liuyuandong\Project\2019\Work\AT_Module\LoRaMac_AT-Module\Debug\Obj: [1]
    LoRaMac.o                   952       71      508
    Region.o                     78
    RegionCN470.o               512        8       40
    RegionCommon.o              308
    at_parser.o                 836       13       68
    board.o                     842               618
    callback_handler.o        6 288       54      236
    command_parse.o             612      342      801
    delay-board.o                 4
    delay.o                       4
    eeprom_internal.o           284
    fifo.o                      126
    gpio-board.o                812                64
    gpio.o                       24
    main.o                       96                 1
    rtc-board.o               1 624                72
    spi-board.o                 764               176
    startup_stm32l1xx_md.o      412
    stm32l1xx_hal.o             158                 4
    stm32l1xx_hal_cortex.o      270
    stm32l1xx_hal_flash.o       284                24
    stm32l1xx_hal_gpio.o        456
    stm32l1xx_hal_pcd.o       3 194
    stm32l1xx_hal_pwr.o          68
    stm32l1xx_hal_pwr_ex.o       40
    stm32l1xx_hal_rcc.o       1 812
    stm32l1xx_hal_rcc_ex.o      268
    stm32l1xx_hal_rtc.o       1 020
    stm32l1xx_hal_rtc_ex.o      766
    stm32l1xx_hal_spi.o          48
    stm32l1xx_hal_uart.o      1 482
    sx1276-board.o              584      108       25
    sx1276.o                  6 020      117      580
    sysIrqHandlers.o             10
    system_stm32l1xx.o          100        9        4
    timer.o                     616                 8
    uart-board.o                816                66
    uart-usb-board.o             12
    uart.o                       60
    usbd_conf.o                 252               544
    usbd_core.o                 532
    usbd_ctlreq.o             1 140                 1
    usbd_ioreq.o                102
    utilities.o                  94        1        4
    -------------------------------------------------
    Total:                   34 782      723    3 844

command line: [2]
    -------------------------------------------------
    Total:

dl7M_tlf.a: [3]
    abort.o                       6
    exit.o                        4
    iar_Stolx.o                 134
    iar_Stoulx.o                372
    isspace.o                    20
    low_level_init.o              4
    snprintf.o                   68
    sscanf.o                     40
    strncasecmp.o                62
    strncat.o                    40
    tolower.o                    20
    xfail_s.o                    68                 4
    xlocale_c.o                  52       17       72
    xprintfsmall_nomb.o       1 216
    xscanfsmall_nomb.o        1 460
    xsnprout.o                   26
    xsscin.o                     30
    -------------------------------------------------
    Total:                    3 622       17       76

m7M_tl.a: [4]
    DblAdd.o                    376
    DblCmpGe.o                   46
    DblDiv.o                    582
    DblMul.o                    418
    DblSub.o                    226
    DblToS32.o                   58
    DblToU32.o                   40
    S32ToDbl.o                   34
    U32ToDbl.o                   26
    ceil.o                       86
    floor.o                      88
    round.o                      82
    -------------------------------------------------
    Total:                    2 062

rt7M_tl.a: [5]
    ABImemclr4.o                  6
    ABImemcpy.o                 134
    ABImemset.o                 102
    ABImemset48.o                58
    cexit.o                      10
    cmain.o                      30
    cstartup_M.o                 12
    data_init.o                  40
    lz77_init_single.o          122
    memchr.o                     88
    strchr.o                     22
    strlen.o                     54
    strncpy.o                   112
    zero_init3.o                 64
    -------------------------------------------------
    Total:                      854

shb_l.a: [6]
    exit.o                       20
    -------------------------------------------------
    Total:                       20

    Gaps                         42        2
    Linker created                        32    2 048
-----------------------------------------------------
    Grand Total:             41 382      774    5 968


*******************************************************************************
*** ENTRY LIST
***

Entry                      Address   Size  Type      Object
-----                      -------   ----  ----      ------
.iar.init_table$$Base   0x0800a1d4          --   Gb  - Linker created -
.iar.init_table$$Limit  0x0800a1f4          --   Gb  - Linker created -
?main                   0x0800a1f5         Code  Gb  cmain.o [5]
AHBPrescTable           0x0800a0fc   0x10  Data  Gb  system_stm32l1xx.o [1]
APBPrescTable           0x0800a258    0x8  Data  Gb  system_stm32l1xx.o [1]
ATRunning               0x20000f4a    0x1  Data  Gb  command_parse.o [1]
AT_checkCRLF            0x080023c3   0x24  Code  Lc  command_parse.o [1]
AT_cmdInit              0x080022e7   0x34  Code  Gb  command_parse.o [1]
AT_cmdParse             0x080021c5   0x22  Code  Gb  at_parser.o [1]
AT_getParam             0x08002393   0x30  Code  Gb  command_parse.o [1]
AT_getRespID            0x080021e7   0x50  Code  Gb  at_parser.o [1]
AT_initParser           0x08002173   0x52  Code  Gb  at_parser.o [1]
AT_respErrcode          0x0800229b   0x4c  Code  Gb  command_parse.o [1]
AT_respString           0x0800225d   0x30  Code  Gb  command_parse.o [1]
AT_respStringWithoutID  0x0800228d    0xe  Code  Gb  command_parse.o [1]
AT_saveHandler          0x0800210d   0x66  Code  Gb  at_parser.o [1]
AT_setADR               0x08000889   0x26  Code  Gb  callback_handler.o [1]
AT_setAppSKey           0x080010c3   0x2a  Code  Lc  callback_handler.o [1]
AT_setDevAddr           0x08000b49   0x40  Code  Lc  callback_handler.o [1]
AT_setNWKSKey           0x08001099   0x2a  Code  Lc  callback_handler.o [1]
AT_strDeleteTargetChar  0x0800231b   0x3c  Code  Gb  command_parse.o [1]
AT_strQuotation         0x08002357   0x38  Code  Gb  command_parse.o [1]
AT_strTrim              0x0800238f    0x4  Code  Lc  command_parse.o [1]
AT_uartSend             0x08002245   0x18  Code  Lc  command_parse.o [1]
AckTimeoutRetries       0x20000460    0x1  Data  Lc  LoRaMac.o [1]
AckTimeoutRetriesCounter
                        0x20000461    0x1  Data  Lc  LoRaMac.o [1]
AckTimeoutRetry         0x20000462    0x1  Data  Lc  LoRaMac.o [1]
Addr                    0x2000005c    0x4  Data  Lc  callback_handler.o [1]
AdrAckCounter           0x2000048c    0x4  Data  Lc  LoRaMac.o [1]
AdrCtrlOn               0x20000456    0x1  Data  Lc  LoRaMac.o [1]
AdrStatus               0x20000059    0x1  Data  Lc  callback_handler.o [1]
AggregatedDCycle        0x2000046a    0x2  Data  Lc  LoRaMac.o [1]
AggregatedLastTxDoneTime
                        0x20000490    0x4  Data  Lc  LoRaMac.o [1]
AggregatedTimeOff       0x20000494    0x4  Data  Lc  LoRaMac.o [1]
AntSwitchHf             0x20000f08    0xc  Data  Gb  sx1276-board.o [1]
AntSwitchLf             0x20000efc    0xc  Data  Gb  sx1276-board.o [1]
AppEui                  0x2000004c    0x8  Data  Lc  callback_handler.o [1]
AppKey                  0x200000f0   0x10  Data  Lc  callback_handler.o [1]
AppPort                 0x2000005a    0x1  Data  Lc  callback_handler.o [1]
AppSKey                 0x20000100   0x10  Data  Lc  callback_handler.o [1]
Bands                   0x200005bc   0x10  Data  Lc  RegionCN470.o [1]
BandwidthsCN470         0x08007d0c   0x18  Data  Lc  RegionCN470.o [1]
BlockLowPowerDuringTask
                        0x08002bad   0x14  Code  Gb  rtc-board.o [1]
BoardDeInitMcu          0x08001a6d   0x62  Code  Gb  board.o [1]
BoardDisableIrq         0x080019a7    0xc  Code  Gb  board.o [1]
BoardEnableIrq          0x080019b3   0x12  Code  Gb  board.o [1]
BoardGetRandomSeed      0x08001acf    0xe  Code  Gb  board.o [1]
BoardGetUniqueId        0x08001add   0x40  Code  Gb  board.o [1]
BoardInitMcu            0x08001a0d   0x54  Code  Gb  board.o [1]
BoardInitPeriph         0x080019c5   0x48  Code  Gb  board.o [1]
BoardResetMcu           0x08001a61    0xc  Code  Gb  board.o [1]
BoardUnusedIoInit       0x08001b1d   0x40  Code  Lc  board.o [1]
BusFault_Handler        0x08002aa3    0x2  Code  Gb  sysIrqHandlers.o [1]
CHECK_AT_BUSY           0x080023f5    0x6  Code  Gb  command_parse.o [1]
CSTACK$$Base            0x20000f50          --   Gb  - Linker created -
CSTACK$$Limit           0x20001750          --   Gb  - Linker created -
CalendarRollOverReady   0x20000de8    0x1  Data  Lc  rtc-board.o [1]
CalibrateSystemWakeupTime
                        0x08001bf9   0x30  Code  Lc  board.o [1]
CalibrateSystemWakeupTimeTimer
                        0x20000eb8   0x14  Data  Lc  board.o [1]
Century                 0x20000dee    0x2  Data  Lc  rtc-board.o [1]
Channel                 0x2000045e    0x1  Data  Lc  LoRaMac.o [1]
ChannelsDefaultMask     0x200005b0    0xc  Data  Lc  RegionCN470.o [1]
ChannelsMask            0x200005a4    0xc  Data  Lc  RegionCN470.o [1]
ChannelsNbRepCounter    0x2000045c    0x1  Data  Lc  LoRaMac.o [1]
DataratesCN470          0x08007d04    0x8  Data  Lc  RegionCN470.o [1]
DaysInMonth             0x080030e8    0xc  Data  Lc  rtc-board.o [1]
DaysInMonthLeapYear     0x080030f4    0xc  Data  Lc  rtc-board.o [1]
DebugMon_Handler        0x08002aa7    0x2  Code  Gb  sysIrqHandlers.o [1]
DelayMs                 0x08005fd9    0x4  Code  Gb  delay.o [1]
DelayMsMcu              0x0800854b    0x4  Code  Gb  delay-board.o [1]
DevAddr                 0x20000054    0x4  Data  Lc  callback_handler.o [1]
DevEui                  0x20000044    0x8  Data  Lc  callback_handler.o [1]
DeviceState             0x20000f4b    0x1  Data  Lc  main.o [1]
DioIrq                  0x200007b8   0x18  Data  Gb  sx1276.o [1]
DownLinkCounter         0x20000488    0x4  Data  Lc  LoRaMac.o [1]
EXTI0_IRQHandler        0x08007985   0x10  Code  Gb  gpio-board.o [1]
EXTI15_10_IRQHandler    0x08007a01   0x3a  Code  Gb  gpio-board.o [1]
EXTI1_IRQHandler        0x08007995   0x10  Code  Gb  gpio-board.o [1]
EXTI2_IRQHandler        0x080079a5   0x10  Code  Gb  gpio-board.o [1]
EXTI3_IRQHandler        0x080079b5   0x10  Code  Gb  gpio-board.o [1]
EXTI4_IRQHandler        0x080079c5   0x10  Code  Gb  gpio-board.o [1]
EXTI9_5_IRQHandler      0x080079d5   0x2c  Code  Gb  gpio-board.o [1]
FLASH_SetErrorCode      0x080042c1   0x44  Code  Lc  stm32l1xx_hal_flash.o [1]
FLASH_WaitForLastOperation
                        0x0800426f   0x52  Code  Gb  stm32l1xx_hal_flash.o [1]
FifoFlush               0x080029f1    0x8  Code  Gb  fifo.o [1]
FifoInit                0x080029b5    0xc  Code  Gb  fifo.o [1]
FifoNext                0x080029a3   0x12  Code  Lc  fifo.o [1]
FifoPop                 0x080029d5   0x1c  Code  Gb  fifo.o [1]
FifoPush                0x080029c1   0x14  Code  Gb  fifo.o [1]
FskBandwidths           0x080061e8   0xb0  Data  Gb  sx1276.o [1]
GetBandwidth            0x08007b35   0x24  Code  Lc  RegionCN470.o [1]
GetBoardPowerSource     0x08001ccb    0x4  Code  Gb  board.o [1]
GetFskBandwidthRegValue
                        0x080061c3   0x26  Code  Lc  sx1276.o [1]
GpioInit                0x08003645   0x10  Code  Gb  gpio.o [1]
GpioIrq                 0x20000e1c   0x40  Data  Lc  gpio-board.o [1]
GpioMcuInit             0x08007761  0x11e  Code  Gb  gpio-board.o [1]
GpioMcuSetInterrupt     0x08007881   0xe8  Code  Gb  gpio-board.o [1]
GpioMcuWrite            0x08007969   0x1c  Code  Gb  gpio-board.o [1]
GpioSetInterrupt        0x08003655    0x4  Code  Gb  gpio.o [1]
GpioWrite               0x08003659    0x4  Code  Gb  gpio.o [1]
HAL_DBGMCU_EnableDBGSleepMode
                        0x08002a73    0xc  Code  Gb  stm32l1xx_hal.o [1]
HAL_DBGMCU_EnableDBGStandbyMode
                        0x08002a8b    0xc  Code  Gb  stm32l1xx_hal.o [1]
HAL_DBGMCU_EnableDBGStopMode
                        0x08002a7f    0xc  Code  Gb  stm32l1xx_hal.o [1]
HAL_Delay               0x08008af5   0x18  Code  Wk  stm32l1xx_hal.o [1]
HAL_FLASH_Lock          0x08004261    0xe  Code  Gb  stm32l1xx_hal_flash.o [1]
HAL_FLASH_Program       0x08004205   0x36  Code  Gb  stm32l1xx_hal_flash.o [1]
HAL_FLASH_Unlock        0x0800423b   0x26  Code  Gb  stm32l1xx_hal_flash.o [1]
HAL_GPIO_EXTI_Callback  0x08007a3b   0x26  Code  Gb  gpio-board.o [1]
HAL_GPIO_EXTI_IRQHandler
                        0x08008981   0x12  Code  Gb  stm32l1xx_hal_gpio.o [1]
HAL_GPIO_Init           0x080087f1  0x17e  Code  Gb  stm32l1xx_hal_gpio.o [1]
HAL_GPIO_WritePin       0x0800896f   0x12  Code  Gb  stm32l1xx_hal_gpio.o [1]
HAL_GetTick             0x08007a8d    0xc  Code  Wk  stm32l1xx_hal.o [1]
HAL_IncTick             0x080041f5   0x10  Code  Wk  stm32l1xx_hal.o [1]
HAL_Init                0x08002a5d   0x16  Code  Gb  stm32l1xx_hal.o [1]
HAL_InitTick            0x08005219   0x28  Code  Wk  stm32l1xx_hal.o [1]
HAL_NVIC_EnableIRQ      0x08003f4f    0x2  Code  Gb  stm32l1xx_hal_cortex.o [1]
HAL_NVIC_SetPriority    0x08003f31   0x1e  Code  Gb  stm32l1xx_hal_cortex.o [1]
HAL_NVIC_SetPriorityGrouping
                        0x08003f2f    0x2  Code  Gb  stm32l1xx_hal_cortex.o [1]
HAL_PCD_DataInStageCallback
                        0x080097bd   0x12  Code  Gb  usbd_conf.o [1]
HAL_PCD_DataOutStageCallback
                        0x080097a9   0x14  Code  Gb  usbd_conf.o [1]
HAL_PCD_EP_ClrStall     0x080096d1   0xca  Code  Gb  stm32l1xx_hal_pcd.o [1]
HAL_PCD_EP_Open         0x08009015  0x2f0  Code  Gb  stm32l1xx_hal_pcd.o [1]
HAL_PCD_EP_Receive      0x08009305  0x178  Code  Gb  stm32l1xx_hal_pcd.o [1]
HAL_PCD_EP_SetStall     0x08009637   0x9a  Code  Gb  stm32l1xx_hal_pcd.o [1]
HAL_PCD_EP_Transmit     0x0800947d  0x1ba  Code  Gb  stm32l1xx_hal_pcd.o [1]
HAL_PCD_IRQHandler      0x08008ec7  0x11c  Code  Gb  stm32l1xx_hal_pcd.o [1]
HAL_PCD_ResetCallback   0x080097d7   0x1a  Code  Gb  usbd_conf.o [1]
HAL_PCD_ResumeCallback  0x0800980f    0x8  Code  Gb  usbd_conf.o [1]
HAL_PCD_SOFCallback     0x080097cf    0x8  Code  Gb  usbd_conf.o [1]
HAL_PCD_SetAddress      0x08008fe3   0x2e  Code  Gb  stm32l1xx_hal_pcd.o [1]
HAL_PCD_SetupStageCallback
                        0x0800979d    0xc  Code  Gb  usbd_conf.o [1]
HAL_PCD_SuspendCallback
                        0x080097f1   0x1e  Code  Gb  usbd_conf.o [1]
HAL_PWREx_EnableFastWakeUp
                        0x08005687    0x8  Code  Gb  stm32l1xx_hal_pwr_ex.o [1]
HAL_PWREx_EnableUltraLowPower
                        0x0800568f    0x8  Code  Gb  stm32l1xx_hal_pwr_ex.o [1]
HAL_PWREx_GetVoltageRange
                        0x0800567d    0xa  Code  Gb  stm32l1xx_hal_pwr_ex.o [1]
HAL_PWR_DisablePVD      0x08005639    0x8  Code  Gb  stm32l1xx_hal_pwr.o [1]
HAL_PWR_EnterSTOPMode   0x08005641   0x2e  Code  Gb  stm32l1xx_hal_pwr.o [1]
HAL_RCCEx_PeriphCLKConfig
                        0x08003d71   0xfe  Code  Gb  stm32l1xx_hal_rcc_ex.o [1]
HAL_RCC_ClockConfig     0x08003ac1  0x190  Code  Gb  stm32l1xx_hal_rcc.o [1]
HAL_RCC_GetHCLKFreq     0x08003c9b    0x6  Code  Gb  stm32l1xx_hal_rcc.o [1]
HAL_RCC_GetPCLK1Freq    0x08003ca1   0x16  Code  Gb  stm32l1xx_hal_rcc.o [1]
HAL_RCC_GetPCLK2Freq    0x08003cb7   0x16  Code  Gb  stm32l1xx_hal_rcc.o [1]
HAL_RCC_GetSysClockFreq
                        0x08003c51   0x4a  Code  Gb  stm32l1xx_hal_rcc.o [1]
HAL_RCC_OscConfig       0x0800365d  0x464  Code  Gb  stm32l1xx_hal_rcc.o [1]
HAL_RTCEx_AlarmBEventCallback
                        0x08008547    0x2  Code  Wk  stm32l1xx_hal_rtc_ex.o [1]
HAL_RTCEx_DeactivateWakeUpTimer
                        0x08005927   0x72  Code  Gb  stm32l1xx_hal_rtc_ex.o [1]
HAL_RTC_AlarmIRQHandler
                        0x08005573   0x56  Code  Gb  stm32l1xx_hal_rtc.o [1]
HAL_RTC_DeactivateAlarm
                        0x080054cb   0xa8  Code  Gb  stm32l1xx_hal_rtc.o [1]
HAL_RTC_GetAlarm        0x08005877   0x7e  Code  Gb  stm32l1xx_hal_rtc_ex.o [1]
HAL_RTC_GetDate         0x08005481   0x4a  Code  Gb  stm32l1xx_hal_rtc.o [1]
HAL_RTC_GetTime         0x080056a5   0x4e  Code  Gb  stm32l1xx_hal_rtc_ex.o [1]
HAL_RTC_Init            0x08005241   0x9a  Code  Gb  stm32l1xx_hal_rtc.o [1]
HAL_RTC_SetAlarm_IT     0x080056f3  0x184  Code  Gb  stm32l1xx_hal_rtc_ex.o [1]
HAL_RTC_SetDate         0x080053b9   0xc8  Code  Gb  stm32l1xx_hal_rtc.o [1]
HAL_RTC_SetTime         0x080052db   0xde  Code  Gb  stm32l1xx_hal_rtc.o [1]
HAL_RTC_WaitForSynchro  0x080058f5   0x32  Code  Gb  stm32l1xx_hal_rtc_ex.o [1]
HAL_SPI_DeInit          0x08005fad   0x2a  Code  Gb  stm32l1xx_hal_spi.o [1]
HAL_SPI_Init            0x08005fa7    0x4  Code  Wk  stm32l1xx_hal_spi.o [1]
HAL_SYSTICK_CLKSourceConfig
                        0x08003f53   0x18  Code  Gb  stm32l1xx_hal_cortex.o [1]
HAL_SYSTICK_Config      0x08003f51    0x2  Code  Gb  stm32l1xx_hal_cortex.o [1]
HAL_SYSTICK_IRQHandler  0x08003f85    0x4  Code  Gb  stm32l1xx_hal_cortex.o [1]
HAL_UART_ErrorCallback  0x080051a5    0xa  Code  Gb  uart-board.o [1]
HAL_UART_IRQHandler     0x08008099   0xf0  Code  Gb  stm32l1xx_hal_uart.o [1]
HAL_UART_Init           0x08007f79   0x5c  Code  Gb  stm32l1xx_hal_uart.o [1]
HAL_UART_Receive_IT     0x0800802d   0x6c  Code  Gb  stm32l1xx_hal_uart.o [1]
HAL_UART_RxCpltCallback
                        0x0800516f   0x36  Code  Gb  uart-board.o [1]
HAL_UART_Transmit_IT    0x08007fd5   0x58  Code  Gb  stm32l1xx_hal_uart.o [1]
HAL_UART_TxCpltCallback
                        0x08005139   0x36  Code  Gb  uart-board.o [1]
HasLoopedThroughMain    0x20000f34    0x1  Data  Gb  timer.o [1]
InitalizeFactory        0x20000058    0x1  Data  Gb  callback_handler.o [1]
IrqNestLevel            0x20000f49    0x1  Data  Lc  board.o [1]
IsFifoEmpty             0x080029f9   0x10  Code  Gb  fifo.o [1]
IsFifoFull              0x08002a09   0x18  Code  Gb  fifo.o [1]
IsLoRaMacNetworkJoined  0x20000455    0x1  Data  Lc  LoRaMac.o [1]
IsRxWindowsEnabled      0x20000454    0x1  Data  Lc  LoRaMac.o [1]
LastTxChannel           0x2000045f    0x1  Data  Lc  LoRaMac.o [1]
LoRaMacAppEui           0x20000470    0x4  Data  Lc  LoRaMac.o [1]
LoRaMacAppKey           0x20000474    0x4  Data  Lc  LoRaMac.o [1]
LoRaMacAppSKey          0x200004c4   0x10  Data  Lc  LoRaMac.o [1]
LoRaMacBufferPktLen     0x20000468    0x2  Data  Lc  LoRaMac.o [1]
LoRaMacCallbacks        0x200004a4    0x4  Data  Lc  LoRaMac.o [1]
LoRaMacDevAddr          0x2000047c    0x4  Data  Lc  LoRaMac.o [1]
LoRaMacDevEui           0x2000046c    0x4  Data  Lc  LoRaMac.o [1]
LoRaMacDevNonce         0x20000466    0x2  Data  Lc  LoRaMac.o [1]
LoRaMacDeviceClass      0x20000451    0x1  Data  Lc  LoRaMac.o [1]
LoRaMacFlags            0x20000464    0x1  Data  Gb  LoRaMac.o [1]
LoRaMacInitializationTime
                        0x20000498    0x4  Data  Lc  LoRaMac.o [1]
LoRaMacMibSetRequestConfirm
                        0x08002581  0x310  Code  Gb  LoRaMac.o [1]
LoRaMacNetID            0x20000478    0x4  Data  Lc  LoRaMac.o [1]
LoRaMacNwkSKey          0x200004b4   0x10  Data  Lc  LoRaMac.o [1]
LoRaMacParams           0x20000d64   0x38  Data  Gb  LoRaMac.o [1]
LoRaMacParamsDefaults   0x20000d9c   0x38  Data  Gb  LoRaMac.o [1]
LoRaMacPrimitives       0x200004a0    0x4  Data  Lc  LoRaMac.o [1]
LoRaMacRegion           0x20000450    0x1  Data  Lc  LoRaMac.o [1]
LoRaMacState            0x2000049c    0x4  Data  Gb  LoRaMac.o [1]
LoadInt                 0x0800461f   0x56  Code  Lc  xprintfsmall_nomb.o [3]
LowPowerDisableDuringTask
                        0x20000deb    0x1  Data  Lc  rtc-board.o [1]
ME_LUT                  0x20000030   0x14  Data  Gb  at_parser.o [1]
MS_LUT                  0x20000018   0x18  Data  Gb  at_parser.o [1]
MacCommandsBufferIndex  0x2000045a    0x1  Data  Lc  LoRaMac.o [1]
MacCommandsBufferToRepeat
                        0x200004d4   0x80  Data  Lc  LoRaMac.o [1]
MacCommandsBufferToRepeatIndex
                        0x2000045b    0x1  Data  Lc  LoRaMac.o [1]
MacCommandsInNextTx     0x20000459    0x1  Data  Lc  LoRaMac.o [1]
MacStateCheckTimer      0x20000554   0x14  Data  Lc  LoRaMac.o [1]
MaxDCycle               0x2000045d    0x1  Data  Lc  LoRaMac.o [1]
MaxPayloadOfDatarateCN470
                        0x08007d24    0x8  Data  Lc  RegionCN470.o [1]
MaxPayloadOfDatarateRepeaterCN470
                        0x08007d2c    0x8  Data  Lc  RegionCN470.o [1]
McpsIndication          0x20000ecc   0x18  Data  Lc  LoRaMac.o [1]
McuInitialized          0x20000f48    0x1  Data  Lc  board.o [1]
McuWakeUpTime           0x20000e14    0x4  Data  Gb  rtc-board.o [1]
MemManage_Handler       0x08002aa1    0x2  Code  Gb  sysIrqHandlers.o [1]
MessageHandler          0x080007fd   0x12  Code  Gb  callback_handler.o [1]
MlmeConfirm             0x20000444    0xc  Data  Lc  LoRaMac.o [1]
MulticastChannels       0x20000480    0x4  Data  Lc  LoRaMac.o [1]
NMI_Handler             0x08002a9f    0x2  Code  Gb  sysIrqHandlers.o [1]
NVIC_EnableIRQ          0x08003ea1   0x12  Code  Lc  stm32l1xx_hal_cortex.o [1]
NVIC_EncodePriority     0x08003ed1   0x36  Code  Lc  stm32l1xx_hal_cortex.o [1]
NVIC_GetPriorityGrouping
                        0x08003e97    0xa  Code  Lc  stm32l1xx_hal_cortex.o [1]
NVIC_SetPriority        0x08003eb3   0x1e  Code  Lc  stm32l1xx_hal_cortex.o [1]
NVIC_SetPriorityGrouping
                        0x08003e7d   0x1a  Code  Lc  stm32l1xx_hal_cortex.o [1]
NVIC_SystemReset        0x08001985   0x1a  Code  Lc  board.o [1]
NWKSKey                 0x20000110   0x10  Data  Lc  callback_handler.o [1]
NodeAckRequested        0x20000457    0x1  Data  Lc  LoRaMac.o [1]
NonScheduledWakeUp      0x20000de9    0x1  Data  Gb  rtc-board.o [1]
OnCalibrateSystemWakeupTimeTimerEvent
                        0x0800199f    0x8  Code  Lc  board.o [1]
OnRxWindow2TimerEvent   0x080024ed   0x56  Code  Lc  LoRaMac.o [1]
OpenContinuousRx2Window
                        0x08002565   0x10  Code  Lc  LoRaMac.o [1]
PCD_EP_ISR_Handler      0x08008b21  0x364  Code  Lc  stm32l1xx_hal_pcd.o [1]
PCD_ReadPMA             0x08008eab   0x1c  Code  Lc  stm32l1xx_hal_pcd.o [1]
PCD_WritePMA            0x08008e85   0x26  Code  Lc  stm32l1xx_hal_pcd.o [1]
PLLMulTable             0x0800a0f0    0xc  Data  Gb  system_stm32l1xx.o [1]
PreviousCentury         0x20000df0    0x2  Data  Lc  rtc-board.o [1]
PublicNetwork           0x20000452    0x1  Data  Lc  LoRaMac.o [1]
RCC_SetFlashLatencyFromMSIRange
                        0x08003ccd   0x72  Code  Lc  stm32l1xx_hal_rcc.o [1]
RTC_Alarm_IRQHandler    0x08003069   0x2e  Code  Gb  rtc-board.o [1]
RTC_Bcd2ToByte          0x08005625   0x14  Code  Gb  stm32l1xx_hal_rtc.o [1]
RTC_ByteToBcd2          0x0800560f   0x16  Code  Gb  stm32l1xx_hal_rtc.o [1]
RTC_EnterInitMode       0x080055d9   0x36  Code  Gb  stm32l1xx_hal_rtc.o [1]
Radio                   0x0800a03c   0x6c  Data  Gb  sx1276-board.o [1]
RadioEvents             0x20000f40    0x4  Data  Lc  sx1276.o [1]
RadioIsActive           0x20000f4c    0x1  Data  Lc  sx1276-board.o [1]
RadioRegsInit           0x08007730   0x30  Data  Gb  sx1276.o [1]
RcvBuff                 0x20000894  0x100  Data  Gb  board.o [1]
Region$$Table$$Base     0x0800a1d4          --   Gb  - Linker created -
Region$$Table$$Limit    0x0800a1f4          --   Gb  - Linker created -
RegionCN470ChanMaskSet  0x08007bb1   0x30  Code  Gb  RegionCN470.o [1]
RegionCN470ComputeRxWindowParameters
                        0x08007be1   0x60  Code  Gb  RegionCN470.o [1]
RegionCN470RxConfig     0x08007c41   0xa8  Code  Gb  RegionCN470.o [1]
RegionCN470Verify       0x08007b59   0x58  Code  Gb  RegionCN470.o [1]
RegionChanMaskSet       0x080048e3    0xe  Code  Gb  Region.o [1]
RegionCommonChanMaskCopy
                        0x080089d3   0x24  Code  Gb  RegionCommon.o [1]
RegionCommonComputeRxWindowParameters
                        0x08008a27   0xbe  Code  Gb  RegionCommon.o [1]
RegionCommonComputeSymbolTimeLoRa
                        0x080089f7   0x30  Code  Gb  RegionCommon.o [1]
RegionCommonValueInRange
                        0x080089c1   0x12  Code  Gb  RegionCommon.o [1]
RegionComputeRxWindowParameters
                        0x080048f1   0x1c  Code  Gb  Region.o [1]
RegionRxConfig          0x0800490d   0x12  Code  Gb  Region.o [1]
RegionVerify            0x080048d1   0x12  Code  Gb  Region.o [1]
RepeaterSupport         0x20000453    0x1  Data  Lc  LoRaMac.o [1]
RtcCalendarContext      0x20000dd4   0x14  Data  Gb  rtc-board.o [1]
RtcCheckCalendarRollOver
                        0x08003003   0x28  Code  Lc  rtc-board.o [1]
RtcComputeElapsedTime   0x08002b8b   0x22  Code  Gb  rtc-board.o [1]
RtcComputeTimerTimeToAlarmTick
                        0x08002d2f  0x1c0  Code  Lc  rtc-board.o [1]
RtcComputeWakeUpTime    0x08002c37   0x74  Code  Lc  rtc-board.o [1]
RtcConvertCalendarTickToTimerTime
                        0x08002eef  0x114  Code  Lc  rtc-board.o [1]
RtcEnterLowPowerStopMode
                        0x08002bc1   0x3e  Code  Gb  rtc-board.o [1]
RtcGetAdjustedTimeoutValue
                        0x08002b31   0x32  Code  Gb  rtc-board.o [1]
RtcGetCalendar          0x0800302b   0x3e  Code  Lc  rtc-board.o [1]
RtcGetElapsedAlarmTime  0x08002b67   0x24  Code  Gb  rtc-board.o [1]
RtcGetTimerValue        0x08002b63    0x4  Code  Gb  rtc-board.o [1]
RtcHandle               0x20000df4   0x20  Data  Gb  rtc-board.o [1]
RtcInit                 0x08002aa9   0x86  Code  Gb  rtc-board.o [1]
RtcInitialized          0x20000dec    0x1  Data  Lc  rtc-board.o [1]
RtcRecoverMcuStatus     0x08002bff   0x38  Code  Gb  rtc-board.o [1]
RtcSetTimeout           0x08002b2f    0x2  Code  Gb  rtc-board.o [1]
RtcStartWakeUpAlarm     0x08002cab   0x84  Code  Lc  rtc-board.o [1]
RtcTimerEventAllowsLowPower
                        0x20000dea    0x1  Data  Lc  rtc-board.o [1]
RxChainCalibration      0x0800612d   0x96  Code  Lc  sx1276.o [1]
RxData                  0x20000f4d    0x1  Data  Gb  uart-board.o [1]
RxSlot                  0x20000463    0x1  Data  Lc  LoRaMac.o [1]
RxTimeoutSyncWord       0x200007f8   0x14  Data  Gb  sx1276.o [1]
RxTimeoutTimer          0x200007e4   0x14  Data  Gb  sx1276.o [1]
RxTxBuffer              0x200006b8  0x100  Data  Lc  sx1276.o [1]
RxWindow1Delay          0x200004a8    0x4  Data  Lc  LoRaMac.o [1]
RxWindow2Config         0x20000f14   0x14  Data  Lc  LoRaMac.o [1]
RxWindow2Delay          0x200004ac    0x4  Data  Lc  LoRaMac.o [1]
RxWindowSetup           0x08002543   0x16  Code  Lc  LoRaMac.o [1]
RxWindowTimer1          0x2000057c   0x14  Data  Lc  LoRaMac.o [1]
RxWindowTimer2          0x20000590   0x14  Data  Lc  LoRaMac.o [1]
SET_AT_BUSY             0x080023fb    0x8  Code  Gb  command_parse.o [1]
SET_AT_IDLE             0x08002403    0x8  Code  Gb  command_parse.o [1]
SX1276                  0x200005cc   0xec  Data  Gb  sx1276.o [1]
SX1276AntSwDeInit       0x080035cd   0x2c  Code  Gb  sx1276-board.o [1]
SX1276AntSwInit         0x0800359f   0x2e  Code  Gb  sx1276-board.o [1]
SX1276CheckRfFrequency  0x08003641    0x4  Code  Gb  sx1276-board.o [1]
SX1276GetBoardTcxoWakeupTime
                        0x0800346b    0x4  Code  Gb  sx1276-board.o [1]
SX1276GetPaSelect       0x08003565    0xe  Code  Gb  sx1276-board.o [1]
SX1276GetStatus         0x08006051    0xa  Code  Gb  sx1276.o [1]
SX1276GetTimeOnAir      0x0800680f  0x21e  Code  Gb  sx1276.o [1]
SX1276GetWakeupTime     0x08007173    0xa  Code  Gb  sx1276.o [1]
SX1276Init              0x08005fdd   0x74  Code  Gb  sx1276.o [1]
SX1276IoDeInit          0x08003439   0x30  Code  Gb  sx1276-board.o [1]
SX1276IoInit            0x080033fd   0x30  Code  Gb  sx1276-board.o [1]
SX1276IoIrqInit         0x0800342d    0xc  Code  Gb  sx1276-board.o [1]
SX1276IsChannelFree     0x0800609f   0x50  Code  Gb  sx1276.o [1]
SX1276OnDio0Irq         0x08007261  0x264  Code  Gb  sx1276.o [1]
SX1276OnDio1Irq         0x080074c5   0xd8  Code  Gb  sx1276.o [1]
SX1276OnDio2Irq         0x080075ad   0xf6  Code  Gb  sx1276.o [1]
SX1276OnDio3Irq         0x080076a3   0x54  Code  Gb  sx1276.o [1]
SX1276OnDio4Irq         0x08007701   0x1a  Code  Gb  sx1276.o [1]
SX1276OnTimeoutIrq      0x0800717d   0xd6  Code  Gb  sx1276.o [1]
SX1276Random            0x080060ef   0x3e  Code  Gb  sx1276.o [1]
SX1276Read              0x08007055   0x10  Code  Gb  sx1276.o [1]
SX1276ReadBuffer        0x080070b3   0x50  Code  Gb  sx1276.o [1]
SX1276ReadFifo          0x0800710b    0x8  Code  Gb  sx1276.o [1]
SX1276ReadRssi          0x08006f3d   0x44  Code  Gb  sx1276.o [1]
SX1276Reset             0x0800346f   0x40  Code  Gb  sx1276-board.o [1]
SX1276Send              0x08006a2d   0xfe  Code  Gb  sx1276.o [1]
SX1276SetAntSw          0x080035f9   0x34  Code  Gb  sx1276-board.o [1]
SX1276SetAntSwLowPower  0x08003573   0x2c  Code  Gb  sx1276-board.o [1]
SX1276SetBoardTcxo      0x08003469    0x2  Code  Lc  sx1276-board.o [1]
SX1276SetChannel        0x0800605b   0x44  Code  Gb  sx1276.o [1]
SX1276SetMaxPayloadLength
                        0x08007113   0x36  Code  Gb  sx1276.o [1]
SX1276SetModem          0x08006fb5   0x84  Code  Gb  sx1276.o [1]
SX1276SetOpMode         0x08006f85   0x30  Code  Gb  sx1276.o [1]
SX1276SetPublicNetwork  0x08007149   0x2a  Code  Gb  sx1276.o [1]
SX1276SetRfTxPower      0x080034af   0xb6  Code  Gb  sx1276-board.o [1]
SX1276SetRx             0x08006b7d  0x248  Code  Gb  sx1276.o [1]
SX1276SetRxConfig       0x08006299  0x31e  Code  Gb  sx1276.o [1]
SX1276SetSleep          0x08006b2b   0x22  Code  Gb  sx1276.o [1]
SX1276SetStby           0x08006b4d   0x22  Code  Gb  sx1276.o [1]
SX1276SetTx             0x08006dcd   0xb4  Code  Gb  sx1276.o [1]
SX1276SetTxConfig       0x080065b7  0x258  Code  Gb  sx1276.o [1]
SX1276SetTxContinuousWave
                        0x08006eb5   0x82  Code  Gb  sx1276.o [1]
SX1276StartCad          0x08006e81   0x34  Code  Gb  sx1276.o [1]
SX1276Write             0x08007049    0xc  Code  Gb  sx1276.o [1]
SX1276WriteBuffer       0x08007065   0x4e  Code  Gb  sx1276.o [1]
SX1276WriteFifo         0x08007103    0x8  Code  Gb  sx1276.o [1]
SndBuff                 0x20000994  0x100  Data  Gb  board.o [1]
SpiDeInit               0x08003277   0x6c  Code  Gb  spi-board.o [1]
SpiFormat               0x080032e3   0x78  Code  Gb  spi-board.o [1]
SpiFrequency            0x0800335b   0x42  Code  Gb  spi-board.o [1]
SpiHandle               0x20000cb4   0xb0  Data  Lc  spi-board.o [1]
SpiInOut                0x0800339d   0x46  Code  Gb  spi-board.o [1]
SpiInit                 0x08003101  0x176  Code  Gb  spi-board.o [1]
SrvAckRequested         0x20000458    0x1  Data  Lc  LoRaMac.o [1]
SysTick_Config          0x08003f07   0x28  Code  Lc  stm32l1xx_hal_cortex.o [1]
SysTick_Handler         0x08001cbd    0xe  Code  Gb  board.o [1]
SystemClockConfig       0x08001b5d   0x9c  Code  Lc  board.o [1]
SystemClockReConfig     0x08001c29   0x5c  Code  Lc  board.o [1]
SystemCoreClock         0x2000080c    0x4  Data  Gb  system_stm32l1xx.o [1]
SystemInit              0x0800a0a9   0x38  Code  Gb  system_stm32l1xx.o [1]
SystemWakeupTimeCalibrated
                        0x20000eb4    0x1  Data  Lc  board.o [1]
TimeoutValueError       0x20000e18    0x4  Data  Lc  rtc-board.o [1]
TimerExists             0x0800416b   0x18  Code  Lc  timer.o [1]
TimerGetCurrentTime     0x08004197    0x4  Code  Gb  timer.o [1]
TimerGetElapsedTime     0x0800419b    0x4  Code  Gb  timer.o [1]
TimerGetValue           0x08004193    0x4  Code  Gb  timer.o [1]
TimerInit               0x08003f8d   0x10  Code  Gb  timer.o [1]
TimerInsertNewHeadTimer
                        0x0800405d   0x20  Code  Lc  timer.o [1]
TimerInsertTimer        0x08004003   0x5a  Code  Lc  timer.o [1]
TimerIrqHandler         0x0800407d   0x56  Code  Gb  timer.o [1]
TimerListHead           0x20000f38    0x4  Data  Lc  timer.o [1]
TimerLowPowerHandler    0x080041b9   0x36  Code  Gb  timer.o [1]
TimerSetTimeout         0x0800419f   0x1a  Code  Lc  timer.o [1]
TimerSetValue           0x08004183   0x10  Code  Gb  timer.o [1]
TimerStart              0x08003f9d   0x66  Code  Gb  timer.o [1]
TimerStop               0x080040d3   0x98  Code  Gb  timer.o [1]
TxData                  0x20000f4e    0x1  Data  Gb  uart-board.o [1]
TxDelayedTimer          0x20000568   0x14  Data  Lc  LoRaMac.o [1]
TxTimeOnAir             0x200004b0    0x4  Data  Gb  LoRaMac.o [1]
TxTimeoutTimer          0x200007d0   0x14  Data  Gb  sx1276.o [1]
UART_EndTransmit_IT     0x080081ef   0x2a  Code  Lc  stm32l1xx_hal_uart.o [1]
UART_Receive_IT         0x08008219   0xac  Code  Lc  stm32l1xx_hal_uart.o [1]
UART_SetConfig          0x080082c5  0x274  Code  Lc  stm32l1xx_hal_uart.o [1]
UART_Transmit_IT        0x08008189   0x66  Code  Lc  stm32l1xx_hal_uart.o [1]
USART1_IRQHandler       0x080051af   0x4e  Code  Gb  uart-board.o [1]
USBD_ClrClassConfig     0x080098b7    0xe  Code  Gb  usbd_core.o [1]
USBD_ClrFeature         0x08009ead   0x36  Code  Lc  usbd_ctlreq.o [1]
USBD_CtlContinueRx      0x08009f4b   0x10  Code  Gb  usbd_ioreq.o [1]
USBD_CtlContinueSendData
                        0x08009f3b   0x10  Code  Gb  usbd_ioreq.o [1]
USBD_CtlError           0x08009f0b   0x16  Code  Gb  usbd_ctlreq.o [1]
USBD_CtlReceiveStatus   0x08009f71   0x16  Code  Gb  usbd_ioreq.o [1]
USBD_CtlSendData        0x08009f21   0x1a  Code  Gb  usbd_ioreq.o [1]
USBD_CtlSendStatus      0x08009f5b   0x16  Code  Gb  usbd_ioreq.o [1]
USBD_GetConfig          0x08009e35   0x2c  Code  Lc  usbd_ctlreq.o [1]
USBD_GetDescriptor      0x08009c45  0x112  Code  Lc  usbd_ctlreq.o [1]
USBD_GetStatus          0x08009e61   0x26  Code  Lc  usbd_ctlreq.o [1]
USBD_LL_ClearStallEP    0x08009839    0xe  Code  Gb  usbd_conf.o [1]
USBD_LL_DataInStage     0x08009983   0xac  Code  Gb  usbd_core.o [1]
USBD_LL_DataOutStage    0x0800991b   0x68  Code  Gb  usbd_core.o [1]
USBD_LL_IsStallEP       0x08009847   0x24  Code  Gb  usbd_conf.o [1]
USBD_LL_OpenEP          0x08009817   0x14  Code  Gb  usbd_conf.o [1]
USBD_LL_PrepareReceive  0x08009887    0xe  Code  Gb  usbd_conf.o [1]
USBD_LL_Reset           0x08009a2f   0x42  Code  Gb  usbd_core.o [1]
USBD_LL_Resume          0x08009a87    0xc  Code  Gb  usbd_core.o [1]
USBD_LL_SOF             0x08009a93   0x1a  Code  Gb  usbd_core.o [1]
USBD_LL_SetSpeed        0x08009a71    0x6  Code  Gb  usbd_core.o [1]
USBD_LL_SetUSBAddress   0x0800986b    0xe  Code  Gb  usbd_conf.o [1]
USBD_LL_SetupStage      0x080098c5   0x56  Code  Gb  usbd_core.o [1]
USBD_LL_StallEP         0x0800982b    0xe  Code  Gb  usbd_conf.o [1]
USBD_LL_Suspend         0x08009a77   0x10  Code  Gb  usbd_core.o [1]
USBD_LL_Transmit        0x08009879    0xe  Code  Gb  usbd_conf.o [1]
USBD_ParseSetupRequest  0x08009ee3   0x28  Code  Gb  usbd_ctlreq.o [1]
USBD_RunTestMode        0x08009899    0x4  Code  Gb  usbd_core.o [1]
USBD_SetAddress         0x08009d57   0x48  Code  Lc  usbd_ctlreq.o [1]
USBD_SetClassConfig     0x0800989d   0x1a  Code  Gb  usbd_core.o [1]
USBD_SetConfig          0x08009d9f   0x92  Code  Lc  usbd_ctlreq.o [1]
USBD_SetConfig::cfgidx  0x20000f4f    0x1  Data  Lc  usbd_ctlreq.o [1]
USBD_SetFeature         0x08009e87   0x26  Code  Lc  usbd_ctlreq.o [1]
USBD_StdDevReq          0x08009aad   0x48  Code  Gb  usbd_ctlreq.o [1]
USBD_StdEPReq           0x08009b2b  0x118  Code  Gb  usbd_ctlreq.o [1]
USBD_StdItfReq          0x08009af5   0x36  Code  Gb  usbd_ctlreq.o [1]
USB_LP_IRQHandler       0x0800a239    0x6  Code  Gb  uart-usb-board.o [1]
Uart1                   0x2000085c   0x38  Data  Gb  board.o [1]
UartConfig              0x08002a39   0x14  Code  Gb  uart.o [1]
UartGetChar             0x08002a51    0x4  Code  Gb  uart.o [1]
UartGetFrame            0x08002a59    0x4  Code  Gb  uart.o [1]
UartHandle              0x20000e5c   0x40  Data  Lc  uart-board.o [1]
UartInit                0x08002a21   0x18  Code  Gb  uart.o [1]
UartMcuConfig           0x08004f49   0xd4  Code  Gb  uart-board.o [1]
UartMcuGetChar          0x08005067   0x3a  Code  Gb  uart-board.o [1]
UartMcuGetFrame         0x080050f9   0x40  Code  Gb  uart-board.o [1]
UartMcuInit             0x08004ee9   0x60  Code  Gb  uart-board.o [1]
UartMcuPutBuffer        0x080050a1   0x58  Code  Gb  uart-board.o [1]
UartMcuPutChar          0x0800501d   0x4a  Code  Gb  uart-board.o [1]
UartPutBuffer           0x08002a55    0x4  Code  Gb  uart.o [1]
UartPutChar             0x08002a4d    0x4  Code  Gb  uart.o [1]
UartRcvChar             0x20000e9d    0x1  Data  Gb  board.o [1]
UartRcvFrame            0x20000e9c    0x1  Data  Gb  board.o [1]
UartRcvFrameTimer       0x20000ea0   0x14  Data  Lc  board.o [1]
UpLinkCounter           0x20000484    0x4  Data  Lc  LoRaMac.o [1]
UsageFault_Handler      0x08002aa5    0x2  Code  Gb  sysIrqHandlers.o [1]
VariablesInit           0x080000f5   0xd4  Code  Gb  callback_handler.o [1]
Version                 0x20000120    0x4  Data  Lc  callback_handler.o [1]
WakeUpTimeInitialized   0x20000ded    0x1  Data  Lc  rtc-board.o [1]
_GetN                   0x08004935   0x22  Code  Lc  xscanfsmall_nomb.o [3]
_GetintSmallNoMb        0x08004c6f  0x1fe  Code  Lc  xscanfsmall_nomb.o [3]
_GetstrSmallNoMb        0x08004b83   0xec  Code  Lc  xscanfsmall_nomb.o [3]
_LitobSmallNoMb         0x080047b1   0xce  Code  Lc  xprintfsmall_nomb.o [3]
_LocaleC_isspace        0x08007d41   0x14  Code  Gb  xlocale_c.o [3]
_LocaleC_isupper        0x08007d35    0x2  Code  Gb  xlocale_c.o [3]
_LocaleC_tolower        0x08007d55    0xc  Code  Gb  xlocale_c.o [3]
_PrintfSmallNoMb        0x08004411  0x204  Code  Gb  xprintfsmall_nomb.o [3]
_PutcharsSmallNoMb      0x0800487f   0x2e  Code  Lc  xprintfsmall_nomb.o [3]
_PutfldSmallNoMb        0x08004675  0x13c  Code  Lc  xprintfsmall_nomb.o [3]
_SNProut                0x08001ee7   0x1a  Code  Gb  xsnprout.o [3]
_SScin                  0x08001ec3   0x1e  Code  Gb  xsscin.o [3]
_ScanfSmallNoMb         0x08004971  0x206  Code  Gb  xscanfsmall_nomb.o [3]
_UngetN                 0x08004957   0x1a  Code  Lc  xscanfsmall_nomb.o [3]
__aeabi_cdrcmple        0x08005f79         Code  Gb  DblCmpGe.o [4]
__aeabi_d2iz            0x08005f3d         Code  Gb  DblToS32.o [4]
__aeabi_d2uiz           0x08005bb9         Code  Gb  DblToU32.o [4]
__aeabi_dadd            0x08005dc5         Code  Gb  DblAdd.o [4]
__aeabi_ddiv            0x08008551         Code  Gb  DblDiv.o [4]
__aeabi_dmul            0x080059bd         Code  Gb  DblMul.o [4]
__aeabi_dsub            0x08005ce1         Code  Gb  DblSub.o [4]
__aeabi_i2d             0x08005cbd         Code  Gb  S32ToDbl.o [4]
__aeabi_memclr4         0x08001ee1         Code  Gb  ABImemclr4.o [5]
__aeabi_memcpy4         0x08005be1         Code  Gb  ABImemcpy.o [5]
__aeabi_memcpy8         0x08005be1         Code  Gb  ABImemcpy.o [5]
__aeabi_memset          0x08004321         Code  Gb  ABImemset.o [5]
__aeabi_memset4         0x08002969         Code  Gb  ABImemset48.o [5]
__aeabi_memset8         0x08002969         Code  Gb  ABImemset48.o [5]
__aeabi_ui2d            0x080059a1         Code  Gb  U32ToDbl.o [4]
__cmain                 0x0800a1f5         Code  Gb  cmain.o [5]
__exit                  0x08008b0d   0x14  Code  Gb  exit.o [6]
__iar_Fail_s            0x08007a99   0x1e  Code  Gb  xfail_s.o [3]
__iar_Memchr            0x08007add         Code  Gb  memchr.o [5]
__iar_Memset            0x08004321         Code  Gb  ABImemset.o [5]
__iar_Memset4_word      0x08002971         Code  Gb  ABImemset48.o [5]
__iar_Memset8_word      0x08002971         Code  Gb  ABImemset48.o [5]
__iar_Memset_word       0x08004329         Code  Gb  ABImemset.o [5]
__iar_Stolx             0x08007d7d   0x82  Code  Gb  iar_Stolx.o [3]
__iar_Stoulx            0x08007e05  0x116  Code  Gb  iar_Stoulx.o [3]
__iar_Strchr            0x080043f9         Code  Gb  strchr.o [5]
__iar_ceil64            0x08005b61         Code  Gb  ceil.o [4]
__iar_dadd              0x08005cf1         Code  Gb  DblSub.o [4]
__iar_data_init3        0x0800a1ad   0x28  Code  Gb  data_init.o [5]
__iar_dsub              0x08005dd5         Code  Gb  DblAdd.o [4]
__iar_dsubStart         0x08005de7         Code  Gb  DblAdd.o [4]
__iar_floor64           0x08008799         Code  Gb  floor.o [4]
__iar_globLocale        0x20000814   0x48  Data  Lc  xlocale_c.o [3]
__iar_global_Locale     0x08007d61    0x4  Code  Gb  xlocale_c.o [3]
__iar_lz77_init_single3
                        0x08001ccf   0x7a  Code  Gb  lz77_init_single.o [5]
__iar_program_start     0x0800a245         Code  Gb  cstartup_M.o [5]
__iar_round64           0x08005c69         Code  Gb  round.o [4]
__iar_systems$$module {Abs}
                        0x00000001         Data  Gb  command line/config [2]
__iar_zero_init3        0x0800a16d   0x40  Code  Gb  zero_init3.o [5]
__low_level_init        0x0800a213    0x4  Code  Gb  low_level_init.o [3]
__vector_table          0x08000000         Data  Gb  startup_stm32l1xx_md.o [1]
_call_main              0x0800a201         Code  Gb  cmain.o [5]
_exit                   0x0800a21d         Code  Gb  cexit.o [5]
_main                   0x0800a20f         Code  Gb  cmain.o [5]
abort                   0x080089b9    0x6  Code  Gb  abort.o [3]
adjustDataRateHandler   0x080008af  0x106  Code  Gb  callback_handler.o [1]
atHandler               0x080001ed   0x12  Code  Gb  callback_handler.o [1]
buffer                  0x20000344  0x100  Data  Gb  command_parse.o [1]
ceil                    0x08005b61         Code  Gb  ceil.o [4]
ceill                   0x08005b61         Code  Gb  ceil.o [4]
channelHandler          0x08000865   0x12  Code  Gb  callback_handler.o [1]
classHandler            0x0800171d   0x14  Code  Gb  callback_handler.o [1]
cmdFuncTable            0x20000124   0xb8  Data  Lc  command_parse.o [1]
commandParse            0x08002429   0x74  Code  Gb  command_parse.o [1]
confirmMessageHandler   0x0800082d   0x14  Code  Gb  callback_handler.o [1]
confirmMsgHexHandler    0x08000849   0x14  Code  Gb  callback_handler.o [1]
count                   0x20000014    0x1  Data  Lc  at_parser.o [1]
dataRateHandler         0x08000877   0x12  Code  Gb  callback_handler.o [1]
defaultHandler          0x080001c9   0x24  Code  Gb  callback_handler.o [1]
delayHandler            0x08001745   0x14  Code  Gb  callback_handler.o [1]
digits                  0x08007f28   0x28  Data  Lc  iar_Stoulx.o [3]
eepromReadBuffer        0x08001d95   0x40  Code  Gb  eeprom_internal.o [1]
eepromReadFactoryDefaultBuffer
                        0x08001e25   0x40  Code  Gb  eeprom_internal.o [1]
eepromWriteBuffer       0x08001d49   0x4c  Code  Gb  eeprom_internal.o [1]
eepromWriteFactoryDefault
                        0x08001dd5   0x4c  Code  Gb  eeprom_internal.o [1]
exit                    0x0800a217    0x4  Code  Gb  exit.o [3]
factoryDefaultHandler   0x080006bb   0x4c  Code  Gb  callback_handler.o [1]
factoryDefaultSetting   0x08000621   0x9a  Code  Lc  callback_handler.o [1]
findHandler             0x08001f2f   0x40  Code  Lc  at_parser.o [1]
flags                   0x20000000    0x1  Data  Lc  at_parser.o [1]
floor                   0x08008799         Code  Gb  floor.o [4]
floorl                  0x08008799         Code  Gb  floor.o [4]
fpHandler               0x20000010    0x4  Data  Lc  at_parser.o [1]
getNbParams             0x08001f01   0x1a  Code  Lc  at_parser.o [1]
handlerIdx              0x20000002    0x2  Data  Lc  at_parser.o [1]
handlerSize             0x20000004    0x2  Data  Lc  at_parser.o [1]
handlerStorage          0x20000008    0x4  Data  Lc  at_parser.o [1]
helpHandler             0x080001ff   0xcc  Code  Gb  callback_handler.o [1]
hpcd_USB_FS             0x20000a94  0x220  Data  Gb  usbd_conf.o [1]
idHandler               0x08000ba1  0x44a  Code  Gb  callback_handler.o [1]
isspace                 0x08007d69   0x14  Code  Gb  isspace.o [3]
joinHandler             0x08001731   0x14  Code  Gb  callback_handler.o [1]
keyHandler              0x080010fd  0x620  Code  Gb  callback_handler.o [1]
lowPowerHandler         0x08000741   0x14  Code  Gb  callback_handler.o [1]
main                    0x0800a10d   0x54  Code  Gb  main.o [1]
makeHash                0x08001f1b   0x14  Code  Lc  at_parser.o [1]
memchr                  0x08007add         Code  Gb  memchr.o [5]
memcpy1                 0x08001ead   0x16  Code  Gb  utilities.o [1]
messageHexHandler       0x0800080f   0x14  Code  Gb  callback_handler.o [1]
mibReq                  0x20000f28    0xc  Data  Gb  callback_handler.o [1]
ndigs                   0x08007f50   0x28  Data  Lc  iar_Stoulx.o [3]
next                    0x20000810    0x4  Data  Lc  utilities.o [1]
pFlash                  0x20000ee4   0x18  Data  Gb  stm32l1xx_hal_flash.o [1]
paramSize               0x20000006    0x2  Data  Lc  at_parser.o [1]
paramStorage            0x2000000c    0x4  Data  Lc  at_parser.o [1]
parseInput              0x08001fef  0x11e  Code  Lc  at_parser.o [1]
portHandler             0x08000a3d   0xfc  Code  Gb  callback_handler.o [1]
rand1                   0x08001e65   0x1e  Code  Gb  utilities.o [1]
randr                   0x08001e91   0x1c  Code  Gb  utilities.o [1]
repetitionHandler       0x080009bd   0x14  Code  Gb  callback_handler.o [1]
resetHandler            0x08000721   0x18  Code  Gb  callback_handler.o [1]
round                   0x08005c69         Code  Gb  round.o [4]
roundl                  0x08005c69         Code  Gb  round.o [4]
rxWindow1Handler        0x08000a15   0x14  Code  Gb  callback_handler.o [1]
rxWindow2Handler        0x080009f9   0x14  Code  Gb  callback_handler.o [1]
searchLut               0x08001f6f   0x80  Code  Lc  at_parser.o [1]
sec_hand                0x20000f44    0x4  Data  Lc  xfail_s.o [3]
snprintf                0x080024a9   0x44  Code  Gb  snprintf.o [3]
srand1                  0x08001e83    0x6  Code  Gb  utilities.o [1]
sscanf                  0x08002941   0x28  Code  Gb  sscanf.o [3]
storage                 0x200001dc  0x168  Data  Gb  command_parse.o [1]
storageBuff             0x20000060   0x90  Data  Gb  callback_handler.o [1]
strchr                  0x080043f9         Code  Gb  strchr.o [5]
strlen                  0x080028cd         Code  Gb  strlen.o [5]
strncasecmp             0x08002903   0x3e  Code  Gb  strncasecmp.o [3]
strncat                 0x080028a5   0x28  Code  Gb  strncat.o [3]
strncpy                 0x08004389         Code  Gb  strncpy.o [5]
strtol                  0x08007dff    0x4  Code  Gb  iar_Stolx.o [3]
strtoul                 0x08007f21    0x2  Code  Gb  iar_Stoulx.o [3]
tolower                 0x0800491f   0x14  Code  Gb  tolower.o [3]
toupper                 0x080023e7    0xe  Code  Gb  command_parse.o [1]
txPowerHandler          0x080009d9   0x14  Code  Gb  callback_handler.o [1]
uwTick                  0x20000f3c    0x4  Data  Gb  stm32l1xx_hal.o [1]
versionHandler          0x08000761   0x78  Code  Gb  callback_handler.o [1]


[1] = G:\liuyuandong\Project\2019\Work\AT_Module\LoRaMac_AT-Module\Debug\Obj
[2] = command line
[3] = dl7M_tlf.a
[4] = m7M_tl.a
[5] = rt7M_tl.a
[6] = shb_l.a

  41 382 bytes of readonly  code memory
     774 bytes of readonly  data memory
   5 968 bytes of readwrite data memory

Errors: none
Warnings: none
